******************************************************************************
            TI ARM Clang Linker PC v3.2.2                      
******************************************************************************
>> Linked Sat Oct 19 13:51:22 2024

OUTPUT FILE NAME:   <mcan_message_rx_LP_MSPM0G3507_nortos_ticlang.out>
ENTRY POINT SYMBOL: "_c_int00_noargs"  address: 00004279


MEMORY CONFIGURATION

         name            origin    length      used     unused   attr    fill
----------------------  --------  ---------  --------  --------  ----  --------
  FLASH                 00000000   00020000  00004990  0001b670  R  X
  SRAM                  20200000   00008000  00000da6  0000725a  RW X
  BCR_CONFIG            41c00000   00000080  00000000  00000080  R   
  BSL_CONFIG            41c00100   00000080  00000000  00000080  R   


SEGMENT ALLOCATION MAP

run origin  load origin   length   init length attrs members
----------  ----------- ---------- ----------- ----- -------
00000000    00000000    00004668   00004668    r-x
  00000000    00000000    000000c0   000000c0    r-- .intvecs
  000000c0    000000c0    000045a8   000045a8    r-x .text
00004670    00004670    00000328   00000328    r--
  00004670    00004670    000002a0   000002a0    r-- .rodata
  00004910    00004910    00000088   00000088    r-- .cinit
20200000    20200000    00000ba9   00000000    rw-
  20200000    20200000    00000800   00000000    rw- .sysmem
  20200800    20200800    000001d5   00000000    rw- .bss
  202009d8    202009d8    000001d1   00000000    rw- .data
20207e00    20207e00    00000200   00000000    rw-
  20207e00    20207e00    00000200   00000000    rw- .stack


SECTION ALLOCATION MAP

 output                                  attributes/
section   page    origin      length       input sections
--------  ----  ----------  ----------   ----------------
.intvecs   0    00000000    000000c0     
                  00000000    000000c0     startup_mspm0g350x_ticlang.o (.intvecs)

.text      0    000000c0    000045a8     
                  000000c0    00000a00     libc.a : _printfi.c.obj (.text:__TI_printfi)
                  00000ac0    00000300     mcan_message_rx.o (.text.LCD_init)
                  00000dc0    000002a8     driverlib.a : dl_mcan.o (.text.DL_MCAN_msgRAMConfig)
                  00001068    000002a4     mcan_message_rx.o (.text.main)
                  0000130c    00000220     libc.a : _printfi.c.obj (.text._pconv_a)
                  0000152c    000001dc            : _printfi.c.obj (.text._pconv_g)
                  00001708    00000192     libclang_rt.builtins.a : adddf3.S.obj (.text.adddf3_subdf3)
                  0000189a    00000002     startup_mspm0g350x_ticlang.o (.text.Default_Handler)
                  0000189c    00000184     driverlib.a : dl_mcan.o (.text.DL_MCAN_init)
                  00001a20    0000017e                 : dl_mcan.o (.text.DL_MCAN_readMsg)
                  00001b9e    00000002     libclang_rt.builtins.a : aeabi_div0.c.obj (.text.__aeabi_idiv0)
                  00001ba0    00000144     driverlib.a : dl_mcan.o (.text.DL_MCAN_setBitTime)
                  00001ce4    0000013c     libc.a : _printfi.c.obj (.text.fcvt)
                  00001e20    00000130     driverlib.a : dl_mcan.o (.text.DL_MCAN_readMsgRam)
                  00001f50    0000012c                 : dl_mcan.o (.text.DL_MCAN_config)
                  0000207c    0000012c     libc.a : memory.c.obj (.text.aligned_alloc)
                  000021a8    00000120            : _printfi.c.obj (.text._pconv_e)
                  000022c8    0000011c     mcan_message_rx.o (.text.LCD_sendByte)
                  000023e4    0000011c     ti_msp_dl_config.o (.text.SYSCFG_DL_MCAN0_init)
                  00002500    0000010c     libclang_rt.builtins.a : divdf3.S.obj (.text.__divdf3)
                  0000260c    00000104     libc.a : fputs.c.obj (.text.fputs)
                  00002710    000000ec            : memory.c.obj (.text.free)
                  000027fc    000000e4     libclang_rt.builtins.a : muldf3.S.obj (.text.__muldf3)
                  000028e0    000000dc     libc.a : setvbuf.c.obj (.text.setvbuf)
                  000029bc    000000d8            : s_scalbn.c.obj (.text.scalbn)
                  00002a94    000000c4     driverlib.a : dl_mcan.o (.text.DL_MCAN_getRxFIFOStatus)
                  00002b58    000000b8                 : dl_mcan.o (.text.DL_MCAN_writeRxFIFOAck)
                  00002c10    000000ae     mcan_message_rx.o (.text.LCD_clear)
                  00002cbe    00000002     libclang_rt.builtins.a : aeabi_div0.c.obj (.text.__aeabi_ldiv0)
                  00002cc0    000000a2                            : udivmoddi4.S.obj (.text)
                  00002d62    00000002     libc.a : _lock.c.obj (.text._nop)
                  00002d64    0000009c            : fputc.c.obj (.text.fputc)
                  00002e00    0000009a            : memcpy16.S.obj (.text:memcpy)
                  00002e9a    00000002     --HOLE-- [fill = 0]
                  00002e9c    00000094     driverlib.a : dl_mcan.o (.text.DL_MCAN_getRevisionId)
                  00002f30    0000007c     libc.a : fclose.c.obj (.text.__TI_closefile)
                  00002fac    00000078            : copy_decompress_lzss.c.obj (.text:decompress:lzss)
                  00003024    00000074     driverlib.a : dl_mcan.o (.text.DL_MCAN_addStdMsgIDFilter)
                  00003098    00000070     libclang_rt.builtins.a : comparedf2.c.obj (.text.__gedf2)
                  00003108    0000006c     libsysbm.a : hostlseek.c.obj (.text.HOSTlseek)
                  00003174    0000006c                : hostrename.c.obj (.text.HOSTrename)
                  000031e0    0000006c     libclang_rt.builtins.a : comparedf2.c.obj (.text.__ledf2)
                  0000324c    0000006c     libc.a : fseek.c.obj (.text.fseeko)
                  000032b8    00000068     driverlib.a : dl_mcan.o (.text.DL_MCAN_enableIntr)
                  00003320    00000068     libc.a : getdevice.c.obj (.text.getdevice)
                  00003388    00000066            : _printfi.c.obj (.text._mcpy)
                  000033ee    00000002     --HOLE-- [fill = 0]
                  000033f0    00000064     driverlib.a : dl_mcan.o (.text.DL_MCAN_selectIntrLine)
                  00003454    00000064                 : dl_sysctl_mspm0g1x0x_g3x0x.o (.text.DL_SYSCTL_setHFCLKSourceHFXTParams)
                  000034b8    00000064     ti_msp_dl_config.o (.text.SYSCFG_DL_I2C_init)
                  0000351c    00000064     libc.a : _io_perm.c.obj (.text.__TI_wrt_ok)
                  00003580    00000064            : memory.c.obj (.text.split)
                  000035e4    00000062     libclang_rt.builtins.a : aeabi_dcmp.S.obj (.text.__aeabi_dcmp)
                  00003646    00000062     libc.a : memset16.S.obj (.text:memset)
                  000036a8    00000060     libsysbm.a : hostopen.c.obj (.text.HOSTopen)
                  00003708    0000005c     ti_msp_dl_config.o (.text.SYSCFG_DL_GPIO_init)
                  00003764    0000005c     libc.a : s_frexp.c.obj (.text.frexp)
                  000037c0    0000005c            : printf.c.obj (.text.printf)
                  0000381c    00000058     driverlib.a : dl_mcan.o (.text.DL_MCAN_enableIntrLine)
                  00003874    00000058     libsysbm.a : hostread.c.obj (.text.HOSTread)
                  000038cc    00000058                : hostwrite.c.obj (.text.HOSTwrite)
                  00003924    00000058     libc.a : _ltoa.c.obj (.text.__TI_ltoa)
                  0000397c    00000058            : _printfi.c.obj (.text._pconv_f)
                  000039d4    00000056     libclang_rt.builtins.a : aeabi_idivmod.S.obj (.text.__aeabi_idivmod)
                  00003a2a    00000054     driverlib.a : dl_i2c.o (.text.DL_I2C_fillControllerTXFIFO)
                  00003a7e    00000052     libc.a : fflush.c.obj (.text.__TI_doflush)
                  00003ad0    00000052            : _printfi.c.obj (.text._ecpy)
                  00003b22    00000002     --HOLE-- [fill = 0]
                  00003b24    00000050     libsysbm.a : close.c.obj (.text.close)
                  00003b74    0000004c     driverlib.a : dl_mcan.o (.text.DL_MCAN_setExtIDAndMask)
                  00003bc0    0000004a     libclang_rt.builtins.a : fixdfsi.S.obj (.text.__fixdfsi)
                  00003c0a    00000002     --HOLE-- [fill = 0]
                  00003c0c    00000048     libsysbm.a : hostclose.c.obj (.text.HOSTclose)
                  00003c54    00000048                : hostunlink.c.obj (.text.HOSTunlink)
                  00003c9c    00000040     mcan_message_rx.o (.text.CANFD0_IRQHandler)
                  00003cdc    00000040     driverlib.a : dl_mcan.o (.text.DL_MCAN_isMemInitDone)
                  00003d1c    00000040     ti_msp_dl_config.o (.text.SYSCFG_DL_initPower)
                  00003d5c    00000040     libclang_rt.builtins.a : aeabi_uidivmod.S.obj (.text.__aeabi_uidivmod)
                  00003d9c    00000040                            : extendsfdf2.S.obj (.text.__extendsfdf2)
                  00003ddc    00000040     libc.a : atoi.c.obj (.text.atoi)
                  00003e1c    0000003c            : autoinit.c.obj (.text:__TI_auto_init_nobinit_nopinit)
                  00003e58    0000003a     libclang_rt.builtins.a : muldsi3.S.obj (.text.__muldsi3)
                  00003e92    00000002     --HOLE-- [fill = 0]
                  00003e94    00000038     ti_msp_dl_config.o (.text.SYSCFG_DL_SYSCTL_init)
                  00003ecc    00000038     libc.a : getdevice.c.obj (.text.finddevice)
                  00003f04    00000038            : sprintf.c.obj (.text.sprintf)
                  00003f3c    00000034     driverlib.a : dl_i2c.o (.text.DL_I2C_setClockConfig)
                  00003f70    00000034                 : dl_mcan.o (.text.DL_MCAN_clearIntrStatus)
                  00003fa4    00000034     libc.a : fopen.c.obj (.text.__TI_cleanup)
                  00003fd8    00000034     libsysbm.a : trgmsg.c.obj (.text.__TI_readmsg)
                  0000400c    00000034                : trgmsg.c.obj (.text.__TI_writemsg)
                  00004040    00000034     libc.a : exit.c.obj (.text.exit)
                  00004074    00000032     driverlib.a : dl_mcan.o (.text.HW_WR_FIELD32_RAW)
                  000040a6    00000030     libc.a : _printfi.c.obj (.text._fcpy)
                  000040d6    00000002     --HOLE-- [fill = 0]
                  000040d8    0000002c     driverlib.a : dl_mcan.o (.text.DL_MCAN_getDataSize)
                  00004104    0000002c                 : dl_mcan.o (.text.DL_MCAN_setClockConfig)
                  00004130    0000002c     libclang_rt.builtins.a : floatsidf.S.obj (.text.__floatsidf)
                  0000415c    0000002c     libsysbm.a : unlink.c.obj (.text.unlink)
                  00004188    00000028     driverlib.a : dl_i2c.o (.text.DL_Common_updateReg)
                  000041b0    00000028                 : dl_mcan.o (.text.DL_Common_updateReg)
                  000041d8    00000028                 : dl_sysctl_mspm0g1x0x_g3x0x.o (.text.DL_Common_updateReg)
                  00004200    00000028     libc.a : memory.c.obj (.text.free_list_insert)
                  00004228    00000028     libsysbm.a : lseek.c.obj (.text.lseek)
                  00004250    00000028                : write.c.obj (.text.write)
                  00004278    00000028     libc.a : boot_cortex_m.c.obj (.text:_c_int00_noargs)
                  000042a0    00000024     driverlib.a : dl_mcan.o (.text.DL_MCAN_getMsgObjSize)
                  000042c4    00000024     ti_msp_dl_config.o (.text.SYSCFG_DL_SYSCTL_CLK_init)
                  000042e8    00000024     libclang_rt.builtins.a : muldi3.S.obj (.text.__muldi3)
                  0000430c    00000022     libc.a : memccpy.c.obj (.text.memccpy)
                  0000432e    00000002     --HOLE-- [fill = 0]
                  00004330    00000020     driverlib.a : dl_mcan.o (.text.DL_MCAN_setOpMode)
                  00004350    00000020                 : dl_mcan.o (.text.DL_MCAN_writeProtectedRegAccessLock)
                  00004370    00000020                 : dl_mcan.o (.text.DL_MCAN_writeProtectedRegAccessUnlock)
                  00004390    00000020                 : dl_sysctl_mspm0g1x0x_g3x0x.o (.text.DL_SYSCTL_setHFXTFrequencyRange)
                  000043b0    00000020                 : dl_mcan.o (.text.HW_RD_FIELD32_RAW)
                  000043d0    0000001e     libclang_rt.builtins.a : ashldi3.S.obj (.text.__ashldi3)
                  000043ee    00000002     --HOLE-- [fill = 0]
                  000043f0    0000001c     driverlib.a : dl_i2c.o (.text.DL_I2C_isControllerTXFIFOFull)
                  0000440c    0000001c                 : dl_mcan.o (.text.DL_MCAN_getOpMode)
                  00004428    0000001c     ti_msp_dl_config.o (.text.SYSCFG_DL_init)
                  00004444    0000001c     libc.a : memory.c.obj (.text.free_list_remove)
                  00004460    00000018     driverlib.a : dl_mcan.o (.text.DL_MCAN_getIntrStatus)
                  00004478    00000018                 : dl_sysctl_mspm0g1x0x_g3x0x.o (.text.DL_SYSCTL_setHFXTStartupTime)
                  00004490    00000018     libc.a : sprintf.c.obj (.text._outs)
                  000044a8    00000016     driverlib.a : dl_i2c.o (.text.DL_I2C_transmitControllerData)
                  000044be    00000016     libc.a : copy_zero_init.c.obj (.text:decompress:ZI:__TI_zero_init_nomemset)
                  000044d4    00000014     driverlib.a : dl_common.o (.text.DL_Common_delayCycles)
                  000044e8    00000014                 : dl_sysctl_mspm0g1x0x_g3x0x.o (.text.DL_SYSCTL_disableHFCLKStartupMonitor)
                  000044fc    00000014                 : dl_sysctl_mspm0g1x0x_g3x0x.o (.text.DL_SYSCTL_enableHFCLKStartupMonitor)
                  00004510    00000014     libclang_rt.builtins.a : aeabi_uldivmod.S.obj (.text.__aeabi_uldivmod)
                  00004524    00000014     libc.a : _printfi.c.obj (.text.strchr)
                  00004538    00000012     libsysbm.a : hostrename.c.obj (.text.strcpy)
                  0000454a    00000012     libc.a : copy_decompress_none.c.obj (.text:decompress:none)
                  0000455c    00000010     driverlib.a : dl_sysctl_mspm0g1x0x_g3x0x.o (.text.DL_SYSCTL_disableHFXT)
                  0000456c    00000010                 : dl_mcan.o (.text.HW_RD_REG32_RAW)
                  0000457c    00000010                 : dl_mcan.o (.text.HW_WR_REG32_RAW)
                  0000458c    00000010     libc.a : wcslen.c.obj (.text.wcslen)
                  0000459c    0000000e            : memory.c.obj (.text.OUTLINED_FUNCTION_0)
                  000045aa    00000002     --HOLE-- [fill = 0]
                  000045ac    0000000e     libclang_rt.builtins.a : aeabi_memset.S.obj (.text.__aeabi_memset)
                  000045ba    0000000e     libc.a : _printfi.c.obj (.text.strlen)
                  000045c8    0000000e     libsysbm.a : hostrename.c.obj (.text.strlen)
                  000045d6    00000002     --HOLE-- [fill = 0]
                  000045d8    0000000c     driverlib.a : dl_sysctl_mspm0g1x0x_g3x0x.o (.text.DL_SYSCTL_getClockStatus)
                  000045e4    0000000c     libclang_rt.builtins.a : aeabi_memset.S.obj (.text.__aeabi_memclr)
                  000045f0    0000000c     libc.a : memory.c.obj (.text.malloc)
                  000045fc    0000000a            : _printfi.c.obj (.text.OUTLINED_FUNCTION_0)
                  00004606    00000002     --HOLE-- [fill = 0]
                  00004608    00000010     libclang_rt.builtins.a : adddf3.S.obj (.tramp.__aeabi_dsub.1)
                  00004618    0000000a     libc.a : _printfi.c.obj (.text.OUTLINED_FUNCTION_1)
                  00004622    0000000a            : sprintf.c.obj (.text._outc)
                  0000462c    00000008            : aeabi_portable.c.obj (.text.__aeabi_errno_addr)
                  00004634    00000008     libclang_rt.builtins.a : aeabi_memcpy.S.obj (.text.__aeabi_memcpy)
                  0000463c    00000008     libc.a : printf.c.obj (.text._outc)
                  00004644    00000008            : printf.c.obj (.text._outs)
                  0000464c    00000008            : fseek.c.obj (.text.fseek)
                  00004654    00000008     libsysbm.a : remove.c.obj (.text.remove)
                  0000465c    00000004     startup_mspm0g350x_ticlang.o (.text.Reset_Handler)
                  00004660    00000004     libc.a : pre_init.c.obj (.text._system_pre_init)
                  00004664    00000004            : exit.c.obj (.text:abort)

.cinit     0    00004910    00000088     
                  00004910    00000060     (.cinit..data.load) [load image, compression = lzss]
                  00004970    0000000c     (__TI_handler_table)
                  0000497c    00000008     (.cinit..bss.load) [load image, compression = zero_init]
                  00004984    00000010     (__TI_cinit_table)
                  00004994    00000004     --HOLE-- [fill = 0]

.rodata    0    00004670    000002a0     
                  00004670    00000101     libc.a : aeabi_ctype.S.obj (.rodata:__aeabi_ctype_table_)
                  00004771    00000002     ti_msp_dl_config.o (.rodata.gI2CClockConfig)
                  00004773    00000001     --HOLE-- [fill = 0]
                  00004774    00000060     ti_msp_dl_config.o (.rodata.gMCAN0MsgRAMConfigParams)
                  000047d4    00000040     driverlib.a : dl_mcan.o (.rodata..L__const.DL_MCAN_getDataSize.dataSize)
                  00004814    00000034     ti_msp_dl_config.o (.rodata.gMCAN0InitParams)
                  00004848    0000002c     ti_msp_dl_config.o (.rodata.gMCAN0ConfigParams)
                  00004874    00000020     driverlib.a : dl_mcan.o (.rodata.cst32)
                  00004894    00000020     ti_msp_dl_config.o (.rodata.gMCAN0BitTimes)
                  000048b4    0000001a     mcan_message_rx.o (.rodata.str1.156047892021774907091)
                  000048ce    00000011     libc.a : _printfi.c.obj (.rodata.str1.11645776875810915891)
                  000048df    00000011            : _printfi.c.obj (.rodata.str1.44690500295887128011)
                  000048f0    00000010     ti_msp_dl_config.o (.rodata.gMCAN0StdFiltelem)
                  00004900    00000005     mcan_message_rx.o (.rodata.str1.63830379764121174701)
                  00004905    00000001     --HOLE-- [fill = 0]
                  00004906    00000004     ti_msp_dl_config.o (.rodata.gMCAN0ClockConf)
                  0000490a    00000006     --HOLE-- [fill = 0]

.init_array 
*          0    00000000    00000000     UNINITIALIZED

.binit     0    00000000    00000000     

.sysmem    0    20200000    00000800     UNINITIALIZED
                  20200000    00000010     libc.a : memory.c.obj (.sysmem)
                  20200010    000007f0     --HOLE--

.bss       0    20200800    000001d5     UNINITIALIZED
                  20200800    00000120     libsysbm.a : trgmsg.c.obj (.bss:_CIOBUF_)
                  20200920    000000a0     libc.a : defs.c.obj (.bss.__TI_tmpnams)
                  202009c0    00000008     libsysbm.a : hostopen.c.obj (.bss.parmbuf)
                  202009c8    00000004     libc.a : memory.c.obj (.bss.sys_free)
                  202009cc    00000004     (.common:gInterruptLine1Status)
                  202009d0    00000004     (.common:voltage)
                  202009d4    00000001     (.common:gServiceInt)

.data      0    202009d8    000001d1     UNINITIALIZED
                  202009d8    000000f0     libc.a : defs.c.obj (.data._ftable)
                  20200ac8    00000078     libsysbm.a : host_device.c.obj (.data._device)
                  20200b40    00000050                : host_device.c.obj (.data._stream)
                  20200b90    00000008     libc.a : exit.c.obj (.data..L_MergedGlobals)
                  20200b98    00000004            : defs.c.obj (.data.__TI_ft_end)
                  20200b9c    00000004            : aeabi_portable.c.obj (.data.__aeabi_errno)
                  20200ba0    00000004            : _lock.c.obj (.data._lock)
                  20200ba4    00000004            : _lock.c.obj (.data._unlock)
                  20200ba8    00000001            : memory.c.obj (.data.memory_is_initialized)

.stack     0    20207e00    00000200     UNINITIALIZED
                  20207e00    00000004     libc.a : boot_cortex_m.c.obj (.stack)
                  20207e04    000001fc     --HOLE--

__llvm_prf_cnts 
*          0    20200000    00000000     UNINITIALIZED

__llvm_prf_bits 
*          0    20200000    00000000     UNINITIALIZED

MODULE SUMMARY

       Module                         code    ro data   rw data
       ------                         ----    -------   -------
    .\
       mcan_message_rx.o              1966    31        9      
       ti_msp_dl_config.o             660     246       0      
       startup_mspm0g350x_ticlang.o   6       192       0      
    +--+------------------------------+-------+---------+---------+
       Total:                         2632    469       9      
                                                               
    C:/ti/mspm0_sdk_2_02_00_05/source/ti/driverlib/lib/ticlang/m0p/mspm0g1x0x_g3x0x/driverlib.a
       dl_mcan.o                      3932    96        0      
       dl_sysctl_mspm0g1x0x_g3x0x.o   264     0         0      
       dl_i2c.o                       226     0         0      
       dl_common.o                    20      0         0      
    +--+------------------------------+-------+---------+---------+
       Total:                         4442    96        0      
                                                               
    C:\ti\ccs1270\ccs\tools\compiler\ti-cgt-armllvm_3.2.2.LTS\lib\armv6m-ti-none-eabi/c/libc.a
       _printfi.c.obj                 4558    34        0      
       memory.c.obj                   730     0         5      
       defs.c.obj                     0       0         404    
       fputs.c.obj                    260     0         0      
       aeabi_ctype.S.obj              0       257       0      
       setvbuf.c.obj                  220     0         0      
       s_scalbn.c.obj                 216     0         0      
       getdevice.c.obj                160     0         0      
       fputc.c.obj                    156     0         0      
       memcpy16.S.obj                 154     0         0      
       fclose.c.obj                   124     0         0      
       copy_decompress_lzss.c.obj     120     0         0      
       fseek.c.obj                    116     0         0      
       printf.c.obj                   108     0         0      
       _io_perm.c.obj                 100     0         0      
       memset16.S.obj                 98      0         0      
       s_frexp.c.obj                  92      0         0      
       sprintf.c.obj                  90      0         0      
       _ltoa.c.obj                    88      0         0      
       fflush.c.obj                   82      0         0      
       atoi.c.obj                     64      0         0      
       exit.c.obj                     56      0         8      
       autoinit.c.obj                 60      0         0      
       fopen.c.obj                    52      0         0      
       boot_cortex_m.c.obj            40      0         0      
       memccpy.c.obj                  34      0         0      
       copy_zero_init.c.obj           22      0         0      
       copy_decompress_none.c.obj     18      0         0      
       wcslen.c.obj                   16      0         0      
       aeabi_portable.c.obj           8       0         4      
       _lock.c.obj                    2       0         8      
       pre_init.c.obj                 4       0         0      
    +--+------------------------------+-------+---------+---------+
       Total:                         7848    291       429    
                                                               
    C:\ti\ccs1270\ccs\tools\compiler\ti-cgt-armllvm_3.2.2.LTS\lib\armv6m-ti-none-eabi/c/libsysbm.a
       trgmsg.c.obj                   104     0         288    
       host_device.c.obj              0       0         200    
       hostrename.c.obj               140     0         0      
       hostlseek.c.obj                108     0         0      
       hostopen.c.obj                 96      0         8      
       hostread.c.obj                 88      0         0      
       hostwrite.c.obj                88      0         0      
       close.c.obj                    80      0         0      
       hostclose.c.obj                72      0         0      
       hostunlink.c.obj               72      0         0      
       unlink.c.obj                   44      0         0      
       lseek.c.obj                    40      0         0      
       write.c.obj                    40      0         0      
       remove.c.obj                   8       0         0      
    +--+------------------------------+-------+---------+---------+
       Total:                         980     0         496    
                                                               
    C:\ti\ccs1270\ccs\tools\compiler\ti-cgt-armllvm_3.2.2.LTS\lib\clang/15.0.7/lib/armv6m-ti-none-eabi/libclang_rt.builtins.a
       adddf3.S.obj                   418     0         0      
       divdf3.S.obj                   268     0         0      
       muldf3.S.obj                   228     0         0      
       comparedf2.c.obj               220     0         0      
       udivmoddi4.S.obj               162     0         0      
       aeabi_dcmp.S.obj               98      0         0      
       aeabi_idivmod.S.obj            86      0         0      
       fixdfsi.S.obj                  74      0         0      
       aeabi_uidivmod.S.obj           64      0         0      
       extendsfdf2.S.obj              64      0         0      
       muldsi3.S.obj                  58      0         0      
       floatsidf.S.obj                44      0         0      
       muldi3.S.obj                   36      0         0      
       ashldi3.S.obj                  30      0         0      
       aeabi_memset.S.obj             26      0         0      
       aeabi_uldivmod.S.obj           20      0         0      
       aeabi_memcpy.S.obj             8       0         0      
       aeabi_div0.c.obj               4       0         0      
    +--+------------------------------+-------+---------+---------+
       Total:                         1908    0         0      
                                                               
       Heap:                          0       0         2048   
       Stack:                         0       0         512    
       Linker Generated:              0       132       0      
    +--+------------------------------+-------+---------+---------+
       Grand Total:                   17810   988       3494   


LINKER GENERATED COPY TABLES

__TI_cinit_table @ 00004984 records: 2, size/record: 8, table size: 16
	.data: load addr=00004910, load size=00000060 bytes, run addr=202009d8, run size=000001d1 bytes, compression=lzss
	.bss: load addr=0000497c, load size=00000008 bytes, run addr=20200800, run size=000001d5 bytes, compression=zero_init


LINKER GENERATED HANDLER TABLE

__TI_handler_table @ 00004970 records: 3, size/record: 4, table size: 12
	index: 0, handler: __TI_decompress_lzss
	index: 1, handler: __TI_decompress_none
	index: 2, handler: __TI_zero_init


FAR CALL TRAMPOLINES

callee name               trampoline name
   callee addr  tramp addr   call addr  call info
--------------  -----------  ---------  ----------------
__aeabi_dsub              $Tramp$TT$L$PI$$__aeabi_dsub
   00001709     00004608     00004604   libc.a : _printfi.c.obj (.text.OUTLINED_FUNCTION_0)

[1 trampolines]
[1 trampoline calls]


GLOBAL SYMBOLS: SORTED ALPHABETICALLY BY Name 

address   name                              
-------   ----                              
0000189b  ADC0_IRQHandler                   
0000189b  ADC1_IRQHandler                   
0000189b  AES_IRQHandler                    
00004664  C$$EXIT                           
00004039  C$$IO$$                           
00003c9d  CANFD0_IRQHandler                 
0000189b  DAC0_IRQHandler                   
000044d5  DL_Common_delayCycles             
00003a2b  DL_I2C_fillControllerTXFIFO       
00003f3d  DL_I2C_setClockConfig             
00003025  DL_MCAN_addStdMsgIDFilter         
00003f71  DL_MCAN_clearIntrStatus           
00001f51  DL_MCAN_config                    
000032b9  DL_MCAN_enableIntr                
0000381d  DL_MCAN_enableIntrLine            
00004461  DL_MCAN_getIntrStatus             
0000440d  DL_MCAN_getOpMode                 
00002e9d  DL_MCAN_getRevisionId             
00002a95  DL_MCAN_getRxFIFOStatus           
0000189d  DL_MCAN_init                      
00003cdd  DL_MCAN_isMemInitDone             
00000dc1  DL_MCAN_msgRAMConfig              
00001e21  DL_MCAN_readMsgRam                
000033f1  DL_MCAN_selectIntrLine            
00001ba1  DL_MCAN_setBitTime                
00004105  DL_MCAN_setClockConfig            
00003b75  DL_MCAN_setExtIDAndMask           
00004331  DL_MCAN_setOpMode                 
00002b59  DL_MCAN_writeRxFIFOAck            
00003455  DL_SYSCTL_setHFCLKSourceHFXTParams
0000189b  DMA_IRQHandler                    
0000189b  Default_Handler                   
0000189b  GROUP0_IRQHandler                 
0000189b  GROUP1_IRQHandler                 
00003c0d  HOSTclose                         
00003109  HOSTlseek                         
000036a9  HOSTopen                          
00003875  HOSTread                          
00003175  HOSTrename                        
00003c55  HOSTunlink                        
000038cd  HOSTwrite                         
0000189b  HardFault_Handler                 
0000189b  I2C0_IRQHandler                   
0000189b  I2C1_IRQHandler                   
00002c11  LCD_clear                         
00000ac1  LCD_init                          
000022c9  LCD_sendByte                      
0000189b  NMI_Handler                       
0000189b  PendSV_Handler                    
0000189b  RTC_IRQHandler                    
0000465d  Reset_Handler                     
0000189b  SPI0_IRQHandler                   
0000189b  SPI1_IRQHandler                   
0000189b  SVC_Handler                       
00003709  SYSCFG_DL_GPIO_init               
000034b9  SYSCFG_DL_I2C_init                
000023e5  SYSCFG_DL_MCAN0_init              
000042c5  SYSCFG_DL_SYSCTL_CLK_init         
00003e95  SYSCFG_DL_SYSCTL_init             
00004429  SYSCFG_DL_init                    
00003d1d  SYSCFG_DL_initPower               
0000189b  SysTick_Handler                   
0000189b  TIMA0_IRQHandler                  
0000189b  TIMA1_IRQHandler                  
0000189b  TIMG0_IRQHandler                  
0000189b  TIMG12_IRQHandler                 
0000189b  TIMG6_IRQHandler                  
0000189b  TIMG7_IRQHandler                  
0000189b  TIMG8_IRQHandler                  
0000189b  UART0_IRQHandler                  
0000189b  UART1_IRQHandler                  
0000189b  UART2_IRQHandler                  
0000189b  UART3_IRQHandler                  
20200800  _CIOBUF_                          
20200800  __CIOBUF_                         
20208000  __STACK_END                       
00000200  __STACK_SIZE                      
00000800  __SYSMEM_SIZE                     
00000000  __TI_ATRegion0_region_sz          
00000000  __TI_ATRegion0_src_addr           
00000000  __TI_ATRegion0_trg_addr           
00000000  __TI_ATRegion1_region_sz          
00000000  __TI_ATRegion1_src_addr           
00000000  __TI_ATRegion1_trg_addr           
00000000  __TI_ATRegion2_region_sz          
00000000  __TI_ATRegion2_src_addr           
00000000  __TI_ATRegion2_trg_addr           
00004984  __TI_CINIT_Base                   
00004994  __TI_CINIT_Limit                  
00004994  __TI_CINIT_Warm                   
00004970  __TI_Handler_Table_Base           
0000497c  __TI_Handler_Table_Limit          
00003e1d  __TI_auto_init_nobinit_nopinit    
00003fa5  __TI_cleanup                      
20200b90  __TI_cleanup_ptr                  
00002f31  __TI_closefile                    
00002fad  __TI_decompress_lzss              
0000454b  __TI_decompress_none              
00003a7f  __TI_doflush                      
20200b94  __TI_dtors_ptr                    
20200b98  __TI_ft_end                       
00003925  __TI_ltoa                         
ffffffff  __TI_pprof_out_hndl               
000000c1  __TI_printfi                      
ffffffff  __TI_prof_data_size               
ffffffff  __TI_prof_data_start              
00003fd9  __TI_readmsg                      
00000000  __TI_static_base__                
20200920  __TI_tmpnams                      
0000400d  __TI_writemsg                     
0000351d  __TI_wrt_ok                       
000044bf  __TI_zero_init_nomemset           
00001713  __adddf3                          
00004670  __aeabi_ctype_table_              
00004670  __aeabi_ctype_table_C             
00003bc1  __aeabi_d2iz                      
00001713  __aeabi_dadd                      
000035e5  __aeabi_dcmpeq                    
00003621  __aeabi_dcmpge                    
00003635  __aeabi_dcmpgt                    
0000360d  __aeabi_dcmple                    
000035f9  __aeabi_dcmplt                    
00002501  __aeabi_ddiv                      
000027fd  __aeabi_dmul                      
00001709  __aeabi_dsub                      
20200b9c  __aeabi_errno                     
0000462d  __aeabi_errno_addr                
00003d9d  __aeabi_f2d                       
00004131  __aeabi_i2d                       
000039d5  __aeabi_idiv                      
00001b9f  __aeabi_idiv0                     
000039d5  __aeabi_idivmod                   
00002cbf  __aeabi_ldiv0                     
000043d1  __aeabi_llsl                      
000042e9  __aeabi_lmul                      
000045e5  __aeabi_memclr                    
000045e5  __aeabi_memclr4                   
000045e5  __aeabi_memclr8                   
00004635  __aeabi_memcpy                    
00004635  __aeabi_memcpy4                   
00004635  __aeabi_memcpy8                   
000045ad  __aeabi_memset                    
000045ad  __aeabi_memset4                   
000045ad  __aeabi_memset8                   
00003d5d  __aeabi_uidiv                     
00003d5d  __aeabi_uidivmod                  
00004511  __aeabi_uldivmod                  
000043d1  __ashldi3                         
ffffffff  __binit__                         
000031e1  __cmpdf2                          
00002501  __divdf3                          
000031e1  __eqdf2                           
00003d9d  __extendsfdf2                     
00003bc1  __fixdfsi                         
00004131  __floatsidf                       
00003099  __gedf2                           
00003099  __gtdf2                           
000031e1  __ledf2                           
000031e1  __ltdf2                           
UNDEFED   __mpu_init                        
000027fd  __muldf3                          
000042e9  __muldi3                          
00003e59  __muldsi3                         
000031e1  __nedf2                           
20207e00  __stack                           
20200000  __start___llvm_prf_bits           
20200000  __start___llvm_prf_cnts           
20200000  __stop___llvm_prf_bits            
20200000  __stop___llvm_prf_cnts            
00001709  __subdf3                          
00002cc1  __udivmoddi4                      
00004279  _c_int00_noargs                   
20200ac8  _device                           
202009d8  _ftable                           
20200ba0  _lock                             
00002d63  _nop                              
20200b40  _stream                           
20200000  _sys_memory                       
UNDEFED   _system_post_cinit                
00004661  _system_pre_init                  
20200ba4  _unlock                           
00004665  abort                             
0000207d  aligned_alloc                     
00003ddd  atoi                              
ffffffff  binit                             
00003b25  close                             
00004041  exit                              
00003ecd  finddevice                        
00002d65  fputc                             
0000260d  fputs                             
00002711  free                              
00003765  frexp                             
00003765  frexpl                            
0000464d  fseek                             
0000324d  fseeko                            
202009cc  gInterruptLine1Status             
202009d4  gServiceInt                       
00003321  getdevice                         
00000000  interruptVectors                  
000029bd  ldexp                             
000029bd  ldexpl                            
00004229  lseek                             
00001069  main                              
000045f1  malloc                            
0000207d  memalign                          
0000430d  memccpy                           
00002e01  memcpy                            
00003647  memset                            
202009c0  parmbuf                           
000037c1  printf                            
00004655  remove                            
000029bd  scalbn                            
000029bd  scalbnl                           
000028e1  setvbuf                           
00003f05  sprintf                           
0000415d  unlink                            
202009d0  voltage                           
0000458d  wcslen                            
00004251  write                             


GLOBAL SYMBOLS: SORTED BY Symbol Address 

address   name                              
-------   ----                              
00000000  __TI_ATRegion0_region_sz          
00000000  __TI_ATRegion0_src_addr           
00000000  __TI_ATRegion0_trg_addr           
00000000  __TI_ATRegion1_region_sz          
00000000  __TI_ATRegion1_src_addr           
00000000  __TI_ATRegion1_trg_addr           
00000000  __TI_ATRegion2_region_sz          
00000000  __TI_ATRegion2_src_addr           
00000000  __TI_ATRegion2_trg_addr           
00000000  __TI_static_base__                
00000000  interruptVectors                  
000000c1  __TI_printfi                      
00000200  __STACK_SIZE                      
00000800  __SYSMEM_SIZE                     
00000ac1  LCD_init                          
00000dc1  DL_MCAN_msgRAMConfig              
00001069  main                              
00001709  __aeabi_dsub                      
00001709  __subdf3                          
00001713  __adddf3                          
00001713  __aeabi_dadd                      
0000189b  ADC0_IRQHandler                   
0000189b  ADC1_IRQHandler                   
0000189b  AES_IRQHandler                    
0000189b  DAC0_IRQHandler                   
0000189b  DMA_IRQHandler                    
0000189b  Default_Handler                   
0000189b  GROUP0_IRQHandler                 
0000189b  GROUP1_IRQHandler                 
0000189b  HardFault_Handler                 
0000189b  I2C0_IRQHandler                   
0000189b  I2C1_IRQHandler                   
0000189b  NMI_Handler                       
0000189b  PendSV_Handler                    
0000189b  RTC_IRQHandler                    
0000189b  SPI0_IRQHandler                   
0000189b  SPI1_IRQHandler                   
0000189b  SVC_Handler                       
0000189b  SysTick_Handler                   
0000189b  TIMA0_IRQHandler                  
0000189b  TIMA1_IRQHandler                  
0000189b  TIMG0_IRQHandler                  
0000189b  TIMG12_IRQHandler                 
0000189b  TIMG6_IRQHandler                  
0000189b  TIMG7_IRQHandler                  
0000189b  TIMG8_IRQHandler                  
0000189b  UART0_IRQHandler                  
0000189b  UART1_IRQHandler                  
0000189b  UART2_IRQHandler                  
0000189b  UART3_IRQHandler                  
0000189d  DL_MCAN_init                      
00001b9f  __aeabi_idiv0                     
00001ba1  DL_MCAN_setBitTime                
00001e21  DL_MCAN_readMsgRam                
00001f51  DL_MCAN_config                    
0000207d  aligned_alloc                     
0000207d  memalign                          
000022c9  LCD_sendByte                      
000023e5  SYSCFG_DL_MCAN0_init              
00002501  __aeabi_ddiv                      
00002501  __divdf3                          
0000260d  fputs                             
00002711  free                              
000027fd  __aeabi_dmul                      
000027fd  __muldf3                          
000028e1  setvbuf                           
000029bd  ldexp                             
000029bd  ldexpl                            
000029bd  scalbn                            
000029bd  scalbnl                           
00002a95  DL_MCAN_getRxFIFOStatus           
00002b59  DL_MCAN_writeRxFIFOAck            
00002c11  LCD_clear                         
00002cbf  __aeabi_ldiv0                     
00002cc1  __udivmoddi4                      
00002d63  _nop                              
00002d65  fputc                             
00002e01  memcpy                            
00002e9d  DL_MCAN_getRevisionId             
00002f31  __TI_closefile                    
00002fad  __TI_decompress_lzss              
00003025  DL_MCAN_addStdMsgIDFilter         
00003099  __gedf2                           
00003099  __gtdf2                           
00003109  HOSTlseek                         
00003175  HOSTrename                        
000031e1  __cmpdf2                          
000031e1  __eqdf2                           
000031e1  __ledf2                           
000031e1  __ltdf2                           
000031e1  __nedf2                           
0000324d  fseeko                            
000032b9  DL_MCAN_enableIntr                
00003321  getdevice                         
000033f1  DL_MCAN_selectIntrLine            
00003455  DL_SYSCTL_setHFCLKSourceHFXTParams
000034b9  SYSCFG_DL_I2C_init                
0000351d  __TI_wrt_ok                       
000035e5  __aeabi_dcmpeq                    
000035f9  __aeabi_dcmplt                    
0000360d  __aeabi_dcmple                    
00003621  __aeabi_dcmpge                    
00003635  __aeabi_dcmpgt                    
00003647  memset                            
000036a9  HOSTopen                          
00003709  SYSCFG_DL_GPIO_init               
00003765  frexp                             
00003765  frexpl                            
000037c1  printf                            
0000381d  DL_MCAN_enableIntrLine            
00003875  HOSTread                          
000038cd  HOSTwrite                         
00003925  __TI_ltoa                         
000039d5  __aeabi_idiv                      
000039d5  __aeabi_idivmod                   
00003a2b  DL_I2C_fillControllerTXFIFO       
00003a7f  __TI_doflush                      
00003b25  close                             
00003b75  DL_MCAN_setExtIDAndMask           
00003bc1  __aeabi_d2iz                      
00003bc1  __fixdfsi                         
00003c0d  HOSTclose                         
00003c55  HOSTunlink                        
00003c9d  CANFD0_IRQHandler                 
00003cdd  DL_MCAN_isMemInitDone             
00003d1d  SYSCFG_DL_initPower               
00003d5d  __aeabi_uidiv                     
00003d5d  __aeabi_uidivmod                  
00003d9d  __aeabi_f2d                       
00003d9d  __extendsfdf2                     
00003ddd  atoi                              
00003e1d  __TI_auto_init_nobinit_nopinit    
00003e59  __muldsi3                         
00003e95  SYSCFG_DL_SYSCTL_init             
00003ecd  finddevice                        
00003f05  sprintf                           
00003f3d  DL_I2C_setClockConfig             
00003f71  DL_MCAN_clearIntrStatus           
00003fa5  __TI_cleanup                      
00003fd9  __TI_readmsg                      
0000400d  __TI_writemsg                     
00004039  C$$IO$$                           
00004041  exit                              
00004105  DL_MCAN_setClockConfig            
00004131  __aeabi_i2d                       
00004131  __floatsidf                       
0000415d  unlink                            
00004229  lseek                             
00004251  write                             
00004279  _c_int00_noargs                   
000042c5  SYSCFG_DL_SYSCTL_CLK_init         
000042e9  __aeabi_lmul                      
000042e9  __muldi3                          
0000430d  memccpy                           
00004331  DL_MCAN_setOpMode                 
000043d1  __aeabi_llsl                      
000043d1  __ashldi3                         
0000440d  DL_MCAN_getOpMode                 
00004429  SYSCFG_DL_init                    
00004461  DL_MCAN_getIntrStatus             
000044bf  __TI_zero_init_nomemset           
000044d5  DL_Common_delayCycles             
00004511  __aeabi_uldivmod                  
0000454b  __TI_decompress_none              
0000458d  wcslen                            
000045ad  __aeabi_memset                    
000045ad  __aeabi_memset4                   
000045ad  __aeabi_memset8                   
000045e5  __aeabi_memclr                    
000045e5  __aeabi_memclr4                   
000045e5  __aeabi_memclr8                   
000045f1  malloc                            
0000462d  __aeabi_errno_addr                
00004635  __aeabi_memcpy                    
00004635  __aeabi_memcpy4                   
00004635  __aeabi_memcpy8                   
0000464d  fseek                             
00004655  remove                            
0000465d  Reset_Handler                     
00004661  _system_pre_init                  
00004664  C$$EXIT                           
00004665  abort                             
00004670  __aeabi_ctype_table_              
00004670  __aeabi_ctype_table_C             
00004970  __TI_Handler_Table_Base           
0000497c  __TI_Handler_Table_Limit          
00004984  __TI_CINIT_Base                   
00004994  __TI_CINIT_Limit                  
00004994  __TI_CINIT_Warm                   
20200000  __start___llvm_prf_bits           
20200000  __start___llvm_prf_cnts           
20200000  __stop___llvm_prf_bits            
20200000  __stop___llvm_prf_cnts            
20200000  _sys_memory                       
20200800  _CIOBUF_                          
20200800  __CIOBUF_                         
20200920  __TI_tmpnams                      
202009c0  parmbuf                           
202009cc  gInterruptLine1Status             
202009d0  voltage                           
202009d4  gServiceInt                       
202009d8  _ftable                           
20200ac8  _device                           
20200b40  _stream                           
20200b90  __TI_cleanup_ptr                  
20200b94  __TI_dtors_ptr                    
20200b98  __TI_ft_end                       
20200b9c  __aeabi_errno                     
20200ba0  _lock                             
20200ba4  _unlock                           
20207e00  __stack                           
20208000  __STACK_END                       
ffffffff  __TI_pprof_out_hndl               
ffffffff  __TI_prof_data_size               
ffffffff  __TI_prof_data_start              
ffffffff  __binit__                         
ffffffff  binit                             
UNDEFED   __mpu_init                        
UNDEFED   _system_post_cinit                

[219 symbols]
