******************************************************************************
            TI ARM Clang Linker PC v3.2.2                      
******************************************************************************
>> Linked Sat Oct 19 13:26:43 2024

OUTPUT FILE NAME:   <CAN_TX_hello.out>
ENTRY POINT SYMBOL: "_c_int00_noargs"  address: 000037d5


MEMORY CONFIGURATION

         name            origin    length      used     unused   attr    fill
----------------------  --------  ---------  --------  --------  ----  --------
  FLASH                 00000000   00020000  00003ed8  0001c128  R  X
  SRAM                  20200000   00008000  00000da1  0000725f  RW X
  BCR_CONFIG            41c00000   00000080  00000000  00000080  R   
  BSL_CONFIG            41c00100   00000080  00000000  00000080  R   


SEGMENT ALLOCATION MAP

run origin  load origin   length   init length attrs members
----------  ----------- ---------- ----------- ----- -------
00000000    00000000    00003ed8   00003ed8    r-x
  00000000    00000000    000000c0   000000c0    r-- .intvecs
  000000c0    000000c0    00003af0   00003af0    r-x .text
  00003bb0    00003bb0    000002a0   000002a0    r-- .rodata
  00003e50    00003e50    00000088   00000088    r-- .cinit
20200000    20200000    00000ba4   00000000    rw-
  20200000    20200000    00000800   00000000    rw- .sysmem
  20200800    20200800    000001d5   00000000    rw- .data
  202009d8    202009d8    000001cc   00000000    rw- .bss
20207e00    20207e00    00000200   00000000    rw-
  20207e00    20207e00    00000200   00000000    rw- .stack


SECTION ALLOCATION MAP

 output                                  attributes/
section   page    origin      length       input sections
--------  ----  ----------  ----------   ----------------
.intvecs   0    00000000    000000c0     
                  00000000    000000c0     startup_mspm0g350x_ticlang.o (.intvecs)

.text      0    000000c0    00003af0     
                  000000c0    00000a00     libc.a : _printfi.c.obj (.text:__TI_printfi)
                  00000ac0    000002a8     driverlib.a : dl_mcan.o (.text.DL_MCAN_msgRAMConfig)
                  00000d68    00000220     libc.a : _printfi.c.obj (.text._pconv_a)
                  00000f88    000001dc            : _printfi.c.obj (.text._pconv_g)
                  00001164    00000192     libclang_rt.builtins.a : adddf3.S.obj (.text.adddf3_subdf3)
                  000012f6    00000002     startup_mspm0g350x_ticlang.o (.text.Default_Handler)
                  000012f8    00000184     driverlib.a : dl_mcan.o (.text.DL_MCAN_init)
                  0000147c    00000144                 : dl_mcan.o (.text.DL_MCAN_setBitTime)
                  000015c0    00000140                 : dl_mcan.o (.text.DL_MCAN_writeMsg)
                  00001700    0000013c     libc.a : _printfi.c.obj (.text.fcvt)
                  0000183c    0000012c     driverlib.a : dl_mcan.o (.text.DL_MCAN_config)
                  00001968    0000012c     libc.a : memory.c.obj (.text.aligned_alloc)
                  00001a94    00000120            : _printfi.c.obj (.text._pconv_e)
                  00001bb4    0000010c     libclang_rt.builtins.a : divdf3.S.obj (.text.__divdf3)
                  00001cc0    00000104     libc.a : fputs.c.obj (.text.fputs)
                  00001dc4    000000ec            : memory.c.obj (.text.free)
                  00001eb0    000000e4     libclang_rt.builtins.a : muldf3.S.obj (.text.__muldf3)
                  00001f94    000000e4     mcan_single_message_tx.o (.text.main)
                  00002078    000000dc     libc.a : setvbuf.c.obj (.text.setvbuf)
                  00002154    000000d8            : s_scalbn.c.obj (.text.scalbn)
                  0000222c    000000d4     ti_msp_dl_config.o (.text.SYSCFG_DL_MCAN0_init)
                  00002300    000000b4     driverlib.a : dl_mcan.o (.text.DL_MCAN_writeMsgRam)
                  000023b4    000000a2     libclang_rt.builtins.a : udivmoddi4.S.obj (.text)
                  00002456    00000002                            : aeabi_div0.c.obj (.text.__aeabi_idiv0)
                  00002458    0000009c     libc.a : fputc.c.obj (.text.fputc)
                  000024f4    0000009a            : memcpy16.S.obj (.text:memcpy)
                  0000258e    00000002     libclang_rt.builtins.a : aeabi_div0.c.obj (.text.__aeabi_ldiv0)
                  00002590    00000094     driverlib.a : dl_mcan.o (.text.DL_MCAN_getRevisionId)
                  00002624    0000007c     libc.a : fclose.c.obj (.text.__TI_closefile)
                  000026a0    00000078            : copy_decompress_lzss.c.obj (.text:decompress:lzss)
                  00002718    00000008            : aeabi_portable.c.obj (.text.__aeabi_errno_addr)
                  00002720    00000074     libclang_rt.builtins.a : truncdfsf2.S.obj (.text.__truncdfsf2)
                  00002794    00000070                            : comparedf2.c.obj (.text.__gedf2)
                  00002804    0000006c     libsysbm.a : hostlseek.c.obj (.text.HOSTlseek)
                  00002870    0000006c                : hostrename.c.obj (.text.HOSTrename)
                  000028dc    0000006c     libclang_rt.builtins.a : comparedf2.c.obj (.text.__ledf2)
                  00002948    0000006c     libc.a : fseek.c.obj (.text.fseeko)
                  000029b4    00000068            : getdevice.c.obj (.text.getdevice)
                  00002a1c    00000066            : _printfi.c.obj (.text._mcpy)
                  00002a82    00000002            : _lock.c.obj (.text._nop)
                  00002a84    00000064     driverlib.a : dl_sysctl_mspm0g1x0x_g3x0x.o (.text.DL_SYSCTL_setHFCLKSourceHFXTParams)
                  00002ae8    00000064     libc.a : _io_perm.c.obj (.text.__TI_wrt_ok)
                  00002b4c    00000064            : memory.c.obj (.text.split)
                  00002bb0    00000062     libclang_rt.builtins.a : aeabi_dcmp.S.obj (.text.__aeabi_dcmp)
                  00002c12    00000062     libc.a : memset16.S.obj (.text:memset)
                  00002c74    00000060     libsysbm.a : hostopen.c.obj (.text.HOSTopen)
                  00002cd4    0000005c     libc.a : s_frexp.c.obj (.text.frexp)
                  00002d30    0000005c            : printf.c.obj (.text.printf)
                  00002d8c    00000058     libsysbm.a : hostread.c.obj (.text.HOSTread)
                  00002de4    00000058                : hostwrite.c.obj (.text.HOSTwrite)
                  00002e3c    00000058     libc.a : _ltoa.c.obj (.text.__TI_ltoa)
                  00002e94    00000058            : _printfi.c.obj (.text._pconv_f)
                  00002eec    00000056     libclang_rt.builtins.a : aeabi_idivmod.S.obj (.text.__aeabi_idivmod)
                  00002f42    00000002     --HOLE-- [fill = 0]
                  00002f44    00000054     driverlib.a : dl_mcan.o (.text.DL_MCAN_TXBufAddReq)
                  00002f98    00000052     libc.a : fflush.c.obj (.text.__TI_doflush)
                  00002fea    00000052            : _printfi.c.obj (.text._ecpy)
                  0000303c    00000050     ti_msp_dl_config.o (.text.SYSCFG_DL_GPIO_init)
                  0000308c    00000050     libsysbm.a : close.c.obj (.text.close)
                  000030dc    0000004c     driverlib.a : dl_adc12.o (.text.DL_ADC12_setClockConfig)
                  00003128    0000004c                 : dl_mcan.o (.text.DL_MCAN_setExtIDAndMask)
                  00003174    0000004c     ti_msp_dl_config.o (.text.SYSCFG_DL_initPower)
                  000031c0    0000004a     libclang_rt.builtins.a : fixdfsi.S.obj (.text.__fixdfsi)
                  0000320a    00000002     --HOLE-- [fill = 0]
                  0000320c    00000048     libsysbm.a : hostclose.c.obj (.text.HOSTclose)
                  00003254    00000048                : hostunlink.c.obj (.text.HOSTunlink)
                  0000329c    00000048     ti_msp_dl_config.o (.text.SYSCFG_DL_ADC12_0_init)
                  000032e4    00000040     driverlib.a : dl_mcan.o (.text.DL_MCAN_isMemInitDone)
                  00003324    00000040     libclang_rt.builtins.a : aeabi_uidivmod.S.obj (.text.__aeabi_uidivmod)
                  00003364    00000040                            : extendsfdf2.S.obj (.text.__extendsfdf2)
                  000033a4    00000040     libc.a : atoi.c.obj (.text.atoi)
                  000033e4    0000003c            : autoinit.c.obj (.text:__TI_auto_init_nobinit_nopinit)
                  00003420    0000003a     libclang_rt.builtins.a : muldsi3.S.obj (.text.__muldsi3)
                  0000345a    00000002     --HOLE-- [fill = 0]
                  0000345c    00000038     ti_msp_dl_config.o (.text.SYSCFG_DL_SYSCTL_init)
                  00003494    00000038     libc.a : getdevice.c.obj (.text.finddevice)
                  000034cc    00000034     driverlib.a : dl_vref.o (.text.DL_VREF_configReference)
                  00003500    00000034     libc.a : fopen.c.obj (.text.__TI_cleanup)
                  00003534    00000034     libsysbm.a : trgmsg.c.obj (.text.__TI_readmsg)
                  00003568    00000034                : trgmsg.c.obj (.text.__TI_writemsg)
                  0000359c    00000034     libc.a : exit.c.obj (.text.exit)
                  000035d0    00000032     driverlib.a : dl_mcan.o (.text.HW_WR_FIELD32_RAW)
                  00003602    00000030     libc.a : _printfi.c.obj (.text._fcpy)
                  00003632    00000002     --HOLE-- [fill = 0]
                  00003634    0000002c     driverlib.a : dl_mcan.o (.text.DL_MCAN_getDataSize)
                  00003660    0000002c                 : dl_mcan.o (.text.DL_MCAN_setClockConfig)
                  0000368c    0000002c     libclang_rt.builtins.a : floatsidf.S.obj (.text.__floatsidf)
                  000036b8    0000002c     libsysbm.a : unlink.c.obj (.text.unlink)
                  000036e4    00000028     driverlib.a : dl_adc12.o (.text.DL_Common_updateReg)
                  0000370c    00000028                 : dl_mcan.o (.text.DL_Common_updateReg)
                  00003734    00000028                 : dl_sysctl_mspm0g1x0x_g3x0x.o (.text.DL_Common_updateReg)
                  0000375c    00000028     libc.a : memory.c.obj (.text.free_list_insert)
                  00003784    00000028     libsysbm.a : lseek.c.obj (.text.lseek)
                  000037ac    00000028                : write.c.obj (.text.write)
                  000037d4    00000028     libc.a : boot_cortex_m.c.obj (.text:_c_int00_noargs)
                  000037fc    00000024     driverlib.a : dl_mcan.o (.text.DL_MCAN_getMsgObjSize)
                  00003820    00000024     ti_msp_dl_config.o (.text.SYSCFG_DL_SYSCTL_CLK_init)
                  00003844    00000024     libclang_rt.builtins.a : floatunsidf.S.obj (.text.__floatunsidf)
                  00003868    00000024                            : muldi3.S.obj (.text.__muldi3)
                  0000388c    00000022     libc.a : memccpy.c.obj (.text.memccpy)
                  000038ae    00000002     --HOLE-- [fill = 0]
                  000038b0    00000020     driverlib.a : dl_mcan.o (.text.DL_MCAN_setOpMode)
                  000038d0    00000020                 : dl_mcan.o (.text.DL_MCAN_writeProtectedRegAccessLock)
                  000038f0    00000020                 : dl_mcan.o (.text.DL_MCAN_writeProtectedRegAccessUnlock)
                  00003910    00000020                 : dl_sysctl_mspm0g1x0x_g3x0x.o (.text.DL_SYSCTL_setHFXTFrequencyRange)
                  00003930    00000020                 : dl_mcan.o (.text.HW_RD_FIELD32_RAW)
                  00003950    00000020     ti_msp_dl_config.o (.text.SYSCFG_DL_init)
                  00003970    0000001e     libclang_rt.builtins.a : ashldi3.S.obj (.text.__ashldi3)
                  0000398e    00000002     --HOLE-- [fill = 0]
                  00003990    0000001c     mcan_single_message_tx.o (.text.ADC0_IRQHandler)
                  000039ac    0000001c     driverlib.a : dl_mcan.o (.text.DL_MCAN_getOpMode)
                  000039c8    0000001c     libc.a : memory.c.obj (.text.free_list_remove)
                  000039e4    00000018     driverlib.a : dl_sysctl_mspm0g1x0x_g3x0x.o (.text.DL_SYSCTL_setHFXTStartupTime)
                  000039fc    00000016     libc.a : copy_zero_init.c.obj (.text:decompress:ZI:__TI_zero_init_nomemset)
                  00003a12    00000014     driverlib.a : dl_common.o (.text.DL_Common_delayCycles)
                  00003a26    00000002     --HOLE-- [fill = 0]
                  00003a28    00000014                 : dl_sysctl_mspm0g1x0x_g3x0x.o (.text.DL_SYSCTL_disableHFCLKStartupMonitor)
                  00003a3c    00000014                 : dl_sysctl_mspm0g1x0x_g3x0x.o (.text.DL_SYSCTL_enableHFCLKStartupMonitor)
                  00003a50    00000014     ti_msp_dl_config.o (.text.SYSCFG_DL_VREF_init)
                  00003a64    00000014     libclang_rt.builtins.a : aeabi_uldivmod.S.obj (.text.__aeabi_uldivmod)
                  00003a78    00000014     libc.a : _printfi.c.obj (.text.strchr)
                  00003a8c    00000012     libsysbm.a : hostrename.c.obj (.text.strcpy)
                  00003a9e    00000012     libc.a : copy_decompress_none.c.obj (.text:decompress:none)
                  00003ab0    00000010     driverlib.a : dl_sysctl_mspm0g1x0x_g3x0x.o (.text.DL_SYSCTL_disableHFXT)
                  00003ac0    00000010                 : dl_mcan.o (.text.HW_RD_REG32_RAW)
                  00003ad0    00000010                 : dl_mcan.o (.text.HW_WR_REG32_RAW)
                  00003ae0    00000010     libc.a : wcslen.c.obj (.text.wcslen)
                  00003af0    0000000e            : memory.c.obj (.text.OUTLINED_FUNCTION_0)
                  00003afe    00000002     --HOLE-- [fill = 0]
                  00003b00    0000000e     libclang_rt.builtins.a : aeabi_memset.S.obj (.text.__aeabi_memset)
                  00003b0e    0000000e     libc.a : _printfi.c.obj (.text.strlen)
                  00003b1c    0000000e     libsysbm.a : hostrename.c.obj (.text.strlen)
                  00003b2a    00000002     --HOLE-- [fill = 0]
                  00003b2c    0000000c     driverlib.a : dl_sysctl_mspm0g1x0x_g3x0x.o (.text.DL_SYSCTL_getClockStatus)
                  00003b38    0000000c     libclang_rt.builtins.a : aeabi_memset.S.obj (.text.__aeabi_memclr)
                  00003b44    0000000c     libc.a : memory.c.obj (.text.malloc)
                  00003b50    0000000a            : _printfi.c.obj (.text.OUTLINED_FUNCTION_0)
                  00003b5a    00000002     --HOLE-- [fill = 0]
                  00003b5c    00000010     libclang_rt.builtins.a : adddf3.S.obj (.tramp.__aeabi_dsub.1)
                  00003b6c    0000000a     libc.a : _printfi.c.obj (.text.OUTLINED_FUNCTION_1)
                  00003b76    00000002     --HOLE-- [fill = 0]
                  00003b78    00000008     libclang_rt.builtins.a : aeabi_memcpy.S.obj (.text.__aeabi_memcpy)
                  00003b80    00000008     libc.a : printf.c.obj (.text._outc)
                  00003b88    00000008            : printf.c.obj (.text._outs)
                  00003b90    00000008            : fseek.c.obj (.text.fseek)
                  00003b98    00000008     libsysbm.a : remove.c.obj (.text.remove)
                  00003ba0    00000004     startup_mspm0g350x_ticlang.o (.text.Reset_Handler)
                  00003ba4    00000004     libc.a : pre_init.c.obj (.text._system_pre_init)
                  00003ba8    00000004            : exit.c.obj (.text:abort)
                  00003bac    00000004     --HOLE-- [fill = 0]

.cinit     0    00003e50    00000088     
                  00003e50    00000062     (.cinit..data.load) [load image, compression = lzss]
                  00003eb2    00000002     --HOLE-- [fill = 0]
                  00003eb4    0000000c     (__TI_handler_table)
                  00003ec0    00000008     (.cinit..bss.load) [load image, compression = zero_init]
                  00003ec8    00000010     (__TI_cinit_table)

.rodata    0    00003bb0    000002a0     
                  00003bb0    00000101     libc.a : aeabi_ctype.S.obj (.rodata:__aeabi_ctype_table_)
                  00003cb1    00000003     --HOLE-- [fill = 0]
                  00003cb4    00000060     ti_msp_dl_config.o (.rodata.gMCAN0MsgRAMConfigParams)
                  00003d14    00000040     driverlib.a : dl_mcan.o (.rodata..L__const.DL_MCAN_getDataSize.dataSize)
                  00003d54    00000034     ti_msp_dl_config.o (.rodata.gMCAN0InitParams)
                  00003d88    0000002c     ti_msp_dl_config.o (.rodata.gMCAN0ConfigParams)
                  00003db4    00000020     driverlib.a : dl_mcan.o (.rodata.cst32)
                  00003dd4    00000020     ti_msp_dl_config.o (.rodata.gMCAN0BitTimes)
                  00003df4    0000001d     mcan_single_message_tx.o (.rodata.str1.133154076084857776691)
                  00003e11    00000011     libc.a : _printfi.c.obj (.rodata.str1.11645776875810915891)
                  00003e22    00000011            : _printfi.c.obj (.rodata.str1.44690500295887128011)
                  00003e33    00000001     --HOLE-- [fill = 0]
                  00003e34    0000000c     ti_msp_dl_config.o (.rodata.gVREFConfig)
                  00003e40    00000008     ti_msp_dl_config.o (.rodata.gADC12_0ClockConfig)
                  00003e48    00000004     ti_msp_dl_config.o (.rodata.gMCAN0ClockConf)
                  00003e4c    00000004     --HOLE-- [fill = 0]

.init_array 
*          0    00000000    00000000     UNINITIALIZED

.binit     0    00000000    00000000     

.sysmem    0    20200000    00000800     UNINITIALIZED
                  20200000    00000010     libc.a : memory.c.obj (.sysmem)
                  20200010    000007f0     --HOLE--

.data      0    20200800    000001d5     UNINITIALIZED
                  20200800    000000f0     libc.a : defs.c.obj (.data._ftable)
                  202008f0    00000078     libsysbm.a : host_device.c.obj (.data._device)
                  20200968    00000050                : host_device.c.obj (.data._stream)
                  202009b8    00000008     libc.a : exit.c.obj (.data..L_MergedGlobals)
                  202009c0    00000004            : defs.c.obj (.data.__TI_ft_end)
                  202009c4    00000004            : aeabi_portable.c.obj (.data.__aeabi_errno)
                  202009c8    00000004            : _lock.c.obj (.data._lock)
                  202009cc    00000004            : _lock.c.obj (.data._unlock)
                  202009d0    00000001     mcan_single_message_tx.o (.data.gCheckADC)
                  202009d1    00000003     --HOLE--
                  202009d4    00000001     libc.a : memory.c.obj (.data.memory_is_initialized)

.bss       0    202009d8    000001cc     UNINITIALIZED
                  202009d8    00000120     libsysbm.a : trgmsg.c.obj (.bss:_CIOBUF_)
                  20200af8    000000a0     libc.a : defs.c.obj (.bss.__TI_tmpnams)
                  20200b98    00000008     libsysbm.a : hostopen.c.obj (.bss.parmbuf)
                  20200ba0    00000004     libc.a : memory.c.obj (.bss.sys_free)

.stack     0    20207e00    00000200     UNINITIALIZED
                  20207e00    00000004     libc.a : boot_cortex_m.c.obj (.stack)
                  20207e04    000001fc     --HOLE--

__llvm_prf_cnts 
*          0    20200000    00000000     UNINITIALIZED

__llvm_prf_bits 
*          0    20200000    00000000     UNINITIALIZED

MODULE SUMMARY

       Module                         code    ro data   rw data
       ------                         ----    -------   -------
    .\
       ti_msp_dl_config.o             584     248       0      
       mcan_single_message_tx.o       256     29        1      
       startup_mspm0g350x_ticlang.o   6       192       0      
    +--+------------------------------+-------+---------+---------+
       Total:                         846     469       1      
                                                               
    C:/ti/mspm0_sdk_2_02_00_05/source/ti/driverlib/lib/ticlang/m0p/mspm0g1x0x_g3x0x/driverlib.a
       dl_mcan.o                      2966    96        0      
       dl_sysctl_mspm0g1x0x_g3x0x.o   264     0         0      
       dl_adc12.o                     116     0         0      
       dl_vref.o                      52      0         0      
       dl_common.o                    20      0         0      
    +--+------------------------------+-------+---------+---------+
       Total:                         3418    96        0      
                                                               
    C:\ti\ccs1271\ccs\tools\compiler\ti-cgt-armllvm_3.2.2.LTS\lib\armv6m-ti-none-eabi/c/libc.a
       _printfi.c.obj                 4558    34        0      
       memory.c.obj                   730     0         5      
       defs.c.obj                     0       0         404    
       fputs.c.obj                    260     0         0      
       aeabi_ctype.S.obj              0       257       0      
       setvbuf.c.obj                  220     0         0      
       s_scalbn.c.obj                 216     0         0      
       getdevice.c.obj                160     0         0      
       fputc.c.obj                    156     0         0      
       memcpy16.S.obj                 154     0         0      
       fclose.c.obj                   124     0         0      
       copy_decompress_lzss.c.obj     120     0         0      
       fseek.c.obj                    116     0         0      
       printf.c.obj                   108     0         0      
       _io_perm.c.obj                 100     0         0      
       memset16.S.obj                 98      0         0      
       s_frexp.c.obj                  92      0         0      
       _ltoa.c.obj                    88      0         0      
       fflush.c.obj                   82      0         0      
       atoi.c.obj                     64      0         0      
       exit.c.obj                     56      0         8      
       autoinit.c.obj                 60      0         0      
       fopen.c.obj                    52      0         0      
       boot_cortex_m.c.obj            40      0         0      
       memccpy.c.obj                  34      0         0      
       copy_zero_init.c.obj           22      0         0      
       copy_decompress_none.c.obj     18      0         0      
       wcslen.c.obj                   16      0         0      
       aeabi_portable.c.obj           8       0         4      
       _lock.c.obj                    2       0         8      
       pre_init.c.obj                 4       0         0      
    +--+------------------------------+-------+---------+---------+
       Total:                         7758    291       429    
                                                               
    C:\ti\ccs1271\ccs\tools\compiler\ti-cgt-armllvm_3.2.2.LTS\lib\armv6m-ti-none-eabi/c/libsysbm.a
       trgmsg.c.obj                   104     0         288    
       host_device.c.obj              0       0         200    
       hostrename.c.obj               140     0         0      
       hostlseek.c.obj                108     0         0      
       hostopen.c.obj                 96      0         8      
       hostread.c.obj                 88      0         0      
       hostwrite.c.obj                88      0         0      
       close.c.obj                    80      0         0      
       hostclose.c.obj                72      0         0      
       hostunlink.c.obj               72      0         0      
       unlink.c.obj                   44      0         0      
       lseek.c.obj                    40      0         0      
       write.c.obj                    40      0         0      
       remove.c.obj                   8       0         0      
    +--+------------------------------+-------+---------+---------+
       Total:                         980     0         496    
                                                               
    C:\ti\ccs1271\ccs\tools\compiler\ti-cgt-armllvm_3.2.2.LTS\lib\clang/15.0.7/lib/armv6m-ti-none-eabi/libclang_rt.builtins.a
       adddf3.S.obj                   418     0         0      
       divdf3.S.obj                   268     0         0      
       muldf3.S.obj                   228     0         0      
       comparedf2.c.obj               220     0         0      
       udivmoddi4.S.obj               162     0         0      
       truncdfsf2.S.obj               116     0         0      
       aeabi_dcmp.S.obj               98      0         0      
       aeabi_idivmod.S.obj            86      0         0      
       fixdfsi.S.obj                  74      0         0      
       aeabi_uidivmod.S.obj           64      0         0      
       extendsfdf2.S.obj              64      0         0      
       muldsi3.S.obj                  58      0         0      
       floatsidf.S.obj                44      0         0      
       floatunsidf.S.obj              36      0         0      
       muldi3.S.obj                   36      0         0      
       ashldi3.S.obj                  30      0         0      
       aeabi_memset.S.obj             26      0         0      
       aeabi_uldivmod.S.obj           20      0         0      
       aeabi_memcpy.S.obj             8       0         0      
       aeabi_div0.c.obj               4       0         0      
    +--+------------------------------+-------+---------+---------+
       Total:                         2060    0         0      
                                                               
       Heap:                          0       0         2048   
       Stack:                         0       0         512    
       Linker Generated:              0       134       0      
    +--+------------------------------+-------+---------+---------+
       Grand Total:                   15062   990       3486   


LINKER GENERATED COPY TABLES

__TI_cinit_table @ 00003ec8 records: 2, size/record: 8, table size: 16
	.data: load addr=00003e50, load size=00000062 bytes, run addr=20200800, run size=000001d5 bytes, compression=lzss
	.bss: load addr=00003ec0, load size=00000008 bytes, run addr=202009d8, run size=000001cc bytes, compression=zero_init


LINKER GENERATED HANDLER TABLE

__TI_handler_table @ 00003eb4 records: 3, size/record: 4, table size: 12
	index: 0, handler: __TI_decompress_lzss
	index: 1, handler: __TI_decompress_none
	index: 2, handler: __TI_zero_init


FAR CALL TRAMPOLINES

callee name               trampoline name
   callee addr  tramp addr   call addr  call info
--------------  -----------  ---------  ----------------
__aeabi_dsub              $Tramp$TT$L$PI$$__aeabi_dsub
   00001165     00003b5c     00003b58   libc.a : _printfi.c.obj (.text.OUTLINED_FUNCTION_0)

[1 trampolines]
[1 trampoline calls]


GLOBAL SYMBOLS: SORTED ALPHABETICALLY BY Name 

address   name                              
-------   ----                              
00003991  ADC0_IRQHandler                   
000012f7  ADC1_IRQHandler                   
000012f7  AES_IRQHandler                    
00003ba8  C$$EXIT                           
00003595  C$$IO$$                           
000012f7  CANFD0_IRQHandler                 
000012f7  DAC0_IRQHandler                   
000030dd  DL_ADC12_setClockConfig           
00003a13  DL_Common_delayCycles             
00002f45  DL_MCAN_TXBufAddReq               
0000183d  DL_MCAN_config                    
000039ad  DL_MCAN_getOpMode                 
00002591  DL_MCAN_getRevisionId             
000012f9  DL_MCAN_init                      
000032e5  DL_MCAN_isMemInitDone             
00000ac1  DL_MCAN_msgRAMConfig              
0000147d  DL_MCAN_setBitTime                
00003661  DL_MCAN_setClockConfig            
00003129  DL_MCAN_setExtIDAndMask           
000038b1  DL_MCAN_setOpMode                 
00002301  DL_MCAN_writeMsgRam               
00002a85  DL_SYSCTL_setHFCLKSourceHFXTParams
000034cd  DL_VREF_configReference           
000012f7  DMA_IRQHandler                    
000012f7  Default_Handler                   
000012f7  GROUP0_IRQHandler                 
000012f7  GROUP1_IRQHandler                 
0000320d  HOSTclose                         
00002805  HOSTlseek                         
00002c75  HOSTopen                          
00002d8d  HOSTread                          
00002871  HOSTrename                        
00003255  HOSTunlink                        
00002de5  HOSTwrite                         
000012f7  HardFault_Handler                 
000012f7  I2C0_IRQHandler                   
000012f7  I2C1_IRQHandler                   
000012f7  NMI_Handler                       
000012f7  PendSV_Handler                    
000012f7  RTC_IRQHandler                    
00003ba1  Reset_Handler                     
000012f7  SPI0_IRQHandler                   
000012f7  SPI1_IRQHandler                   
000012f7  SVC_Handler                       
0000329d  SYSCFG_DL_ADC12_0_init            
0000303d  SYSCFG_DL_GPIO_init               
0000222d  SYSCFG_DL_MCAN0_init              
00003821  SYSCFG_DL_SYSCTL_CLK_init         
0000345d  SYSCFG_DL_SYSCTL_init             
00003a51  SYSCFG_DL_VREF_init               
00003951  SYSCFG_DL_init                    
00003175  SYSCFG_DL_initPower               
000012f7  SysTick_Handler                   
000012f7  TIMA0_IRQHandler                  
000012f7  TIMA1_IRQHandler                  
000012f7  TIMG0_IRQHandler                  
000012f7  TIMG12_IRQHandler                 
000012f7  TIMG6_IRQHandler                  
000012f7  TIMG7_IRQHandler                  
000012f7  TIMG8_IRQHandler                  
000012f7  UART0_IRQHandler                  
000012f7  UART1_IRQHandler                  
000012f7  UART2_IRQHandler                  
000012f7  UART3_IRQHandler                  
202009d8  _CIOBUF_                          
202009d8  __CIOBUF_                         
20208000  __STACK_END                       
00000200  __STACK_SIZE                      
00000800  __SYSMEM_SIZE                     
00000000  __TI_ATRegion0_region_sz          
00000000  __TI_ATRegion0_src_addr           
00000000  __TI_ATRegion0_trg_addr           
00000000  __TI_ATRegion1_region_sz          
00000000  __TI_ATRegion1_src_addr           
00000000  __TI_ATRegion1_trg_addr           
00000000  __TI_ATRegion2_region_sz          
00000000  __TI_ATRegion2_src_addr           
00000000  __TI_ATRegion2_trg_addr           
00003ec8  __TI_CINIT_Base                   
00003ed8  __TI_CINIT_Limit                  
00003ed8  __TI_CINIT_Warm                   
00003eb4  __TI_Handler_Table_Base           
00003ec0  __TI_Handler_Table_Limit          
000033e5  __TI_auto_init_nobinit_nopinit    
00003501  __TI_cleanup                      
202009b8  __TI_cleanup_ptr                  
00002625  __TI_closefile                    
000026a1  __TI_decompress_lzss              
00003a9f  __TI_decompress_none              
00002f99  __TI_doflush                      
202009bc  __TI_dtors_ptr                    
202009c0  __TI_ft_end                       
00002e3d  __TI_ltoa                         
ffffffff  __TI_pprof_out_hndl               
000000c1  __TI_printfi                      
ffffffff  __TI_prof_data_size               
ffffffff  __TI_prof_data_start              
00003535  __TI_readmsg                      
00000000  __TI_static_base__                
20200af8  __TI_tmpnams                      
00003569  __TI_writemsg                     
00002ae9  __TI_wrt_ok                       
000039fd  __TI_zero_init_nomemset           
0000116f  __adddf3                          
00003bb0  __aeabi_ctype_table_              
00003bb0  __aeabi_ctype_table_C             
00002721  __aeabi_d2f                       
000031c1  __aeabi_d2iz                      
0000116f  __aeabi_dadd                      
00002bb1  __aeabi_dcmpeq                    
00002bed  __aeabi_dcmpge                    
00002c01  __aeabi_dcmpgt                    
00002bd9  __aeabi_dcmple                    
00002bc5  __aeabi_dcmplt                    
00001bb5  __aeabi_ddiv                      
00001eb1  __aeabi_dmul                      
00001165  __aeabi_dsub                      
202009c4  __aeabi_errno                     
00002719  __aeabi_errno_addr                
00003365  __aeabi_f2d                       
0000368d  __aeabi_i2d                       
00002eed  __aeabi_idiv                      
00002457  __aeabi_idiv0                     
00002eed  __aeabi_idivmod                   
0000258f  __aeabi_ldiv0                     
00003971  __aeabi_llsl                      
00003869  __aeabi_lmul                      
00003b39  __aeabi_memclr                    
00003b39  __aeabi_memclr4                   
00003b39  __aeabi_memclr8                   
00003b79  __aeabi_memcpy                    
00003b79  __aeabi_memcpy4                   
00003b79  __aeabi_memcpy8                   
00003b01  __aeabi_memset                    
00003b01  __aeabi_memset4                   
00003b01  __aeabi_memset8                   
00003845  __aeabi_ui2d                      
00003325  __aeabi_uidiv                     
00003325  __aeabi_uidivmod                  
00003a65  __aeabi_uldivmod                  
00003971  __ashldi3                         
ffffffff  __binit__                         
000028dd  __cmpdf2                          
00001bb5  __divdf3                          
000028dd  __eqdf2                           
00003365  __extendsfdf2                     
000031c1  __fixdfsi                         
0000368d  __floatsidf                       
00003845  __floatunsidf                     
00002795  __gedf2                           
00002795  __gtdf2                           
000028dd  __ledf2                           
000028dd  __ltdf2                           
UNDEFED   __mpu_init                        
00001eb1  __muldf3                          
00003869  __muldi3                          
00003421  __muldsi3                         
000028dd  __nedf2                           
20207e00  __stack                           
20200000  __start___llvm_prf_bits           
20200000  __start___llvm_prf_cnts           
20200000  __stop___llvm_prf_bits            
20200000  __stop___llvm_prf_cnts            
00001165  __subdf3                          
00002721  __truncdfsf2                      
000023b5  __udivmoddi4                      
000037d5  _c_int00_noargs                   
202008f0  _device                           
20200800  _ftable                           
202009c8  _lock                             
00002a83  _nop                              
20200968  _stream                           
20200000  _sys_memory                       
UNDEFED   _system_post_cinit                
00003ba5  _system_pre_init                  
202009cc  _unlock                           
00003ba9  abort                             
00001969  aligned_alloc                     
000033a5  atoi                              
ffffffff  binit                             
0000308d  close                             
0000359d  exit                              
00003495  finddevice                        
00002459  fputc                             
00001cc1  fputs                             
00001dc5  free                              
00002cd5  frexp                             
00002cd5  frexpl                            
00003b91  fseek                             
00002949  fseeko                            
202009d0  gCheckADC                         
000029b5  getdevice                         
00000000  interruptVectors                  
00002155  ldexp                             
00002155  ldexpl                            
00003785  lseek                             
00001f95  main                              
00003b45  malloc                            
00001969  memalign                          
0000388d  memccpy                           
000024f5  memcpy                            
00002c13  memset                            
20200b98  parmbuf                           
00002d31  printf                            
00003b99  remove                            
00002155  scalbn                            
00002155  scalbnl                           
00002079  setvbuf                           
000036b9  unlink                            
00003ae1  wcslen                            
000037ad  write                             


GLOBAL SYMBOLS: SORTED BY Symbol Address 

address   name                              
-------   ----                              
00000000  __TI_ATRegion0_region_sz          
00000000  __TI_ATRegion0_src_addr           
00000000  __TI_ATRegion0_trg_addr           
00000000  __TI_ATRegion1_region_sz          
00000000  __TI_ATRegion1_src_addr           
00000000  __TI_ATRegion1_trg_addr           
00000000  __TI_ATRegion2_region_sz          
00000000  __TI_ATRegion2_src_addr           
00000000  __TI_ATRegion2_trg_addr           
00000000  __TI_static_base__                
00000000  interruptVectors                  
000000c1  __TI_printfi                      
00000200  __STACK_SIZE                      
00000800  __SYSMEM_SIZE                     
00000ac1  DL_MCAN_msgRAMConfig              
00001165  __aeabi_dsub                      
00001165  __subdf3                          
0000116f  __adddf3                          
0000116f  __aeabi_dadd                      
000012f7  ADC1_IRQHandler                   
000012f7  AES_IRQHandler                    
000012f7  CANFD0_IRQHandler                 
000012f7  DAC0_IRQHandler                   
000012f7  DMA_IRQHandler                    
000012f7  Default_Handler                   
000012f7  GROUP0_IRQHandler                 
000012f7  GROUP1_IRQHandler                 
000012f7  HardFault_Handler                 
000012f7  I2C0_IRQHandler                   
000012f7  I2C1_IRQHandler                   
000012f7  NMI_Handler                       
000012f7  PendSV_Handler                    
000012f7  RTC_IRQHandler                    
000012f7  SPI0_IRQHandler                   
000012f7  SPI1_IRQHandler                   
000012f7  SVC_Handler                       
000012f7  SysTick_Handler                   
000012f7  TIMA0_IRQHandler                  
000012f7  TIMA1_IRQHandler                  
000012f7  TIMG0_IRQHandler                  
000012f7  TIMG12_IRQHandler                 
000012f7  TIMG6_IRQHandler                  
000012f7  TIMG7_IRQHandler                  
000012f7  TIMG8_IRQHandler                  
000012f7  UART0_IRQHandler                  
000012f7  UART1_IRQHandler                  
000012f7  UART2_IRQHandler                  
000012f7  UART3_IRQHandler                  
000012f9  DL_MCAN_init                      
0000147d  DL_MCAN_setBitTime                
0000183d  DL_MCAN_config                    
00001969  aligned_alloc                     
00001969  memalign                          
00001bb5  __aeabi_ddiv                      
00001bb5  __divdf3                          
00001cc1  fputs                             
00001dc5  free                              
00001eb1  __aeabi_dmul                      
00001eb1  __muldf3                          
00001f95  main                              
00002079  setvbuf                           
00002155  ldexp                             
00002155  ldexpl                            
00002155  scalbn                            
00002155  scalbnl                           
0000222d  SYSCFG_DL_MCAN0_init              
00002301  DL_MCAN_writeMsgRam               
000023b5  __udivmoddi4                      
00002457  __aeabi_idiv0                     
00002459  fputc                             
000024f5  memcpy                            
0000258f  __aeabi_ldiv0                     
00002591  DL_MCAN_getRevisionId             
00002625  __TI_closefile                    
000026a1  __TI_decompress_lzss              
00002719  __aeabi_errno_addr                
00002721  __aeabi_d2f                       
00002721  __truncdfsf2                      
00002795  __gedf2                           
00002795  __gtdf2                           
00002805  HOSTlseek                         
00002871  HOSTrename                        
000028dd  __cmpdf2                          
000028dd  __eqdf2                           
000028dd  __ledf2                           
000028dd  __ltdf2                           
000028dd  __nedf2                           
00002949  fseeko                            
000029b5  getdevice                         
00002a83  _nop                              
00002a85  DL_SYSCTL_setHFCLKSourceHFXTParams
00002ae9  __TI_wrt_ok                       
00002bb1  __aeabi_dcmpeq                    
00002bc5  __aeabi_dcmplt                    
00002bd9  __aeabi_dcmple                    
00002bed  __aeabi_dcmpge                    
00002c01  __aeabi_dcmpgt                    
00002c13  memset                            
00002c75  HOSTopen                          
00002cd5  frexp                             
00002cd5  frexpl                            
00002d31  printf                            
00002d8d  HOSTread                          
00002de5  HOSTwrite                         
00002e3d  __TI_ltoa                         
00002eed  __aeabi_idiv                      
00002eed  __aeabi_idivmod                   
00002f45  DL_MCAN_TXBufAddReq               
00002f99  __TI_doflush                      
0000303d  SYSCFG_DL_GPIO_init               
0000308d  close                             
000030dd  DL_ADC12_setClockConfig           
00003129  DL_MCAN_setExtIDAndMask           
00003175  SYSCFG_DL_initPower               
000031c1  __aeabi_d2iz                      
000031c1  __fixdfsi                         
0000320d  HOSTclose                         
00003255  HOSTunlink                        
0000329d  SYSCFG_DL_ADC12_0_init            
000032e5  DL_MCAN_isMemInitDone             
00003325  __aeabi_uidiv                     
00003325  __aeabi_uidivmod                  
00003365  __aeabi_f2d                       
00003365  __extendsfdf2                     
000033a5  atoi                              
000033e5  __TI_auto_init_nobinit_nopinit    
00003421  __muldsi3                         
0000345d  SYSCFG_DL_SYSCTL_init             
00003495  finddevice                        
000034cd  DL_VREF_configReference           
00003501  __TI_cleanup                      
00003535  __TI_readmsg                      
00003569  __TI_writemsg                     
00003595  C$$IO$$                           
0000359d  exit                              
00003661  DL_MCAN_setClockConfig            
0000368d  __aeabi_i2d                       
0000368d  __floatsidf                       
000036b9  unlink                            
00003785  lseek                             
000037ad  write                             
000037d5  _c_int00_noargs                   
00003821  SYSCFG_DL_SYSCTL_CLK_init         
00003845  __aeabi_ui2d                      
00003845  __floatunsidf                     
00003869  __aeabi_lmul                      
00003869  __muldi3                          
0000388d  memccpy                           
000038b1  DL_MCAN_setOpMode                 
00003951  SYSCFG_DL_init                    
00003971  __aeabi_llsl                      
00003971  __ashldi3                         
00003991  ADC0_IRQHandler                   
000039ad  DL_MCAN_getOpMode                 
000039fd  __TI_zero_init_nomemset           
00003a13  DL_Common_delayCycles             
00003a51  SYSCFG_DL_VREF_init               
00003a65  __aeabi_uldivmod                  
00003a9f  __TI_decompress_none              
00003ae1  wcslen                            
00003b01  __aeabi_memset                    
00003b01  __aeabi_memset4                   
00003b01  __aeabi_memset8                   
00003b39  __aeabi_memclr                    
00003b39  __aeabi_memclr4                   
00003b39  __aeabi_memclr8                   
00003b45  malloc                            
00003b79  __aeabi_memcpy                    
00003b79  __aeabi_memcpy4                   
00003b79  __aeabi_memcpy8                   
00003b91  fseek                             
00003b99  remove                            
00003ba1  Reset_Handler                     
00003ba5  _system_pre_init                  
00003ba8  C$$EXIT                           
00003ba9  abort                             
00003bb0  __aeabi_ctype_table_              
00003bb0  __aeabi_ctype_table_C             
00003eb4  __TI_Handler_Table_Base           
00003ec0  __TI_Handler_Table_Limit          
00003ec8  __TI_CINIT_Base                   
00003ed8  __TI_CINIT_Limit                  
00003ed8  __TI_CINIT_Warm                   
20200000  __start___llvm_prf_bits           
20200000  __start___llvm_prf_cnts           
20200000  __stop___llvm_prf_bits            
20200000  __stop___llvm_prf_cnts            
20200000  _sys_memory                       
20200800  _ftable                           
202008f0  _device                           
20200968  _stream                           
202009b8  __TI_cleanup_ptr                  
202009bc  __TI_dtors_ptr                    
202009c0  __TI_ft_end                       
202009c4  __aeabi_errno                     
202009c8  _lock                             
202009cc  _unlock                           
202009d0  gCheckADC                         
202009d8  _CIOBUF_                          
202009d8  __CIOBUF_                         
20200af8  __TI_tmpnams                      
20200b98  parmbuf                           
20207e00  __stack                           
20208000  __STACK_END                       
ffffffff  __TI_pprof_out_hndl               
ffffffff  __TI_prof_data_size               
ffffffff  __TI_prof_data_start              
ffffffff  __binit__                         
ffffffff  binit                             
UNDEFED   __mpu_init                        
UNDEFED   _system_post_cinit                

[211 symbols]
