******************************************************************************
            TI ARM Clang Linker PC v3.2.2                      
******************************************************************************
>> Linked Sat Oct 19 12:16:32 2024

OUTPUT FILE NAME:   <mcan_single_message_tx_LP_MSPM0G3507_nortos_ticlang.out>
ENTRY POINT SYMBOL: "_c_int00_noargs"  address: 00001fc9


MEMORY CONFIGURATION

         name            origin    length      used     unused   attr    fill
----------------------  --------  ---------  --------  --------  ----  --------
  FLASH                 00000000   00020000  000024d8  0001db28  R  X
  SRAM                  20200000   00008000  00000d9a  00007266  RW X
  BCR_CONFIG            41c00000   00000080  00000000  00000080  R   
  BSL_CONFIG            41c00100   00000080  00000000  00000080  R   


SEGMENT ALLOCATION MAP

run origin  load origin   length   init length attrs members
----------  ----------- ---------- ----------- ----- -------
00000000    00000000    000024d8   000024d8    r-x
  00000000    00000000    000000c0   000000c0    r-- .intvecs
  000000c0    000000c0    00002200   00002200    r-x .text
  000022c0    000022c0    00000190   00000190    r-- .rodata
  00002450    00002450    00000088   00000088    r-- .cinit
20200000    20200000    00000b9d   00000000    rw-
  20200000    20200000    00000800   00000000    rw- .sysmem
  20200800    20200800    000001cd   00000000    rw- .bss
  202009d0    202009d0    000001cd   00000000    rw- .data
20207e00    20207e00    00000200   00000000    rw-
  20207e00    20207e00    00000200   00000000    rw- .stack


SECTION ALLOCATION MAP

 output                                  attributes/
section   page    origin      length       input sections
--------  ----  ----------  ----------   ----------------
.intvecs   0    00000000    000000c0     
                  00000000    000000c0     startup_mspm0g350x_ticlang.o (.intvecs)

.text      0    000000c0    00002200     
                  000000c0    000002a8     driverlib.a : dl_mcan.o (.text.DL_MCAN_msgRAMConfig)
                  00000368    00000284     libc.a : _printfi.c.obj (.text:__TI_printfi_minimal)
                  000005ec    00000184     driverlib.a : dl_mcan.o (.text.DL_MCAN_init)
                  00000770    00000144                 : dl_mcan.o (.text.DL_MCAN_setBitTime)
                  000008b4    00000140                 : dl_mcan.o (.text.DL_MCAN_writeMsg)
                  000009f4    0000012c                 : dl_mcan.o (.text.DL_MCAN_config)
                  00000b20    0000012c     libc.a : memory.c.obj (.text.aligned_alloc)
                  00000c4c    00000104            : fputs.c.obj (.text.fputs)
                  00000d50    000000ec            : memory.c.obj (.text.free)
                  00000e3c    000000dc            : setvbuf.c.obj (.text.setvbuf)
                  00000f18    000000d4     ti_msp_dl_config.o (.text.SYSCFG_DL_MCAN0_init)
                  00000fec    000000bc     mcan_single_message_tx.o (.text.main)
                  000010a8    000000b4     driverlib.a : dl_mcan.o (.text.DL_MCAN_writeMsgRam)
                  0000115c    0000009c     libc.a : fputc.c.obj (.text.fputc)
                  000011f8    0000009a            : memcpy16.S.obj (.text:memcpy)
                  00001292    00000002     startup_mspm0g350x_ticlang.o (.text.Default_Handler)
                  00001294    00000094     driverlib.a : dl_mcan.o (.text.DL_MCAN_getRevisionId)
                  00001328    0000007c     libc.a : fclose.c.obj (.text.__TI_closefile)
                  000013a4    00000078            : copy_decompress_lzss.c.obj (.text:decompress:lzss)
                  0000141c    0000006c     libsysbm.a : hostlseek.c.obj (.text.HOSTlseek)
                  00001488    0000006c                : hostrename.c.obj (.text.HOSTrename)
                  000014f4    0000006c     libc.a : fseek.c.obj (.text.fseeko)
                  00001560    00000068            : getdevice.c.obj (.text.getdevice)
                  000015c8    00000064     driverlib.a : dl_sysctl_mspm0g1x0x_g3x0x.o (.text.DL_SYSCTL_setHFCLKSourceHFXTParams)
                  0000162c    00000064     libc.a : _io_perm.c.obj (.text.__TI_wrt_ok)
                  00001690    00000064            : memory.c.obj (.text.split)
                  000016f4    00000062            : memset16.S.obj (.text:memset)
                  00001756    00000002     libclang_rt.builtins.a : aeabi_div0.c.obj (.text.__aeabi_idiv0)
                  00001758    00000060     libsysbm.a : hostopen.c.obj (.text.HOSTopen)
                  000017b8    0000005c     libc.a : printf.c.obj (.text.printf)
                  00001814    00000058     libsysbm.a : hostread.c.obj (.text.HOSTread)
                  0000186c    00000058                : hostwrite.c.obj (.text.HOSTwrite)
                  000018c4    00000054     driverlib.a : dl_mcan.o (.text.DL_MCAN_TXBufAddReq)
                  00001918    00000052     libc.a : fflush.c.obj (.text.__TI_doflush)
                  0000196a    00000002            : _lock.c.obj (.text._nop)
                  0000196c    00000050     ti_msp_dl_config.o (.text.SYSCFG_DL_GPIO_init)
                  000019bc    00000050     libsysbm.a : close.c.obj (.text.close)
                  00001a0c    0000004c     driverlib.a : dl_adc12.o (.text.DL_ADC12_setClockConfig)
                  00001a58    0000004c                 : dl_mcan.o (.text.DL_MCAN_setExtIDAndMask)
                  00001aa4    0000004c     ti_msp_dl_config.o (.text.SYSCFG_DL_initPower)
                  00001af0    00000048     libsysbm.a : hostclose.c.obj (.text.HOSTclose)
                  00001b38    00000048                : hostunlink.c.obj (.text.HOSTunlink)
                  00001b80    00000048     ti_msp_dl_config.o (.text.SYSCFG_DL_ADC12_0_init)
                  00001bc8    00000040     driverlib.a : dl_mcan.o (.text.DL_MCAN_isMemInitDone)
                  00001c08    00000040     libclang_rt.builtins.a : aeabi_uidivmod.S.obj (.text.__aeabi_uidivmod)
                  00001c48    0000003c     libc.a : autoinit.c.obj (.text:__TI_auto_init_nobinit_nopinit)
                  00001c84    00000038     ti_msp_dl_config.o (.text.SYSCFG_DL_SYSCTL_init)
                  00001cbc    00000038     libc.a : getdevice.c.obj (.text.finddevice)
                  00001cf4    00000034     driverlib.a : dl_vref.o (.text.DL_VREF_configReference)
                  00001d28    00000034     libc.a : fopen.c.obj (.text.__TI_cleanup)
                  00001d5c    00000034     libsysbm.a : trgmsg.c.obj (.text.__TI_readmsg)
                  00001d90    00000034                : trgmsg.c.obj (.text.__TI_writemsg)
                  00001dc4    00000034     libc.a : exit.c.obj (.text.exit)
                  00001df8    00000032     driverlib.a : dl_mcan.o (.text.HW_WR_FIELD32_RAW)
                  00001e2a    00000002     --HOLE-- [fill = 0]
                  00001e2c    0000002c                 : dl_mcan.o (.text.DL_MCAN_getDataSize)
                  00001e58    0000002c                 : dl_mcan.o (.text.DL_MCAN_setClockConfig)
                  00001e84    0000002c     libsysbm.a : unlink.c.obj (.text.unlink)
                  00001eb0    00000028     driverlib.a : dl_adc12.o (.text.DL_Common_updateReg)
                  00001ed8    00000028                 : dl_mcan.o (.text.DL_Common_updateReg)
                  00001f00    00000028                 : dl_sysctl_mspm0g1x0x_g3x0x.o (.text.DL_Common_updateReg)
                  00001f28    00000028     mcan_single_message_tx.o (.text.GROUP1_IRQHandler)
                  00001f50    00000028     libc.a : memory.c.obj (.text.free_list_insert)
                  00001f78    00000028     libsysbm.a : lseek.c.obj (.text.lseek)
                  00001fa0    00000028                : write.c.obj (.text.write)
                  00001fc8    00000028     libc.a : boot_cortex_m.c.obj (.text:_c_int00_noargs)
                  00001ff0    00000024     driverlib.a : dl_mcan.o (.text.DL_MCAN_getMsgObjSize)
                  00002014    00000024     ti_msp_dl_config.o (.text.SYSCFG_DL_SYSCTL_CLK_init)
                  00002038    00000022     libc.a : memccpy.c.obj (.text.memccpy)
                  0000205a    00000002     --HOLE-- [fill = 0]
                  0000205c    00000020     driverlib.a : dl_mcan.o (.text.DL_MCAN_setOpMode)
                  0000207c    00000020                 : dl_mcan.o (.text.DL_MCAN_writeProtectedRegAccessLock)
                  0000209c    00000020                 : dl_mcan.o (.text.DL_MCAN_writeProtectedRegAccessUnlock)
                  000020bc    00000020                 : dl_sysctl_mspm0g1x0x_g3x0x.o (.text.DL_SYSCTL_setHFXTFrequencyRange)
                  000020dc    00000020                 : dl_mcan.o (.text.HW_RD_FIELD32_RAW)
                  000020fc    00000020     ti_msp_dl_config.o (.text.SYSCFG_DL_init)
                  0000211c    0000001c     driverlib.a : dl_mcan.o (.text.DL_MCAN_getOpMode)
                  00002138    0000001c     libc.a : memory.c.obj (.text.free_list_remove)
                  00002154    00000018     driverlib.a : dl_sysctl_mspm0g1x0x_g3x0x.o (.text.DL_SYSCTL_setHFXTStartupTime)
                  0000216c    00000016     libc.a : copy_zero_init.c.obj (.text:decompress:ZI:__TI_zero_init_nomemset)
                  00002182    00000014     driverlib.a : dl_common.o (.text.DL_Common_delayCycles)
                  00002196    00000002     --HOLE-- [fill = 0]
                  00002198    00000014                 : dl_sysctl_mspm0g1x0x_g3x0x.o (.text.DL_SYSCTL_disableHFCLKStartupMonitor)
                  000021ac    00000014                 : dl_sysctl_mspm0g1x0x_g3x0x.o (.text.DL_SYSCTL_enableHFCLKStartupMonitor)
                  000021c0    00000014     ti_msp_dl_config.o (.text.SYSCFG_DL_VREF_init)
                  000021d4    00000012     libsysbm.a : hostrename.c.obj (.text.strcpy)
                  000021e6    00000012     libc.a : copy_decompress_none.c.obj (.text:decompress:none)
                  000021f8    00000010     driverlib.a : dl_sysctl_mspm0g1x0x_g3x0x.o (.text.DL_SYSCTL_disableHFXT)
                  00002208    00000010                 : dl_mcan.o (.text.HW_RD_REG32_RAW)
                  00002218    00000010                 : dl_mcan.o (.text.HW_WR_REG32_RAW)
                  00002228    0000000e     libc.a : memory.c.obj (.text.OUTLINED_FUNCTION_0)
                  00002236    00000002     --HOLE-- [fill = 0]
                  00002238    0000000e     libclang_rt.builtins.a : aeabi_memset.S.obj (.text.__aeabi_memset)
                  00002246    0000000e     libc.a : _printfi.c.obj (.text.strlen)
                  00002254    0000000e     libsysbm.a : hostrename.c.obj (.text.strlen)
                  00002262    00000002     --HOLE-- [fill = 0]
                  00002264    0000000c     driverlib.a : dl_sysctl_mspm0g1x0x_g3x0x.o (.text.DL_SYSCTL_getClockStatus)
                  00002270    0000000c     libclang_rt.builtins.a : aeabi_memset.S.obj (.text.__aeabi_memclr)
                  0000227c    0000000c     libc.a : memory.c.obj (.text.malloc)
                  00002288    00000008     libclang_rt.builtins.a : aeabi_memcpy.S.obj (.text.__aeabi_memcpy)
                  00002290    00000008     libc.a : printf.c.obj (.text._outc)
                  00002298    00000008            : printf.c.obj (.text._outs)
                  000022a0    00000008            : fseek.c.obj (.text.fseek)
                  000022a8    00000008     libsysbm.a : remove.c.obj (.text.remove)
                  000022b0    00000004     startup_mspm0g350x_ticlang.o (.text.Reset_Handler)
                  000022b4    00000004     libc.a : pre_init.c.obj (.text._system_pre_init)
                  000022b8    00000004            : exit.c.obj (.text:abort)
                  000022bc    00000004     --HOLE-- [fill = 0]

.cinit     0    00002450    00000088     
                  00002450    00000062     (.cinit..data.load) [load image, compression = lzss]
                  000024b2    00000002     --HOLE-- [fill = 0]
                  000024b4    0000000c     (__TI_handler_table)
                  000024c0    00000008     (.cinit..bss.load) [load image, compression = zero_init]
                  000024c8    00000010     (__TI_cinit_table)

.rodata    0    000022c0    00000190     
                  000022c0    00000060     ti_msp_dl_config.o (.rodata.gMCAN0MsgRAMConfigParams)
                  00002320    00000040     driverlib.a : dl_mcan.o (.rodata..L__const.DL_MCAN_getDataSize.dataSize)
                  00002360    00000034     ti_msp_dl_config.o (.rodata.gMCAN0InitParams)
                  00002394    0000002c     ti_msp_dl_config.o (.rodata.gMCAN0ConfigParams)
                  000023c0    00000021     mcan_single_message_tx.o (.rodata.str1.133154076084857776691)
                  000023e1    00000003     --HOLE-- [fill = 0]
                  000023e4    00000020     driverlib.a : dl_mcan.o (.rodata.cst32)
                  00002404    00000020     ti_msp_dl_config.o (.rodata.gMCAN0BitTimes)
                  00002424    00000011     libc.a : _printfi.c.obj (.rodata.str1.44690500295887128011)
                  00002435    00000003     --HOLE-- [fill = 0]
                  00002438    0000000c     ti_msp_dl_config.o (.rodata.gVREFConfig)
                  00002444    00000008     ti_msp_dl_config.o (.rodata.gADC12_0ClockConfig)
                  0000244c    00000004     ti_msp_dl_config.o (.rodata.gMCAN0ClockConf)

.init_array 
*          0    00000000    00000000     UNINITIALIZED

.binit     0    00000000    00000000     

.sysmem    0    20200000    00000800     UNINITIALIZED
                  20200000    00000010     libc.a : memory.c.obj (.sysmem)
                  20200010    000007f0     --HOLE--

.bss       0    20200800    000001cd     UNINITIALIZED
                  20200800    00000120     libsysbm.a : trgmsg.c.obj (.bss:_CIOBUF_)
                  20200920    000000a0     libc.a : defs.c.obj (.bss.__TI_tmpnams)
                  202009c0    00000008     libsysbm.a : hostopen.c.obj (.bss.parmbuf)
                  202009c8    00000004     libc.a : memory.c.obj (.bss.sys_free)
                  202009cc    00000001     (.common:gTXMsg)

.data      0    202009d0    000001cd     UNINITIALIZED
                  202009d0    000000f0     libc.a : defs.c.obj (.data._ftable)
                  20200ac0    00000078     libsysbm.a : host_device.c.obj (.data._device)
                  20200b38    00000050                : host_device.c.obj (.data._stream)
                  20200b88    00000008     libc.a : exit.c.obj (.data..L_MergedGlobals)
                  20200b90    00000004            : defs.c.obj (.data.__TI_ft_end)
                  20200b94    00000004            : _lock.c.obj (.data._lock)
                  20200b98    00000004            : _lock.c.obj (.data._unlock)
                  20200b9c    00000001            : memory.c.obj (.data.memory_is_initialized)

.stack     0    20207e00    00000200     UNINITIALIZED
                  20207e00    00000004     libc.a : boot_cortex_m.c.obj (.stack)
                  20207e04    000001fc     --HOLE--

__llvm_prf_cnts 
*          0    20200000    00000000     UNINITIALIZED

__llvm_prf_bits 
*          0    20200000    00000000     UNINITIALIZED

MODULE SUMMARY

       Module                         code   ro data   rw data
       ------                         ----   -------   -------
    .\
       ti_msp_dl_config.o             584    248       0      
       mcan_single_message_tx.o       228    33        1      
       startup_mspm0g350x_ticlang.o   6      192       0      
    +--+------------------------------+------+---------+---------+
       Total:                         818    473       1      
                                                              
    C:/ti/mspm0_sdk_2_02_00_05/source/ti/driverlib/lib/ticlang/m0p/mspm0g1x0x_g3x0x/driverlib.a
       dl_mcan.o                      2966   96        0      
       dl_sysctl_mspm0g1x0x_g3x0x.o   264    0         0      
       dl_adc12.o                     116    0         0      
       dl_vref.o                      52     0         0      
       dl_common.o                    20     0         0      
    +--+------------------------------+------+---------+---------+
       Total:                         3418   96        0      
                                                              
    C:\ti\ccs1271\ccs\tools\compiler\ti-cgt-armllvm_3.2.2.LTS\lib\armv6m-ti-none-eabi/c/libc.a
       memory.c.obj                   730    0         5      
       _printfi.c.obj                 658    17        0      
       defs.c.obj                     0      0         404    
       fputs.c.obj                    260    0         0      
       setvbuf.c.obj                  220    0         0      
       getdevice.c.obj                160    0         0      
       fputc.c.obj                    156    0         0      
       memcpy16.S.obj                 154    0         0      
       fclose.c.obj                   124    0         0      
       copy_decompress_lzss.c.obj     120    0         0      
       fseek.c.obj                    116    0         0      
       printf.c.obj                   108    0         0      
       _io_perm.c.obj                 100    0         0      
       memset16.S.obj                 98     0         0      
       fflush.c.obj                   82     0         0      
       exit.c.obj                     56     0         8      
       autoinit.c.obj                 60     0         0      
       fopen.c.obj                    52     0         0      
       boot_cortex_m.c.obj            40     0         0      
       memccpy.c.obj                  34     0         0      
       copy_zero_init.c.obj           22     0         0      
       copy_decompress_none.c.obj     18     0         0      
       _lock.c.obj                    2      0         8      
       pre_init.c.obj                 4      0         0      
    +--+------------------------------+------+---------+---------+
       Total:                         3374   17        425    
                                                              
    C:\ti\ccs1271\ccs\tools\compiler\ti-cgt-armllvm_3.2.2.LTS\lib\armv6m-ti-none-eabi/c/libsysbm.a
       trgmsg.c.obj                   104    0         288    
       host_device.c.obj              0      0         200    
       hostrename.c.obj               140    0         0      
       hostlseek.c.obj                108    0         0      
       hostopen.c.obj                 96     0         8      
       hostread.c.obj                 88     0         0      
       hostwrite.c.obj                88     0         0      
       close.c.obj                    80     0         0      
       hostclose.c.obj                72     0         0      
       hostunlink.c.obj               72     0         0      
       unlink.c.obj                   44     0         0      
       lseek.c.obj                    40     0         0      
       write.c.obj                    40     0         0      
       remove.c.obj                   8      0         0      
    +--+------------------------------+------+---------+---------+
       Total:                         980    0         496    
                                                              
    C:\ti\ccs1271\ccs\tools\compiler\ti-cgt-armllvm_3.2.2.LTS\lib\clang/15.0.7/lib/armv6m-ti-none-eabi/libclang_rt.builtins.a
       aeabi_uidivmod.S.obj           64     0         0      
       aeabi_memset.S.obj             26     0         0      
       aeabi_memcpy.S.obj             8      0         0      
       aeabi_div0.c.obj               2      0         0      
    +--+------------------------------+------+---------+---------+
       Total:                         100    0         0      
                                                              
       Heap:                          0      0         2048   
       Stack:                         0      0         512    
       Linker Generated:              0      134       0      
    +--+------------------------------+------+---------+---------+
       Grand Total:                   8690   720       3482   


LINKER GENERATED COPY TABLES

__TI_cinit_table @ 000024c8 records: 2, size/record: 8, table size: 16
	.data: load addr=00002450, load size=00000062 bytes, run addr=202009d0, run size=000001cd bytes, compression=lzss
	.bss: load addr=000024c0, load size=00000008 bytes, run addr=20200800, run size=000001cd bytes, compression=zero_init


LINKER GENERATED HANDLER TABLE

__TI_handler_table @ 000024b4 records: 3, size/record: 4, table size: 12
	index: 0, handler: __TI_decompress_lzss
	index: 1, handler: __TI_decompress_none
	index: 2, handler: __TI_zero_init


GLOBAL SYMBOLS: SORTED ALPHABETICALLY BY Name 

address   name                              
-------   ----                              
00001293  ADC0_IRQHandler                   
00001293  ADC1_IRQHandler                   
00001293  AES_IRQHandler                    
000022b8  C$$EXIT                           
00001dbd  C$$IO$$                           
00001293  CANFD0_IRQHandler                 
00001293  DAC0_IRQHandler                   
00001a0d  DL_ADC12_setClockConfig           
00002183  DL_Common_delayCycles             
000018c5  DL_MCAN_TXBufAddReq               
000009f5  DL_MCAN_config                    
0000211d  DL_MCAN_getOpMode                 
00001295  DL_MCAN_getRevisionId             
000005ed  DL_MCAN_init                      
00001bc9  DL_MCAN_isMemInitDone             
000000c1  DL_MCAN_msgRAMConfig              
00000771  DL_MCAN_setBitTime                
00001e59  DL_MCAN_setClockConfig            
00001a59  DL_MCAN_setExtIDAndMask           
0000205d  DL_MCAN_setOpMode                 
000010a9  DL_MCAN_writeMsgRam               
000015c9  DL_SYSCTL_setHFCLKSourceHFXTParams
00001cf5  DL_VREF_configReference           
00001293  DMA_IRQHandler                    
00001293  Default_Handler                   
00001293  GROUP0_IRQHandler                 
00001f29  GROUP1_IRQHandler                 
00001af1  HOSTclose                         
0000141d  HOSTlseek                         
00001759  HOSTopen                          
00001815  HOSTread                          
00001489  HOSTrename                        
00001b39  HOSTunlink                        
0000186d  HOSTwrite                         
00001293  HardFault_Handler                 
00001293  I2C0_IRQHandler                   
00001293  I2C1_IRQHandler                   
00001293  NMI_Handler                       
00001293  PendSV_Handler                    
00001293  RTC_IRQHandler                    
000022b1  Reset_Handler                     
00001293  SPI0_IRQHandler                   
00001293  SPI1_IRQHandler                   
00001293  SVC_Handler                       
00001b81  SYSCFG_DL_ADC12_0_init            
0000196d  SYSCFG_DL_GPIO_init               
00000f19  SYSCFG_DL_MCAN0_init              
00002015  SYSCFG_DL_SYSCTL_CLK_init         
00001c85  SYSCFG_DL_SYSCTL_init             
000021c1  SYSCFG_DL_VREF_init               
000020fd  SYSCFG_DL_init                    
00001aa5  SYSCFG_DL_initPower               
00001293  SysTick_Handler                   
00001293  TIMA0_IRQHandler                  
00001293  TIMA1_IRQHandler                  
00001293  TIMG0_IRQHandler                  
00001293  TIMG12_IRQHandler                 
00001293  TIMG6_IRQHandler                  
00001293  TIMG7_IRQHandler                  
00001293  TIMG8_IRQHandler                  
00001293  UART0_IRQHandler                  
00001293  UART1_IRQHandler                  
00001293  UART2_IRQHandler                  
00001293  UART3_IRQHandler                  
20200800  _CIOBUF_                          
20200800  __CIOBUF_                         
20208000  __STACK_END                       
00000200  __STACK_SIZE                      
00000800  __SYSMEM_SIZE                     
00000000  __TI_ATRegion0_region_sz          
00000000  __TI_ATRegion0_src_addr           
00000000  __TI_ATRegion0_trg_addr           
00000000  __TI_ATRegion1_region_sz          
00000000  __TI_ATRegion1_src_addr           
00000000  __TI_ATRegion1_trg_addr           
00000000  __TI_ATRegion2_region_sz          
00000000  __TI_ATRegion2_src_addr           
00000000  __TI_ATRegion2_trg_addr           
000024c8  __TI_CINIT_Base                   
000024d8  __TI_CINIT_Limit                  
000024d8  __TI_CINIT_Warm                   
000024b4  __TI_Handler_Table_Base           
000024c0  __TI_Handler_Table_Limit          
00001c49  __TI_auto_init_nobinit_nopinit    
00001d29  __TI_cleanup                      
20200b88  __TI_cleanup_ptr                  
00001329  __TI_closefile                    
000013a5  __TI_decompress_lzss              
000021e7  __TI_decompress_none              
00001919  __TI_doflush                      
20200b8c  __TI_dtors_ptr                    
20200b90  __TI_ft_end                       
ffffffff  __TI_pprof_out_hndl               
00000369  __TI_printfi_minimal              
ffffffff  __TI_prof_data_size               
ffffffff  __TI_prof_data_start              
00001d5d  __TI_readmsg                      
00000000  __TI_static_base__                
20200920  __TI_tmpnams                      
00001d91  __TI_writemsg                     
0000162d  __TI_wrt_ok                       
0000216d  __TI_zero_init_nomemset           
00001757  __aeabi_idiv0                     
00002271  __aeabi_memclr                    
00002271  __aeabi_memclr4                   
00002271  __aeabi_memclr8                   
00002289  __aeabi_memcpy                    
00002289  __aeabi_memcpy4                   
00002289  __aeabi_memcpy8                   
00002239  __aeabi_memset                    
00002239  __aeabi_memset4                   
00002239  __aeabi_memset8                   
00001c09  __aeabi_uidiv                     
00001c09  __aeabi_uidivmod                  
ffffffff  __binit__                         
UNDEFED   __mpu_init                        
20207e00  __stack                           
20200000  __start___llvm_prf_bits           
20200000  __start___llvm_prf_cnts           
20200000  __stop___llvm_prf_bits            
20200000  __stop___llvm_prf_cnts            
00001fc9  _c_int00_noargs                   
20200ac0  _device                           
202009d0  _ftable                           
20200b94  _lock                             
0000196b  _nop                              
20200b38  _stream                           
20200000  _sys_memory                       
UNDEFED   _system_post_cinit                
000022b5  _system_pre_init                  
20200b98  _unlock                           
000022b9  abort                             
00000b21  aligned_alloc                     
ffffffff  binit                             
000019bd  close                             
00001dc5  exit                              
00001cbd  finddevice                        
0000115d  fputc                             
00000c4d  fputs                             
00000d51  free                              
000022a1  fseek                             
000014f5  fseeko                            
202009cc  gTXMsg                            
00001561  getdevice                         
00000000  interruptVectors                  
00001f79  lseek                             
00000fed  main                              
0000227d  malloc                            
00000b21  memalign                          
00002039  memccpy                           
000011f9  memcpy                            
000016f5  memset                            
202009c0  parmbuf                           
000017b9  printf                            
000022a9  remove                            
00000e3d  setvbuf                           
00001e85  unlink                            
00001fa1  write                             


GLOBAL SYMBOLS: SORTED BY Symbol Address 

address   name                              
-------   ----                              
00000000  __TI_ATRegion0_region_sz          
00000000  __TI_ATRegion0_src_addr           
00000000  __TI_ATRegion0_trg_addr           
00000000  __TI_ATRegion1_region_sz          
00000000  __TI_ATRegion1_src_addr           
00000000  __TI_ATRegion1_trg_addr           
00000000  __TI_ATRegion2_region_sz          
00000000  __TI_ATRegion2_src_addr           
00000000  __TI_ATRegion2_trg_addr           
00000000  __TI_static_base__                
00000000  interruptVectors                  
000000c1  DL_MCAN_msgRAMConfig              
00000200  __STACK_SIZE                      
00000369  __TI_printfi_minimal              
000005ed  DL_MCAN_init                      
00000771  DL_MCAN_setBitTime                
00000800  __SYSMEM_SIZE                     
000009f5  DL_MCAN_config                    
00000b21  aligned_alloc                     
00000b21  memalign                          
00000c4d  fputs                             
00000d51  free                              
00000e3d  setvbuf                           
00000f19  SYSCFG_DL_MCAN0_init              
00000fed  main                              
000010a9  DL_MCAN_writeMsgRam               
0000115d  fputc                             
000011f9  memcpy                            
00001293  ADC0_IRQHandler                   
00001293  ADC1_IRQHandler                   
00001293  AES_IRQHandler                    
00001293  CANFD0_IRQHandler                 
00001293  DAC0_IRQHandler                   
00001293  DMA_IRQHandler                    
00001293  Default_Handler                   
00001293  GROUP0_IRQHandler                 
00001293  HardFault_Handler                 
00001293  I2C0_IRQHandler                   
00001293  I2C1_IRQHandler                   
00001293  NMI_Handler                       
00001293  PendSV_Handler                    
00001293  RTC_IRQHandler                    
00001293  SPI0_IRQHandler                   
00001293  SPI1_IRQHandler                   
00001293  SVC_Handler                       
00001293  SysTick_Handler                   
00001293  TIMA0_IRQHandler                  
00001293  TIMA1_IRQHandler                  
00001293  TIMG0_IRQHandler                  
00001293  TIMG12_IRQHandler                 
00001293  TIMG6_IRQHandler                  
00001293  TIMG7_IRQHandler                  
00001293  TIMG8_IRQHandler                  
00001293  UART0_IRQHandler                  
00001293  UART1_IRQHandler                  
00001293  UART2_IRQHandler                  
00001293  UART3_IRQHandler                  
00001295  DL_MCAN_getRevisionId             
00001329  __TI_closefile                    
000013a5  __TI_decompress_lzss              
0000141d  HOSTlseek                         
00001489  HOSTrename                        
000014f5  fseeko                            
00001561  getdevice                         
000015c9  DL_SYSCTL_setHFCLKSourceHFXTParams
0000162d  __TI_wrt_ok                       
000016f5  memset                            
00001757  __aeabi_idiv0                     
00001759  HOSTopen                          
000017b9  printf                            
00001815  HOSTread                          
0000186d  HOSTwrite                         
000018c5  DL_MCAN_TXBufAddReq               
00001919  __TI_doflush                      
0000196b  _nop                              
0000196d  SYSCFG_DL_GPIO_init               
000019bd  close                             
00001a0d  DL_ADC12_setClockConfig           
00001a59  DL_MCAN_setExtIDAndMask           
00001aa5  SYSCFG_DL_initPower               
00001af1  HOSTclose                         
00001b39  HOSTunlink                        
00001b81  SYSCFG_DL_ADC12_0_init            
00001bc9  DL_MCAN_isMemInitDone             
00001c09  __aeabi_uidiv                     
00001c09  __aeabi_uidivmod                  
00001c49  __TI_auto_init_nobinit_nopinit    
00001c85  SYSCFG_DL_SYSCTL_init             
00001cbd  finddevice                        
00001cf5  DL_VREF_configReference           
00001d29  __TI_cleanup                      
00001d5d  __TI_readmsg                      
00001d91  __TI_writemsg                     
00001dbd  C$$IO$$                           
00001dc5  exit                              
00001e59  DL_MCAN_setClockConfig            
00001e85  unlink                            
00001f29  GROUP1_IRQHandler                 
00001f79  lseek                             
00001fa1  write                             
00001fc9  _c_int00_noargs                   
00002015  SYSCFG_DL_SYSCTL_CLK_init         
00002039  memccpy                           
0000205d  DL_MCAN_setOpMode                 
000020fd  SYSCFG_DL_init                    
0000211d  DL_MCAN_getOpMode                 
0000216d  __TI_zero_init_nomemset           
00002183  DL_Common_delayCycles             
000021c1  SYSCFG_DL_VREF_init               
000021e7  __TI_decompress_none              
00002239  __aeabi_memset                    
00002239  __aeabi_memset4                   
00002239  __aeabi_memset8                   
00002271  __aeabi_memclr                    
00002271  __aeabi_memclr4                   
00002271  __aeabi_memclr8                   
0000227d  malloc                            
00002289  __aeabi_memcpy                    
00002289  __aeabi_memcpy4                   
00002289  __aeabi_memcpy8                   
000022a1  fseek                             
000022a9  remove                            
000022b1  Reset_Handler                     
000022b5  _system_pre_init                  
000022b8  C$$EXIT                           
000022b9  abort                             
000024b4  __TI_Handler_Table_Base           
000024c0  __TI_Handler_Table_Limit          
000024c8  __TI_CINIT_Base                   
000024d8  __TI_CINIT_Limit                  
000024d8  __TI_CINIT_Warm                   
20200000  __start___llvm_prf_bits           
20200000  __start___llvm_prf_cnts           
20200000  __stop___llvm_prf_bits            
20200000  __stop___llvm_prf_cnts            
20200000  _sys_memory                       
20200800  _CIOBUF_                          
20200800  __CIOBUF_                         
20200920  __TI_tmpnams                      
202009c0  parmbuf                           
202009cc  gTXMsg                            
202009d0  _ftable                           
20200ac0  _device                           
20200b38  _stream                           
20200b88  __TI_cleanup_ptr                  
20200b8c  __TI_dtors_ptr                    
20200b90  __TI_ft_end                       
20200b94  _lock                             
20200b98  _unlock                           
20207e00  __stack                           
20208000  __STACK_END                       
ffffffff  __TI_pprof_out_hndl               
ffffffff  __TI_prof_data_size               
ffffffff  __TI_prof_data_start              
ffffffff  __binit__                         
ffffffff  binit                             
UNDEFED   __mpu_init                        
UNDEFED   _system_post_cinit                

[158 symbols]
