******************************************************************************
            TI ARM Clang Linker PC v3.2.2                      
******************************************************************************
>> Linked Mon Oct  7 15:27:29 2024

OUTPUT FILE NAME:   <adc12_single_conversion_vref_external_LP_MSPM0G3507_nortos_ticlang.out>
ENTRY POINT SYMBOL: "_c_int00_noargs"  address: 00002afd


MEMORY CONFIGURATION

         name            origin    length      used     unused   attr    fill
----------------------  --------  ---------  --------  --------  ----  --------
  FLASH                 00000000   00020000  00002f70  0001d090  R  X
  SRAM                  20200000   00008000  00000da1  0000725f  RW X
  BCR_CONFIG            41c00000   00000080  00000000  00000080  R   
  BSL_CONFIG            41c00100   00000080  00000000  00000080  R   


SEGMENT ALLOCATION MAP

run origin  load origin   length   init length attrs members
----------  ----------- ---------- ----------- ----- -------
00000000    00000000    00002f70   00002f70    r-x
  00000000    00000000    000000c0   000000c0    r-- .intvecs
  000000c0    000000c0    00002cb0   00002cb0    r-x .text
  00002d70    00002d70    00000170   00000170    r-- .rodata
  00002ee0    00002ee0    00000090   00000090    r-- .cinit
20200000    20200000    00000ba4   00000000    rw-
  20200000    20200000    00000800   00000000    rw- .sysmem
  20200800    20200800    000001d5   00000000    rw- .data
  202009d8    202009d8    000001cc   00000000    rw- .bss
20207e00    20207e00    00000200   00000000    rw-
  20207e00    20207e00    00000200   00000000    rw- .stack


SECTION ALLOCATION MAP

 output                                  attributes/
section   page    origin      length       input sections
--------  ----  ----------  ----------   ----------------
.intvecs   0    00000000    000000c0     
                  00000000    000000c0     startup_mspm0g350x_ticlang.o (.intvecs)

.text      0    000000c0    00002cb0     
                  000000c0    00000a00     libc.a : _printfi.c.obj (.text:__TI_printfi)
                  00000ac0    00000220            : _printfi.c.obj (.text._pconv_a)
                  00000ce0    000001dc            : _printfi.c.obj (.text._pconv_g)
                  00000ebc    00000192     libclang_rt.builtins.a : adddf3.S.obj (.text.adddf3_subdf3)
                  0000104e    00000002     startup_mspm0g350x_ticlang.o (.text.Default_Handler)
                  00001050    0000013c     libc.a : _printfi.c.obj (.text.fcvt)
                  0000118c    0000012c            : memory.c.obj (.text.aligned_alloc)
                  000012b8    00000120            : _printfi.c.obj (.text._pconv_e)
                  000013d8    0000010c     libclang_rt.builtins.a : divdf3.S.obj (.text.__divdf3)
                  000014e4    00000104     libc.a : fputs.c.obj (.text.fputs)
                  000015e8    000000ec            : memory.c.obj (.text.free)
                  000016d4    000000e4     libclang_rt.builtins.a : muldf3.S.obj (.text.__muldf3)
                  000017b8    000000dc     libc.a : setvbuf.c.obj (.text.setvbuf)
                  00001894    000000d8            : s_scalbn.c.obj (.text.scalbn)
                  0000196c    000000a2     libclang_rt.builtins.a : udivmoddi4.S.obj (.text)
                  00001a0e    00000002                            : aeabi_div0.c.obj (.text.__aeabi_idiv0)
                  00001a10    0000009c     libc.a : fputc.c.obj (.text.fputc)
                  00001aac    0000009a            : memcpy16.S.obj (.text:memcpy)
                  00001b46    00000002     libclang_rt.builtins.a : aeabi_div0.c.obj (.text.__aeabi_ldiv0)
                  00001b48    00000090     adc12_single_conversion_vref_external.o (.text.main)
                  00001bd8    0000007c     libc.a : fclose.c.obj (.text.__TI_closefile)
                  00001c54    00000078            : copy_decompress_lzss.c.obj (.text:decompress:lzss)
                  00001ccc    00000004            : pre_init.c.obj (.text._system_pre_init)
                  00001cd0    00000074     libclang_rt.builtins.a : truncdfsf2.S.obj (.text.__truncdfsf2)
                  00001d44    00000070                            : comparedf2.c.obj (.text.__gedf2)
                  00001db4    0000006c     libsysbm.a : hostlseek.c.obj (.text.HOSTlseek)
                  00001e20    0000006c                : hostrename.c.obj (.text.HOSTrename)
                  00001e8c    0000006c     libclang_rt.builtins.a : comparedf2.c.obj (.text.__ledf2)
                  00001ef8    0000006c     libc.a : fseek.c.obj (.text.fseeko)
                  00001f64    00000068            : getdevice.c.obj (.text.getdevice)
                  00001fcc    00000066            : _printfi.c.obj (.text._mcpy)
                  00002032    00000064            : _io_perm.c.obj (.text.__TI_wrt_ok)
                  00002096    00000002            : _lock.c.obj (.text._nop)
                  00002098    00000064            : memory.c.obj (.text.split)
                  000020fc    00000062     libclang_rt.builtins.a : aeabi_dcmp.S.obj (.text.__aeabi_dcmp)
                  0000215e    00000062     libc.a : memset16.S.obj (.text:memset)
                  000021c0    00000060     libsysbm.a : hostopen.c.obj (.text.HOSTopen)
                  00002220    0000005c     libc.a : s_frexp.c.obj (.text.frexp)
                  0000227c    0000005c            : printf.c.obj (.text.printf)
                  000022d8    00000058     libsysbm.a : hostread.c.obj (.text.HOSTread)
                  00002330    00000058                : hostwrite.c.obj (.text.HOSTwrite)
                  00002388    00000058     libc.a : _ltoa.c.obj (.text.__TI_ltoa)
                  000023e0    00000058            : _printfi.c.obj (.text._pconv_f)
                  00002438    00000056     libclang_rt.builtins.a : aeabi_idivmod.S.obj (.text.__aeabi_idivmod)
                  0000248e    00000052     libc.a : fflush.c.obj (.text.__TI_doflush)
                  000024e0    00000052            : _printfi.c.obj (.text._ecpy)
                  00002532    00000002     --HOLE-- [fill = 0]
                  00002534    00000050     libsysbm.a : close.c.obj (.text.close)
                  00002584    0000004c     driverlib.a : dl_adc12.o (.text.DL_ADC12_setClockConfig)
                  000025d0    0000004a     libclang_rt.builtins.a : fixdfsi.S.obj (.text.__fixdfsi)
                  0000261a    00000002     --HOLE-- [fill = 0]
                  0000261c    00000048     libsysbm.a : hostclose.c.obj (.text.HOSTclose)
                  00002664    00000048                : hostunlink.c.obj (.text.HOSTunlink)
                  000026ac    00000044     ti_msp_dl_config.o (.text.SYSCFG_DL_ADC12_0_init)
                  000026f0    00000040     ti_msp_dl_config.o (.text.SYSCFG_DL_initPower)
                  00002730    00000040     libclang_rt.builtins.a : aeabi_uidivmod.S.obj (.text.__aeabi_uidivmod)
                  00002770    00000040                            : extendsfdf2.S.obj (.text.__extendsfdf2)
                  000027b0    00000040     libc.a : atoi.c.obj (.text.atoi)
                  000027f0    0000003c            : autoinit.c.obj (.text:__TI_auto_init_nobinit_nopinit)
                  0000282c    0000003a     libclang_rt.builtins.a : muldsi3.S.obj (.text.__muldsi3)
                  00002866    00000002     --HOLE-- [fill = 0]
                  00002868    00000038     libc.a : getdevice.c.obj (.text.finddevice)
                  000028a0    00000034     driverlib.a : dl_vref.o (.text.DL_VREF_configReference)
                  000028d4    00000034     libc.a : fopen.c.obj (.text.__TI_cleanup)
                  00002908    00000034     libsysbm.a : trgmsg.c.obj (.text.__TI_readmsg)
                  0000293c    00000034                : trgmsg.c.obj (.text.__TI_writemsg)
                  00002970    00000034     libc.a : exit.c.obj (.text.exit)
                  000029a4    00000030     ti_msp_dl_config.o (.text.SYSCFG_DL_SYSCTL_init)
                  000029d4    00000030     libc.a : _printfi.c.obj (.text._fcpy)
                  00002a04    0000002c     libclang_rt.builtins.a : floatsidf.S.obj (.text.__floatsidf)
                  00002a30    0000002c     libsysbm.a : unlink.c.obj (.text.unlink)
                  00002a5c    00000028     driverlib.a : dl_adc12.o (.text.DL_Common_updateReg)
                  00002a84    00000028     libc.a : memory.c.obj (.text.free_list_insert)
                  00002aac    00000028     libsysbm.a : lseek.c.obj (.text.lseek)
                  00002ad4    00000028                : write.c.obj (.text.write)
                  00002afc    00000028     libc.a : boot_cortex_m.c.obj (.text:_c_int00_noargs)
                  00002b24    00000024     libclang_rt.builtins.a : floatunsidf.S.obj (.text.__floatunsidf)
                  00002b48    00000024                            : muldi3.S.obj (.text.__muldi3)
                  00002b6c    00000022     libc.a : memccpy.c.obj (.text.memccpy)
                  00002b8e    00000002     --HOLE-- [fill = 0]
                  00002b90    0000001e     libclang_rt.builtins.a : ashldi3.S.obj (.text.__ashldi3)
                  00002bae    00000002     --HOLE-- [fill = 0]
                  00002bb0    0000001c     adc12_single_conversion_vref_external.o (.text.ADC0_IRQHandler)
                  00002bcc    0000001c     libc.a : memory.c.obj (.text.free_list_remove)
                  00002be8    00000018     ti_msp_dl_config.o (.text.SYSCFG_DL_GPIO_init)
                  00002c00    00000018     ti_msp_dl_config.o (.text.SYSCFG_DL_init)
                  00002c18    00000016     libc.a : copy_zero_init.c.obj (.text:decompress:ZI:__TI_zero_init_nomemset)
                  00002c2e    00000014     driverlib.a : dl_common.o (.text.DL_Common_delayCycles)
                  00002c42    00000002     --HOLE-- [fill = 0]
                  00002c44    00000014     ti_msp_dl_config.o (.text.SYSCFG_DL_VREF_init)
                  00002c58    00000014     libclang_rt.builtins.a : aeabi_uldivmod.S.obj (.text.__aeabi_uldivmod)
                  00002c6c    00000014     libc.a : _printfi.c.obj (.text.strchr)
                  00002c80    00000012     libsysbm.a : hostrename.c.obj (.text.strcpy)
                  00002c92    00000012     libc.a : copy_decompress_none.c.obj (.text:decompress:none)
                  00002ca4    00000010            : wcslen.c.obj (.text.wcslen)
                  00002cb4    0000000e            : memory.c.obj (.text.OUTLINED_FUNCTION_0)
                  00002cc2    00000002     --HOLE-- [fill = 0]
                  00002cc4    0000000e     libclang_rt.builtins.a : aeabi_memset.S.obj (.text.__aeabi_memset)
                  00002cd2    0000000e     libc.a : _printfi.c.obj (.text.strlen)
                  00002ce0    0000000e     libsysbm.a : hostrename.c.obj (.text.strlen)
                  00002cee    00000002     --HOLE-- [fill = 0]
                  00002cf0    0000000c     libclang_rt.builtins.a : aeabi_memset.S.obj (.text.__aeabi_memclr)
                  00002cfc    0000000c     libc.a : memory.c.obj (.text.malloc)
                  00002d08    0000000a            : _printfi.c.obj (.text.OUTLINED_FUNCTION_0)
                  00002d12    00000002     --HOLE-- [fill = 0]
                  00002d14    00000010     libclang_rt.builtins.a : adddf3.S.obj (.tramp.__aeabi_dsub.1)
                  00002d24    0000000a     libc.a : _printfi.c.obj (.text.OUTLINED_FUNCTION_1)
                  00002d2e    00000002     --HOLE-- [fill = 0]
                  00002d30    00000008            : aeabi_portable.c.obj (.text.__aeabi_errno_addr)
                  00002d38    00000008     libclang_rt.builtins.a : aeabi_memcpy.S.obj (.text.__aeabi_memcpy)
                  00002d40    00000008     libc.a : printf.c.obj (.text._outc)
                  00002d48    00000008            : printf.c.obj (.text._outs)
                  00002d50    00000008            : fseek.c.obj (.text.fseek)
                  00002d58    00000008     libsysbm.a : remove.c.obj (.text.remove)
                  00002d60    00000004     startup_mspm0g350x_ticlang.o (.text.Reset_Handler)
                  00002d64    00000004     libc.a : exit.c.obj (.text:abort)
                  00002d68    00000008     --HOLE-- [fill = 0]

.cinit     0    00002ee0    00000090     
                  00002ee0    00000065     (.cinit..data.load) [load image, compression = lzss]
                  00002f45    00000003     --HOLE-- [fill = 0]
                  00002f48    0000000c     (__TI_handler_table)
                  00002f54    00000008     (.cinit..bss.load) [load image, compression = zero_init]
                  00002f5c    00000010     (__TI_cinit_table)
                  00002f6c    00000004     --HOLE-- [fill = 0]

.rodata    0    00002d70    00000170     
                  00002d70    00000101     libc.a : aeabi_ctype.S.obj (.rodata:__aeabi_ctype_table_)
                  00002e71    00000030     adc12_single_conversion_vref_external.o (.rodata.str1.146758781997204322501)
                  00002ea1    00000011     libc.a : _printfi.c.obj (.rodata.str1.11645776875810915891)
                  00002eb2    00000011            : _printfi.c.obj (.rodata.str1.44690500295887128011)
                  00002ec3    00000001     --HOLE-- [fill = 0]
                  00002ec4    0000000c     ti_msp_dl_config.o (.rodata.gVREFConfig)
                  00002ed0    00000008     ti_msp_dl_config.o (.rodata.gADC12_0ClockConfig)
                  00002ed8    00000008     --HOLE-- [fill = 0]

.init_array 
*          0    00000000    00000000     UNINITIALIZED

.binit     0    00000000    00000000     

.sysmem    0    20200000    00000800     UNINITIALIZED
                  20200000    00000010     libc.a : memory.c.obj (.sysmem)
                  20200010    000007f0     --HOLE--

.data      0    20200800    000001d5     UNINITIALIZED
                  20200800    000000f0     libc.a : defs.c.obj (.data._ftable)
                  202008f0    00000078     libsysbm.a : host_device.c.obj (.data._device)
                  20200968    00000050                : host_device.c.obj (.data._stream)
                  202009b8    00000008     libc.a : exit.c.obj (.data..L_MergedGlobals)
                  202009c0    00000004            : defs.c.obj (.data.__TI_ft_end)
                  202009c4    00000004            : aeabi_portable.c.obj (.data.__aeabi_errno)
                  202009c8    00000004            : _lock.c.obj (.data._lock)
                  202009cc    00000004            : _lock.c.obj (.data._unlock)
                  202009d0    00000001     adc12_single_conversion_vref_external.o (.data.gCheckADC)
                  202009d1    00000003     --HOLE--
                  202009d4    00000001     libc.a : memory.c.obj (.data.memory_is_initialized)

.bss       0    202009d8    000001cc     UNINITIALIZED
                  202009d8    00000120     libsysbm.a : trgmsg.c.obj (.bss:_CIOBUF_)
                  20200af8    000000a0     libc.a : defs.c.obj (.bss.__TI_tmpnams)
                  20200b98    00000008     libsysbm.a : hostopen.c.obj (.bss.parmbuf)
                  20200ba0    00000004     libc.a : memory.c.obj (.bss.sys_free)

.stack     0    20207e00    00000200     UNINITIALIZED
                  20207e00    00000004     libc.a : boot_cortex_m.c.obj (.stack)
                  20207e04    000001fc     --HOLE--

__llvm_prf_cnts 
*          0    20200000    00000000     UNINITIALIZED

__llvm_prf_bits 
*          0    20200000    00000000     UNINITIALIZED

MODULE SUMMARY

       Module                                    code    ro data   rw data
       ------                                    ----    -------   -------
    .\
       ti_msp_dl_config.o                        248     20        0      
       adc12_single_conversion_vref_external.o   172     48        1      
       startup_mspm0g350x_ticlang.o              6       192       0      
    +--+-----------------------------------------+-------+---------+---------+
       Total:                                    426     260       1      
                                                                          
    C:/ti/mspm0_sdk_2_02_00_05/source/ti/driverlib/lib/ticlang/m0p/mspm0g1x0x_g3x0x/driverlib.a
       dl_adc12.o                                116     0         0      
       dl_vref.o                                 52      0         0      
       dl_common.o                               20      0         0      
    +--+-----------------------------------------+-------+---------+---------+
       Total:                                    188     0         0      
                                                                          
    C:\ti\ccs1271\ccs\tools\compiler\ti-cgt-armllvm_3.2.2.LTS\lib\armv6m-ti-none-eabi/c/libc.a
       _printfi.c.obj                            4558    34        0      
       memory.c.obj                              730     0         5      
       defs.c.obj                                0       0         404    
       fputs.c.obj                               260     0         0      
       aeabi_ctype.S.obj                         0       257       0      
       setvbuf.c.obj                             220     0         0      
       s_scalbn.c.obj                            216     0         0      
       getdevice.c.obj                           160     0         0      
       fputc.c.obj                               156     0         0      
       memcpy16.S.obj                            154     0         0      
       fclose.c.obj                              124     0         0      
       copy_decompress_lzss.c.obj                120     0         0      
       fseek.c.obj                               116     0         0      
       printf.c.obj                              108     0         0      
       _io_perm.c.obj                            100     0         0      
       memset16.S.obj                            98      0         0      
       s_frexp.c.obj                             92      0         0      
       _ltoa.c.obj                               88      0         0      
       fflush.c.obj                              82      0         0      
       atoi.c.obj                                64      0         0      
       exit.c.obj                                56      0         8      
       autoinit.c.obj                            60      0         0      
       fopen.c.obj                               52      0         0      
       boot_cortex_m.c.obj                       40      0         0      
       memccpy.c.obj                             34      0         0      
       copy_zero_init.c.obj                      22      0         0      
       copy_decompress_none.c.obj                18      0         0      
       wcslen.c.obj                              16      0         0      
       aeabi_portable.c.obj                      8       0         4      
       _lock.c.obj                               2       0         8      
       pre_init.c.obj                            4       0         0      
    +--+-----------------------------------------+-------+---------+---------+
       Total:                                    7758    291       429    
                                                                          
    C:\ti\ccs1271\ccs\tools\compiler\ti-cgt-armllvm_3.2.2.LTS\lib\armv6m-ti-none-eabi/c/libsysbm.a
       trgmsg.c.obj                              104     0         288    
       host_device.c.obj                         0       0         200    
       hostrename.c.obj                          140     0         0      
       hostlseek.c.obj                           108     0         0      
       hostopen.c.obj                            96      0         8      
       hostread.c.obj                            88      0         0      
       hostwrite.c.obj                           88      0         0      
       close.c.obj                               80      0         0      
       hostclose.c.obj                           72      0         0      
       hostunlink.c.obj                          72      0         0      
       unlink.c.obj                              44      0         0      
       lseek.c.obj                               40      0         0      
       write.c.obj                               40      0         0      
       remove.c.obj                              8       0         0      
    +--+-----------------------------------------+-------+---------+---------+
       Total:                                    980     0         496    
                                                                          
    C:\ti\ccs1271\ccs\tools\compiler\ti-cgt-armllvm_3.2.2.LTS\lib\clang/15.0.7/lib/armv6m-ti-none-eabi/libclang_rt.builtins.a
       adddf3.S.obj                              418     0         0      
       divdf3.S.obj                              268     0         0      
       muldf3.S.obj                              228     0         0      
       comparedf2.c.obj                          220     0         0      
       udivmoddi4.S.obj                          162     0         0      
       truncdfsf2.S.obj                          116     0         0      
       aeabi_dcmp.S.obj                          98      0         0      
       aeabi_idivmod.S.obj                       86      0         0      
       fixdfsi.S.obj                             74      0         0      
       aeabi_uidivmod.S.obj                      64      0         0      
       extendsfdf2.S.obj                         64      0         0      
       muldsi3.S.obj                             58      0         0      
       floatsidf.S.obj                           44      0         0      
       floatunsidf.S.obj                         36      0         0      
       muldi3.S.obj                              36      0         0      
       ashldi3.S.obj                             30      0         0      
       aeabi_memset.S.obj                        26      0         0      
       aeabi_uldivmod.S.obj                      20      0         0      
       aeabi_memcpy.S.obj                        8       0         0      
       aeabi_div0.c.obj                          4       0         0      
    +--+-----------------------------------------+-------+---------+---------+
       Total:                                    2060    0         0      
                                                                          
       Heap:                                     0       0         2048   
       Stack:                                    0       0         512    
       Linker Generated:                         0       137       0      
    +--+-----------------------------------------+-------+---------+---------+
       Grand Total:                              11412   688       3486   


LINKER GENERATED COPY TABLES

__TI_cinit_table @ 00002f5c records: 2, size/record: 8, table size: 16
	.data: load addr=00002ee0, load size=00000065 bytes, run addr=20200800, run size=000001d5 bytes, compression=lzss
	.bss: load addr=00002f54, load size=00000008 bytes, run addr=202009d8, run size=000001cc bytes, compression=zero_init


LINKER GENERATED HANDLER TABLE

__TI_handler_table @ 00002f48 records: 3, size/record: 4, table size: 12
	index: 0, handler: __TI_decompress_lzss
	index: 1, handler: __TI_decompress_none
	index: 2, handler: __TI_zero_init


FAR CALL TRAMPOLINES

callee name               trampoline name
   callee addr  tramp addr   call addr  call info
--------------  -----------  ---------  ----------------
__aeabi_dsub              $Tramp$TT$L$PI$$__aeabi_dsub
   00000ebd     00002d14     00002d10   libc.a : _printfi.c.obj (.text.OUTLINED_FUNCTION_0)

[1 trampolines]
[1 trampoline calls]


GLOBAL SYMBOLS: SORTED ALPHABETICALLY BY Name 

address   name                          
-------   ----                          
00002bb1  ADC0_IRQHandler               
0000104f  ADC1_IRQHandler               
0000104f  AES_IRQHandler                
00002d64  C$$EXIT                       
00002969  C$$IO$$                       
0000104f  CANFD0_IRQHandler             
0000104f  DAC0_IRQHandler               
00002585  DL_ADC12_setClockConfig       
00002c2f  DL_Common_delayCycles         
000028a1  DL_VREF_configReference       
0000104f  DMA_IRQHandler                
0000104f  Default_Handler               
0000104f  GROUP0_IRQHandler             
0000104f  GROUP1_IRQHandler             
0000261d  HOSTclose                     
00001db5  HOSTlseek                     
000021c1  HOSTopen                      
000022d9  HOSTread                      
00001e21  HOSTrename                    
00002665  HOSTunlink                    
00002331  HOSTwrite                     
0000104f  HardFault_Handler             
0000104f  I2C0_IRQHandler               
0000104f  I2C1_IRQHandler               
0000104f  NMI_Handler                   
0000104f  PendSV_Handler                
0000104f  RTC_IRQHandler                
00002d61  Reset_Handler                 
0000104f  SPI0_IRQHandler               
0000104f  SPI1_IRQHandler               
0000104f  SVC_Handler                   
000026ad  SYSCFG_DL_ADC12_0_init        
00002be9  SYSCFG_DL_GPIO_init           
000029a5  SYSCFG_DL_SYSCTL_init         
00002c45  SYSCFG_DL_VREF_init           
00002c01  SYSCFG_DL_init                
000026f1  SYSCFG_DL_initPower           
0000104f  SysTick_Handler               
0000104f  TIMA0_IRQHandler              
0000104f  TIMA1_IRQHandler              
0000104f  TIMG0_IRQHandler              
0000104f  TIMG12_IRQHandler             
0000104f  TIMG6_IRQHandler              
0000104f  TIMG7_IRQHandler              
0000104f  TIMG8_IRQHandler              
0000104f  UART0_IRQHandler              
0000104f  UART1_IRQHandler              
0000104f  UART2_IRQHandler              
0000104f  UART3_IRQHandler              
202009d8  _CIOBUF_                      
202009d8  __CIOBUF_                     
20208000  __STACK_END                   
00000200  __STACK_SIZE                  
00000800  __SYSMEM_SIZE                 
00000000  __TI_ATRegion0_region_sz      
00000000  __TI_ATRegion0_src_addr       
00000000  __TI_ATRegion0_trg_addr       
00000000  __TI_ATRegion1_region_sz      
00000000  __TI_ATRegion1_src_addr       
00000000  __TI_ATRegion1_trg_addr       
00000000  __TI_ATRegion2_region_sz      
00000000  __TI_ATRegion2_src_addr       
00000000  __TI_ATRegion2_trg_addr       
00002f5c  __TI_CINIT_Base               
00002f6c  __TI_CINIT_Limit              
00002f6c  __TI_CINIT_Warm               
00002f48  __TI_Handler_Table_Base       
00002f54  __TI_Handler_Table_Limit      
000027f1  __TI_auto_init_nobinit_nopinit
000028d5  __TI_cleanup                  
202009b8  __TI_cleanup_ptr              
00001bd9  __TI_closefile                
00001c55  __TI_decompress_lzss          
00002c93  __TI_decompress_none          
0000248f  __TI_doflush                  
202009bc  __TI_dtors_ptr                
202009c0  __TI_ft_end                   
00002389  __TI_ltoa                     
ffffffff  __TI_pprof_out_hndl           
000000c1  __TI_printfi                  
ffffffff  __TI_prof_data_size           
ffffffff  __TI_prof_data_start          
00002909  __TI_readmsg                  
00000000  __TI_static_base__            
20200af8  __TI_tmpnams                  
0000293d  __TI_writemsg                 
00002033  __TI_wrt_ok                   
00002c19  __TI_zero_init_nomemset       
00000ec7  __adddf3                      
00002d70  __aeabi_ctype_table_          
00002d70  __aeabi_ctype_table_C         
00001cd1  __aeabi_d2f                   
000025d1  __aeabi_d2iz                  
00000ec7  __aeabi_dadd                  
000020fd  __aeabi_dcmpeq                
00002139  __aeabi_dcmpge                
0000214d  __aeabi_dcmpgt                
00002125  __aeabi_dcmple                
00002111  __aeabi_dcmplt                
000013d9  __aeabi_ddiv                  
000016d5  __aeabi_dmul                  
00000ebd  __aeabi_dsub                  
202009c4  __aeabi_errno                 
00002d31  __aeabi_errno_addr            
00002771  __aeabi_f2d                   
00002a05  __aeabi_i2d                   
00002439  __aeabi_idiv                  
00001a0f  __aeabi_idiv0                 
00002439  __aeabi_idivmod               
00001b47  __aeabi_ldiv0                 
00002b91  __aeabi_llsl                  
00002b49  __aeabi_lmul                  
00002cf1  __aeabi_memclr                
00002cf1  __aeabi_memclr4               
00002cf1  __aeabi_memclr8               
00002d39  __aeabi_memcpy                
00002d39  __aeabi_memcpy4               
00002d39  __aeabi_memcpy8               
00002cc5  __aeabi_memset                
00002cc5  __aeabi_memset4               
00002cc5  __aeabi_memset8               
00002b25  __aeabi_ui2d                  
00002731  __aeabi_uidiv                 
00002731  __aeabi_uidivmod              
00002c59  __aeabi_uldivmod              
00002b91  __ashldi3                     
ffffffff  __binit__                     
00001e8d  __cmpdf2                      
000013d9  __divdf3                      
00001e8d  __eqdf2                       
00002771  __extendsfdf2                 
000025d1  __fixdfsi                     
00002a05  __floatsidf                   
00002b25  __floatunsidf                 
00001d45  __gedf2                       
00001d45  __gtdf2                       
00001e8d  __ledf2                       
00001e8d  __ltdf2                       
UNDEFED   __mpu_init                    
000016d5  __muldf3                      
00002b49  __muldi3                      
0000282d  __muldsi3                     
00001e8d  __nedf2                       
20207e00  __stack                       
20200000  __start___llvm_prf_bits       
20200000  __start___llvm_prf_cnts       
20200000  __stop___llvm_prf_bits        
20200000  __stop___llvm_prf_cnts        
00000ebd  __subdf3                      
00001cd1  __truncdfsf2                  
0000196d  __udivmoddi4                  
00002afd  _c_int00_noargs               
202008f0  _device                       
20200800  _ftable                       
202009c8  _lock                         
00002097  _nop                          
20200968  _stream                       
20200000  _sys_memory                   
UNDEFED   _system_post_cinit            
00001ccd  _system_pre_init              
202009cc  _unlock                       
00002d65  abort                         
0000118d  aligned_alloc                 
000027b1  atoi                          
ffffffff  binit                         
00002535  close                         
00002971  exit                          
00002869  finddevice                    
00001a11  fputc                         
000014e5  fputs                         
000015e9  free                          
00002221  frexp                         
00002221  frexpl                        
00002d51  fseek                         
00001ef9  fseeko                        
202009d0  gCheckADC                     
00001f65  getdevice                     
00000000  interruptVectors              
00001895  ldexp                         
00001895  ldexpl                        
00002aad  lseek                         
00001b49  main                          
00002cfd  malloc                        
0000118d  memalign                      
00002b6d  memccpy                       
00001aad  memcpy                        
0000215f  memset                        
20200b98  parmbuf                       
0000227d  printf                        
00002d59  remove                        
00001895  scalbn                        
00001895  scalbnl                       
000017b9  setvbuf                       
00002a31  unlink                        
00002ca5  wcslen                        
00002ad5  write                         


GLOBAL SYMBOLS: SORTED BY Symbol Address 

address   name                          
-------   ----                          
00000000  __TI_ATRegion0_region_sz      
00000000  __TI_ATRegion0_src_addr       
00000000  __TI_ATRegion0_trg_addr       
00000000  __TI_ATRegion1_region_sz      
00000000  __TI_ATRegion1_src_addr       
00000000  __TI_ATRegion1_trg_addr       
00000000  __TI_ATRegion2_region_sz      
00000000  __TI_ATRegion2_src_addr       
00000000  __TI_ATRegion2_trg_addr       
00000000  __TI_static_base__            
00000000  interruptVectors              
000000c1  __TI_printfi                  
00000200  __STACK_SIZE                  
00000800  __SYSMEM_SIZE                 
00000ebd  __aeabi_dsub                  
00000ebd  __subdf3                      
00000ec7  __adddf3                      
00000ec7  __aeabi_dadd                  
0000104f  ADC1_IRQHandler               
0000104f  AES_IRQHandler                
0000104f  CANFD0_IRQHandler             
0000104f  DAC0_IRQHandler               
0000104f  DMA_IRQHandler                
0000104f  Default_Handler               
0000104f  GROUP0_IRQHandler             
0000104f  GROUP1_IRQHandler             
0000104f  HardFault_Handler             
0000104f  I2C0_IRQHandler               
0000104f  I2C1_IRQHandler               
0000104f  NMI_Handler                   
0000104f  PendSV_Handler                
0000104f  RTC_IRQHandler                
0000104f  SPI0_IRQHandler               
0000104f  SPI1_IRQHandler               
0000104f  SVC_Handler                   
0000104f  SysTick_Handler               
0000104f  TIMA0_IRQHandler              
0000104f  TIMA1_IRQHandler              
0000104f  TIMG0_IRQHandler              
0000104f  TIMG12_IRQHandler             
0000104f  TIMG6_IRQHandler              
0000104f  TIMG7_IRQHandler              
0000104f  TIMG8_IRQHandler              
0000104f  UART0_IRQHandler              
0000104f  UART1_IRQHandler              
0000104f  UART2_IRQHandler              
0000104f  UART3_IRQHandler              
0000118d  aligned_alloc                 
0000118d  memalign                      
000013d9  __aeabi_ddiv                  
000013d9  __divdf3                      
000014e5  fputs                         
000015e9  free                          
000016d5  __aeabi_dmul                  
000016d5  __muldf3                      
000017b9  setvbuf                       
00001895  ldexp                         
00001895  ldexpl                        
00001895  scalbn                        
00001895  scalbnl                       
0000196d  __udivmoddi4                  
00001a0f  __aeabi_idiv0                 
00001a11  fputc                         
00001aad  memcpy                        
00001b47  __aeabi_ldiv0                 
00001b49  main                          
00001bd9  __TI_closefile                
00001c55  __TI_decompress_lzss          
00001ccd  _system_pre_init              
00001cd1  __aeabi_d2f                   
00001cd1  __truncdfsf2                  
00001d45  __gedf2                       
00001d45  __gtdf2                       
00001db5  HOSTlseek                     
00001e21  HOSTrename                    
00001e8d  __cmpdf2                      
00001e8d  __eqdf2                       
00001e8d  __ledf2                       
00001e8d  __ltdf2                       
00001e8d  __nedf2                       
00001ef9  fseeko                        
00001f65  getdevice                     
00002033  __TI_wrt_ok                   
00002097  _nop                          
000020fd  __aeabi_dcmpeq                
00002111  __aeabi_dcmplt                
00002125  __aeabi_dcmple                
00002139  __aeabi_dcmpge                
0000214d  __aeabi_dcmpgt                
0000215f  memset                        
000021c1  HOSTopen                      
00002221  frexp                         
00002221  frexpl                        
0000227d  printf                        
000022d9  HOSTread                      
00002331  HOSTwrite                     
00002389  __TI_ltoa                     
00002439  __aeabi_idiv                  
00002439  __aeabi_idivmod               
0000248f  __TI_doflush                  
00002535  close                         
00002585  DL_ADC12_setClockConfig       
000025d1  __aeabi_d2iz                  
000025d1  __fixdfsi                     
0000261d  HOSTclose                     
00002665  HOSTunlink                    
000026ad  SYSCFG_DL_ADC12_0_init        
000026f1  SYSCFG_DL_initPower           
00002731  __aeabi_uidiv                 
00002731  __aeabi_uidivmod              
00002771  __aeabi_f2d                   
00002771  __extendsfdf2                 
000027b1  atoi                          
000027f1  __TI_auto_init_nobinit_nopinit
0000282d  __muldsi3                     
00002869  finddevice                    
000028a1  DL_VREF_configReference       
000028d5  __TI_cleanup                  
00002909  __TI_readmsg                  
0000293d  __TI_writemsg                 
00002969  C$$IO$$                       
00002971  exit                          
000029a5  SYSCFG_DL_SYSCTL_init         
00002a05  __aeabi_i2d                   
00002a05  __floatsidf                   
00002a31  unlink                        
00002aad  lseek                         
00002ad5  write                         
00002afd  _c_int00_noargs               
00002b25  __aeabi_ui2d                  
00002b25  __floatunsidf                 
00002b49  __aeabi_lmul                  
00002b49  __muldi3                      
00002b6d  memccpy                       
00002b91  __aeabi_llsl                  
00002b91  __ashldi3                     
00002bb1  ADC0_IRQHandler               
00002be9  SYSCFG_DL_GPIO_init           
00002c01  SYSCFG_DL_init                
00002c19  __TI_zero_init_nomemset       
00002c2f  DL_Common_delayCycles         
00002c45  SYSCFG_DL_VREF_init           
00002c59  __aeabi_uldivmod              
00002c93  __TI_decompress_none          
00002ca5  wcslen                        
00002cc5  __aeabi_memset                
00002cc5  __aeabi_memset4               
00002cc5  __aeabi_memset8               
00002cf1  __aeabi_memclr                
00002cf1  __aeabi_memclr4               
00002cf1  __aeabi_memclr8               
00002cfd  malloc                        
00002d31  __aeabi_errno_addr            
00002d39  __aeabi_memcpy                
00002d39  __aeabi_memcpy4               
00002d39  __aeabi_memcpy8               
00002d51  fseek                         
00002d59  remove                        
00002d61  Reset_Handler                 
00002d64  C$$EXIT                       
00002d65  abort                         
00002d70  __aeabi_ctype_table_          
00002d70  __aeabi_ctype_table_C         
00002f48  __TI_Handler_Table_Base       
00002f54  __TI_Handler_Table_Limit      
00002f5c  __TI_CINIT_Base               
00002f6c  __TI_CINIT_Limit              
00002f6c  __TI_CINIT_Warm               
20200000  __start___llvm_prf_bits       
20200000  __start___llvm_prf_cnts       
20200000  __stop___llvm_prf_bits        
20200000  __stop___llvm_prf_cnts        
20200000  _sys_memory                   
20200800  _ftable                       
202008f0  _device                       
20200968  _stream                       
202009b8  __TI_cleanup_ptr              
202009bc  __TI_dtors_ptr                
202009c0  __TI_ft_end                   
202009c4  __aeabi_errno                 
202009c8  _lock                         
202009cc  _unlock                       
202009d0  gCheckADC                     
202009d8  _CIOBUF_                      
202009d8  __CIOBUF_                     
20200af8  __TI_tmpnams                  
20200b98  parmbuf                       
20207e00  __stack                       
20208000  __STACK_END                   
ffffffff  __TI_pprof_out_hndl           
ffffffff  __TI_prof_data_size           
ffffffff  __TI_prof_data_start          
ffffffff  __binit__                     
ffffffff  binit                         
UNDEFED   __mpu_init                    
UNDEFED   _system_post_cinit            

[196 symbols]
