Archive member included to satisfy reference by file (symbol)

C:/ti/mspm0_sdk_2_02_00_05/source\ti/driverlib/lib/gcc/m0p/mspm0g1x0x_g3x0x/driverlib.a(dl_common.o)
                              ./ti_msp_dl_config.o (DL_Common_delayCycles)
C:/ti/mspm0_sdk_2_02_00_05/source\ti/driverlib/lib/gcc/m0p/mspm0g1x0x_g3x0x/driverlib.a(dl_i2c.o)
                              ./ti_msp_dl_config.o (DL_I2C_setClockConfig)
C:/ti/gcc_arm_none_eabi_9_2_1/arm-none-eabi/lib/thumb/v6-m/nofp\libc.a(lib_a-init.o)
                              ./startup_mspm0g350x_gcc.o (__libc_init_array)

Discarded input sections

 .text.I2C_init
                0x00000000       0x18 ./I2C_LCD.o
 .text.LCD_sendString
                0x00000000       0x18 ./I2C_LCD.o
 .text.LCD_setCursor
                0x00000000       0x34 ./I2C_LCD.o
 .text.delay_ms
                0x00000000       0x2c ./I2C_LCD.o
 .rodata.I2C0   0x00000000        0x4 C:/ti/mspm0_sdk_2_02_00_05/source\ti/driverlib/lib/gcc/m0p/mspm0g1x0x_g3x0x/driverlib.a(dl_common.o)
 .rodata.SYSCTL
                0x00000000        0x4 C:/ti/mspm0_sdk_2_02_00_05/source\ti/driverlib/lib/gcc/m0p/mspm0g1x0x_g3x0x/driverlib.a(dl_common.o)
 .rodata.WWDT1  0x00000000        0x4 C:/ti/mspm0_sdk_2_02_00_05/source\ti/driverlib/lib/gcc/m0p/mspm0g1x0x_g3x0x/driverlib.a(dl_common.o)
 .rodata.CPUSS  0x00000000        0x4 C:/ti/mspm0_sdk_2_02_00_05/source\ti/driverlib/lib/gcc/m0p/mspm0g1x0x_g3x0x/driverlib.a(dl_common.o)
 .rodata.CANFD0
                0x00000000        0x4 C:/ti/mspm0_sdk_2_02_00_05/source\ti/driverlib/lib/gcc/m0p/mspm0g1x0x_g3x0x/driverlib.a(dl_common.o)
 .rodata.IOMUX  0x00000000        0x4 C:/ti/mspm0_sdk_2_02_00_05/source\ti/driverlib/lib/gcc/m0p/mspm0g1x0x_g3x0x/driverlib.a(dl_common.o)
 .rodata.GPIOB  0x00000000        0x4 C:/ti/mspm0_sdk_2_02_00_05/source\ti/driverlib/lib/gcc/m0p/mspm0g1x0x_g3x0x/driverlib.a(dl_common.o)
 .rodata.CRC    0x00000000        0x4 C:/ti/mspm0_sdk_2_02_00_05/source\ti/driverlib/lib/gcc/m0p/mspm0g1x0x_g3x0x/driverlib.a(dl_common.o)
 .rodata.WWDT0  0x00000000        0x4 C:/ti/mspm0_sdk_2_02_00_05/source\ti/driverlib/lib/gcc/m0p/mspm0g1x0x_g3x0x/driverlib.a(dl_common.o)
 .rodata.SPI1   0x00000000        0x4 C:/ti/mspm0_sdk_2_02_00_05/source\ti/driverlib/lib/gcc/m0p/mspm0g1x0x_g3x0x/driverlib.a(dl_common.o)
 .rodata.DAC0   0x00000000        0x4 C:/ti/mspm0_sdk_2_02_00_05/source\ti/driverlib/lib/gcc/m0p/mspm0g1x0x_g3x0x/driverlib.a(dl_common.o)
 .rodata.I2C1   0x00000000        0x4 C:/ti/mspm0_sdk_2_02_00_05/source\ti/driverlib/lib/gcc/m0p/mspm0g1x0x_g3x0x/driverlib.a(dl_common.o)
 .rodata.GPIOA  0x00000000        0x4 C:/ti/mspm0_sdk_2_02_00_05/source\ti/driverlib/lib/gcc/m0p/mspm0g1x0x_g3x0x/driverlib.a(dl_common.o)
 .rodata.FLASHCTL
                0x00000000        0x4 C:/ti/mspm0_sdk_2_02_00_05/source\ti/driverlib/lib/gcc/m0p/mspm0g1x0x_g3x0x/driverlib.a(dl_common.o)
 .rodata.TRNG   0x00000000        0x4 C:/ti/mspm0_sdk_2_02_00_05/source\ti/driverlib/lib/gcc/m0p/mspm0g1x0x_g3x0x/driverlib.a(dl_common.o)
 .rodata.RTC    0x00000000        0x4 C:/ti/mspm0_sdk_2_02_00_05/source\ti/driverlib/lib/gcc/m0p/mspm0g1x0x_g3x0x/driverlib.a(dl_common.o)
 .rodata.SPI0   0x00000000        0x4 C:/ti/mspm0_sdk_2_02_00_05/source\ti/driverlib/lib/gcc/m0p/mspm0g1x0x_g3x0x/driverlib.a(dl_common.o)
 .rodata.AES    0x00000000        0x4 C:/ti/mspm0_sdk_2_02_00_05/source\ti/driverlib/lib/gcc/m0p/mspm0g1x0x_g3x0x/driverlib.a(dl_common.o)
 .rodata.DMA    0x00000000        0x4 C:/ti/mspm0_sdk_2_02_00_05/source\ti/driverlib/lib/gcc/m0p/mspm0g1x0x_g3x0x/driverlib.a(dl_common.o)
 .rodata.OPA0   0x00000000        0x4 C:/ti/mspm0_sdk_2_02_00_05/source\ti/driverlib/lib/gcc/m0p/mspm0g1x0x_g3x0x/driverlib.a(dl_common.o)
 .rodata.OPA1   0x00000000        0x4 C:/ti/mspm0_sdk_2_02_00_05/source\ti/driverlib/lib/gcc/m0p/mspm0g1x0x_g3x0x/driverlib.a(dl_common.o)
 .rodata.TIMA0  0x00000000        0x4 C:/ti/mspm0_sdk_2_02_00_05/source\ti/driverlib/lib/gcc/m0p/mspm0g1x0x_g3x0x/driverlib.a(dl_common.o)
 .rodata.TIMA1  0x00000000        0x4 C:/ti/mspm0_sdk_2_02_00_05/source\ti/driverlib/lib/gcc/m0p/mspm0g1x0x_g3x0x/driverlib.a(dl_common.o)
 .rodata.UART3  0x00000000        0x4 C:/ti/mspm0_sdk_2_02_00_05/source\ti/driverlib/lib/gcc/m0p/mspm0g1x0x_g3x0x/driverlib.a(dl_common.o)
 .rodata.UART0  0x00000000        0x4 C:/ti/mspm0_sdk_2_02_00_05/source\ti/driverlib/lib/gcc/m0p/mspm0g1x0x_g3x0x/driverlib.a(dl_common.o)
 .rodata.UART1  0x00000000        0x4 C:/ti/mspm0_sdk_2_02_00_05/source\ti/driverlib/lib/gcc/m0p/mspm0g1x0x_g3x0x/driverlib.a(dl_common.o)
 .rodata.UART2  0x00000000        0x4 C:/ti/mspm0_sdk_2_02_00_05/source\ti/driverlib/lib/gcc/m0p/mspm0g1x0x_g3x0x/driverlib.a(dl_common.o)
 .rodata.COMP0  0x00000000        0x4 C:/ti/mspm0_sdk_2_02_00_05/source\ti/driverlib/lib/gcc/m0p/mspm0g1x0x_g3x0x/driverlib.a(dl_common.o)
 .rodata.COMP1  0x00000000        0x4 C:/ti/mspm0_sdk_2_02_00_05/source\ti/driverlib/lib/gcc/m0p/mspm0g1x0x_g3x0x/driverlib.a(dl_common.o)
 .rodata.COMP2  0x00000000        0x4 C:/ti/mspm0_sdk_2_02_00_05/source\ti/driverlib/lib/gcc/m0p/mspm0g1x0x_g3x0x/driverlib.a(dl_common.o)
 .rodata.WUC    0x00000000        0x4 C:/ti/mspm0_sdk_2_02_00_05/source\ti/driverlib/lib/gcc/m0p/mspm0g1x0x_g3x0x/driverlib.a(dl_common.o)
 .rodata.FACTORYREGION
                0x00000000        0x4 C:/ti/mspm0_sdk_2_02_00_05/source\ti/driverlib/lib/gcc/m0p/mspm0g1x0x_g3x0x/driverlib.a(dl_common.o)
 .rodata.ADC0   0x00000000        0x4 C:/ti/mspm0_sdk_2_02_00_05/source\ti/driverlib/lib/gcc/m0p/mspm0g1x0x_g3x0x/driverlib.a(dl_common.o)
 .rodata.ADC0_PERIPHERALREGIONSVT
                0x00000000        0x4 C:/ti/mspm0_sdk_2_02_00_05/source\ti/driverlib/lib/gcc/m0p/mspm0g1x0x_g3x0x/driverlib.a(dl_common.o)
 .rodata.ADC1   0x00000000        0x4 C:/ti/mspm0_sdk_2_02_00_05/source\ti/driverlib/lib/gcc/m0p/mspm0g1x0x_g3x0x/driverlib.a(dl_common.o)
 .rodata.ADC1_PERIPHERALREGIONSVT
                0x00000000        0x4 C:/ti/mspm0_sdk_2_02_00_05/source\ti/driverlib/lib/gcc/m0p/mspm0g1x0x_g3x0x/driverlib.a(dl_common.o)
 .rodata.TIMG0  0x00000000        0x4 C:/ti/mspm0_sdk_2_02_00_05/source\ti/driverlib/lib/gcc/m0p/mspm0g1x0x_g3x0x/driverlib.a(dl_common.o)
 .rodata.VREF   0x00000000        0x4 C:/ti/mspm0_sdk_2_02_00_05/source\ti/driverlib/lib/gcc/m0p/mspm0g1x0x_g3x0x/driverlib.a(dl_common.o)
 .rodata.MATHACL
                0x00000000        0x4 C:/ti/mspm0_sdk_2_02_00_05/source\ti/driverlib/lib/gcc/m0p/mspm0g1x0x_g3x0x/driverlib.a(dl_common.o)
 .rodata.TIMG12
                0x00000000        0x4 C:/ti/mspm0_sdk_2_02_00_05/source\ti/driverlib/lib/gcc/m0p/mspm0g1x0x_g3x0x/driverlib.a(dl_common.o)
 .rodata.TIMG6  0x00000000        0x4 C:/ti/mspm0_sdk_2_02_00_05/source\ti/driverlib/lib/gcc/m0p/mspm0g1x0x_g3x0x/driverlib.a(dl_common.o)
 .rodata.TIMG7  0x00000000        0x4 C:/ti/mspm0_sdk_2_02_00_05/source\ti/driverlib/lib/gcc/m0p/mspm0g1x0x_g3x0x/driverlib.a(dl_common.o)
 .rodata.TIMG8  0x00000000        0x4 C:/ti/mspm0_sdk_2_02_00_05/source\ti/driverlib/lib/gcc/m0p/mspm0g1x0x_g3x0x/driverlib.a(dl_common.o)
 .rodata.DEBUGSS
                0x00000000        0x4 C:/ti/mspm0_sdk_2_02_00_05/source\ti/driverlib/lib/gcc/m0p/mspm0g1x0x_g3x0x/driverlib.a(dl_common.o)
 .rodata.I2C0   0x00000000        0x4 C:/ti/mspm0_sdk_2_02_00_05/source\ti/driverlib/lib/gcc/m0p/mspm0g1x0x_g3x0x/driverlib.a(dl_i2c.o)
 .rodata.SYSCTL
                0x00000000        0x4 C:/ti/mspm0_sdk_2_02_00_05/source\ti/driverlib/lib/gcc/m0p/mspm0g1x0x_g3x0x/driverlib.a(dl_i2c.o)
 .rodata.WWDT1  0x00000000        0x4 C:/ti/mspm0_sdk_2_02_00_05/source\ti/driverlib/lib/gcc/m0p/mspm0g1x0x_g3x0x/driverlib.a(dl_i2c.o)
 .rodata.CPUSS  0x00000000        0x4 C:/ti/mspm0_sdk_2_02_00_05/source\ti/driverlib/lib/gcc/m0p/mspm0g1x0x_g3x0x/driverlib.a(dl_i2c.o)
 .rodata.CANFD0
                0x00000000        0x4 C:/ti/mspm0_sdk_2_02_00_05/source\ti/driverlib/lib/gcc/m0p/mspm0g1x0x_g3x0x/driverlib.a(dl_i2c.o)
 .rodata.IOMUX  0x00000000        0x4 C:/ti/mspm0_sdk_2_02_00_05/source\ti/driverlib/lib/gcc/m0p/mspm0g1x0x_g3x0x/driverlib.a(dl_i2c.o)
 .rodata.GPIOB  0x00000000        0x4 C:/ti/mspm0_sdk_2_02_00_05/source\ti/driverlib/lib/gcc/m0p/mspm0g1x0x_g3x0x/driverlib.a(dl_i2c.o)
 .rodata.CRC    0x00000000        0x4 C:/ti/mspm0_sdk_2_02_00_05/source\ti/driverlib/lib/gcc/m0p/mspm0g1x0x_g3x0x/driverlib.a(dl_i2c.o)
 .rodata.WWDT0  0x00000000        0x4 C:/ti/mspm0_sdk_2_02_00_05/source\ti/driverlib/lib/gcc/m0p/mspm0g1x0x_g3x0x/driverlib.a(dl_i2c.o)
 .rodata.SPI1   0x00000000        0x4 C:/ti/mspm0_sdk_2_02_00_05/source\ti/driverlib/lib/gcc/m0p/mspm0g1x0x_g3x0x/driverlib.a(dl_i2c.o)
 .rodata.DAC0   0x00000000        0x4 C:/ti/mspm0_sdk_2_02_00_05/source\ti/driverlib/lib/gcc/m0p/mspm0g1x0x_g3x0x/driverlib.a(dl_i2c.o)
 .rodata.I2C1   0x00000000        0x4 C:/ti/mspm0_sdk_2_02_00_05/source\ti/driverlib/lib/gcc/m0p/mspm0g1x0x_g3x0x/driverlib.a(dl_i2c.o)
 .rodata.GPIOA  0x00000000        0x4 C:/ti/mspm0_sdk_2_02_00_05/source\ti/driverlib/lib/gcc/m0p/mspm0g1x0x_g3x0x/driverlib.a(dl_i2c.o)
 .rodata.FLASHCTL
                0x00000000        0x4 C:/ti/mspm0_sdk_2_02_00_05/source\ti/driverlib/lib/gcc/m0p/mspm0g1x0x_g3x0x/driverlib.a(dl_i2c.o)
 .rodata.TRNG   0x00000000        0x4 C:/ti/mspm0_sdk_2_02_00_05/source\ti/driverlib/lib/gcc/m0p/mspm0g1x0x_g3x0x/driverlib.a(dl_i2c.o)
 .rodata.RTC    0x00000000        0x4 C:/ti/mspm0_sdk_2_02_00_05/source\ti/driverlib/lib/gcc/m0p/mspm0g1x0x_g3x0x/driverlib.a(dl_i2c.o)
 .rodata.SPI0   0x00000000        0x4 C:/ti/mspm0_sdk_2_02_00_05/source\ti/driverlib/lib/gcc/m0p/mspm0g1x0x_g3x0x/driverlib.a(dl_i2c.o)
 .rodata.AES    0x00000000        0x4 C:/ti/mspm0_sdk_2_02_00_05/source\ti/driverlib/lib/gcc/m0p/mspm0g1x0x_g3x0x/driverlib.a(dl_i2c.o)
 .rodata.DMA    0x00000000        0x4 C:/ti/mspm0_sdk_2_02_00_05/source\ti/driverlib/lib/gcc/m0p/mspm0g1x0x_g3x0x/driverlib.a(dl_i2c.o)
 .rodata.OPA0   0x00000000        0x4 C:/ti/mspm0_sdk_2_02_00_05/source\ti/driverlib/lib/gcc/m0p/mspm0g1x0x_g3x0x/driverlib.a(dl_i2c.o)
 .rodata.OPA1   0x00000000        0x4 C:/ti/mspm0_sdk_2_02_00_05/source\ti/driverlib/lib/gcc/m0p/mspm0g1x0x_g3x0x/driverlib.a(dl_i2c.o)
 .rodata.TIMA0  0x00000000        0x4 C:/ti/mspm0_sdk_2_02_00_05/source\ti/driverlib/lib/gcc/m0p/mspm0g1x0x_g3x0x/driverlib.a(dl_i2c.o)
 .rodata.TIMA1  0x00000000        0x4 C:/ti/mspm0_sdk_2_02_00_05/source\ti/driverlib/lib/gcc/m0p/mspm0g1x0x_g3x0x/driverlib.a(dl_i2c.o)
 .rodata.UART3  0x00000000        0x4 C:/ti/mspm0_sdk_2_02_00_05/source\ti/driverlib/lib/gcc/m0p/mspm0g1x0x_g3x0x/driverlib.a(dl_i2c.o)
 .rodata.UART0  0x00000000        0x4 C:/ti/mspm0_sdk_2_02_00_05/source\ti/driverlib/lib/gcc/m0p/mspm0g1x0x_g3x0x/driverlib.a(dl_i2c.o)
 .rodata.UART1  0x00000000        0x4 C:/ti/mspm0_sdk_2_02_00_05/source\ti/driverlib/lib/gcc/m0p/mspm0g1x0x_g3x0x/driverlib.a(dl_i2c.o)
 .rodata.UART2  0x00000000        0x4 C:/ti/mspm0_sdk_2_02_00_05/source\ti/driverlib/lib/gcc/m0p/mspm0g1x0x_g3x0x/driverlib.a(dl_i2c.o)
 .rodata.COMP0  0x00000000        0x4 C:/ti/mspm0_sdk_2_02_00_05/source\ti/driverlib/lib/gcc/m0p/mspm0g1x0x_g3x0x/driverlib.a(dl_i2c.o)
 .rodata.COMP1  0x00000000        0x4 C:/ti/mspm0_sdk_2_02_00_05/source\ti/driverlib/lib/gcc/m0p/mspm0g1x0x_g3x0x/driverlib.a(dl_i2c.o)
 .rodata.COMP2  0x00000000        0x4 C:/ti/mspm0_sdk_2_02_00_05/source\ti/driverlib/lib/gcc/m0p/mspm0g1x0x_g3x0x/driverlib.a(dl_i2c.o)
 .rodata.WUC    0x00000000        0x4 C:/ti/mspm0_sdk_2_02_00_05/source\ti/driverlib/lib/gcc/m0p/mspm0g1x0x_g3x0x/driverlib.a(dl_i2c.o)
 .rodata.FACTORYREGION
                0x00000000        0x4 C:/ti/mspm0_sdk_2_02_00_05/source\ti/driverlib/lib/gcc/m0p/mspm0g1x0x_g3x0x/driverlib.a(dl_i2c.o)
 .rodata.ADC0   0x00000000        0x4 C:/ti/mspm0_sdk_2_02_00_05/source\ti/driverlib/lib/gcc/m0p/mspm0g1x0x_g3x0x/driverlib.a(dl_i2c.o)
 .rodata.ADC0_PERIPHERALREGIONSVT
                0x00000000        0x4 C:/ti/mspm0_sdk_2_02_00_05/source\ti/driverlib/lib/gcc/m0p/mspm0g1x0x_g3x0x/driverlib.a(dl_i2c.o)
 .rodata.ADC1   0x00000000        0x4 C:/ti/mspm0_sdk_2_02_00_05/source\ti/driverlib/lib/gcc/m0p/mspm0g1x0x_g3x0x/driverlib.a(dl_i2c.o)
 .rodata.ADC1_PERIPHERALREGIONSVT
                0x00000000        0x4 C:/ti/mspm0_sdk_2_02_00_05/source\ti/driverlib/lib/gcc/m0p/mspm0g1x0x_g3x0x/driverlib.a(dl_i2c.o)
 .rodata.TIMG0  0x00000000        0x4 C:/ti/mspm0_sdk_2_02_00_05/source\ti/driverlib/lib/gcc/m0p/mspm0g1x0x_g3x0x/driverlib.a(dl_i2c.o)
 .rodata.VREF   0x00000000        0x4 C:/ti/mspm0_sdk_2_02_00_05/source\ti/driverlib/lib/gcc/m0p/mspm0g1x0x_g3x0x/driverlib.a(dl_i2c.o)
 .rodata.MATHACL
                0x00000000        0x4 C:/ti/mspm0_sdk_2_02_00_05/source\ti/driverlib/lib/gcc/m0p/mspm0g1x0x_g3x0x/driverlib.a(dl_i2c.o)
 .rodata.TIMG12
                0x00000000        0x4 C:/ti/mspm0_sdk_2_02_00_05/source\ti/driverlib/lib/gcc/m0p/mspm0g1x0x_g3x0x/driverlib.a(dl_i2c.o)
 .rodata.TIMG6  0x00000000        0x4 C:/ti/mspm0_sdk_2_02_00_05/source\ti/driverlib/lib/gcc/m0p/mspm0g1x0x_g3x0x/driverlib.a(dl_i2c.o)
 .rodata.TIMG7  0x00000000        0x4 C:/ti/mspm0_sdk_2_02_00_05/source\ti/driverlib/lib/gcc/m0p/mspm0g1x0x_g3x0x/driverlib.a(dl_i2c.o)
 .rodata.TIMG8  0x00000000        0x4 C:/ti/mspm0_sdk_2_02_00_05/source\ti/driverlib/lib/gcc/m0p/mspm0g1x0x_g3x0x/driverlib.a(dl_i2c.o)
 .rodata.DEBUGSS
                0x00000000        0x4 C:/ti/mspm0_sdk_2_02_00_05/source\ti/driverlib/lib/gcc/m0p/mspm0g1x0x_g3x0x/driverlib.a(dl_i2c.o)
 .text.DL_I2C_isControllerTXFIFOEmpty
                0x00000000       0x30 C:/ti/mspm0_sdk_2_02_00_05/source\ti/driverlib/lib/gcc/m0p/mspm0g1x0x_g3x0x/driverlib.a(dl_i2c.o)
 .text.DL_I2C_isControllerRXFIFOEmpty
                0x00000000       0x24 C:/ti/mspm0_sdk_2_02_00_05/source\ti/driverlib/lib/gcc/m0p/mspm0g1x0x_g3x0x/driverlib.a(dl_i2c.o)
 .text.DL_I2C_isTargetTXFIFOFull
                0x00000000       0x28 C:/ti/mspm0_sdk_2_02_00_05/source\ti/driverlib/lib/gcc/m0p/mspm0g1x0x_g3x0x/driverlib.a(dl_i2c.o)
 .text.DL_I2C_isTargetTXFIFOEmpty
                0x00000000       0x30 C:/ti/mspm0_sdk_2_02_00_05/source\ti/driverlib/lib/gcc/m0p/mspm0g1x0x_g3x0x/driverlib.a(dl_i2c.o)
 .text.DL_I2C_isTargetRXFIFOEmpty
                0x00000000       0x24 C:/ti/mspm0_sdk_2_02_00_05/source\ti/driverlib/lib/gcc/m0p/mspm0g1x0x_g3x0x/driverlib.a(dl_i2c.o)
 .text.DL_I2C_stopFlushControllerTXFIFO
                0x00000000       0x28 C:/ti/mspm0_sdk_2_02_00_05/source\ti/driverlib/lib/gcc/m0p/mspm0g1x0x_g3x0x/driverlib.a(dl_i2c.o)
 .text.DL_I2C_startFlushControllerTXFIFO
                0x00000000       0x24 C:/ti/mspm0_sdk_2_02_00_05/source\ti/driverlib/lib/gcc/m0p/mspm0g1x0x_g3x0x/driverlib.a(dl_i2c.o)
 .text.DL_I2C_stopFlushControllerRXFIFO
                0x00000000       0x28 C:/ti/mspm0_sdk_2_02_00_05/source\ti/driverlib/lib/gcc/m0p/mspm0g1x0x_g3x0x/driverlib.a(dl_i2c.o)
 .text.DL_I2C_startFlushControllerRXFIFO
                0x00000000       0x28 C:/ti/mspm0_sdk_2_02_00_05/source\ti/driverlib/lib/gcc/m0p/mspm0g1x0x_g3x0x/driverlib.a(dl_i2c.o)
 .text.DL_I2C_getTargetStatus
                0x00000000       0x1c C:/ti/mspm0_sdk_2_02_00_05/source\ti/driverlib/lib/gcc/m0p/mspm0g1x0x_g3x0x/driverlib.a(dl_i2c.o)
 .text.DL_I2C_receiveTargetData
                0x00000000       0x1a C:/ti/mspm0_sdk_2_02_00_05/source\ti/driverlib/lib/gcc/m0p/mspm0g1x0x_g3x0x/driverlib.a(dl_i2c.o)
 .text.DL_I2C_transmitTargetData
                0x00000000       0x24 C:/ti/mspm0_sdk_2_02_00_05/source\ti/driverlib/lib/gcc/m0p/mspm0g1x0x_g3x0x/driverlib.a(dl_i2c.o)
 .text.DL_I2C_stopFlushTargetTXFIFO
                0x00000000       0x28 C:/ti/mspm0_sdk_2_02_00_05/source\ti/driverlib/lib/gcc/m0p/mspm0g1x0x_g3x0x/driverlib.a(dl_i2c.o)
 .text.DL_I2C_startFlushTargetTXFIFO
                0x00000000       0x24 C:/ti/mspm0_sdk_2_02_00_05/source\ti/driverlib/lib/gcc/m0p/mspm0g1x0x_g3x0x/driverlib.a(dl_i2c.o)
 .text.DL_I2C_stopFlushTargetRXFIFO
                0x00000000       0x28 C:/ti/mspm0_sdk_2_02_00_05/source\ti/driverlib/lib/gcc/m0p/mspm0g1x0x_g3x0x/driverlib.a(dl_i2c.o)
 .text.DL_I2C_startFlushTargetRXFIFO
                0x00000000       0x28 C:/ti/mspm0_sdk_2_02_00_05/source\ti/driverlib/lib/gcc/m0p/mspm0g1x0x_g3x0x/driverlib.a(dl_i2c.o)
 .text.DL_I2C_getClockConfig
                0x00000000       0x40 C:/ti/mspm0_sdk_2_02_00_05/source\ti/driverlib/lib/gcc/m0p/mspm0g1x0x_g3x0x/driverlib.a(dl_i2c.o)
 .text.DL_I2C_flushControllerTXFIFO
                0x00000000       0x38 C:/ti/mspm0_sdk_2_02_00_05/source\ti/driverlib/lib/gcc/m0p/mspm0g1x0x_g3x0x/driverlib.a(dl_i2c.o)
 .text.DL_I2C_flushControllerRXFIFO
                0x00000000       0x38 C:/ti/mspm0_sdk_2_02_00_05/source\ti/driverlib/lib/gcc/m0p/mspm0g1x0x_g3x0x/driverlib.a(dl_i2c.o)
 .text.DL_I2C_fillTargetTXFIFO
                0x00000000       0x6e C:/ti/mspm0_sdk_2_02_00_05/source\ti/driverlib/lib/gcc/m0p/mspm0g1x0x_g3x0x/driverlib.a(dl_i2c.o)
 .text.DL_I2C_flushTargetTXFIFO
                0x00000000       0x38 C:/ti/mspm0_sdk_2_02_00_05/source\ti/driverlib/lib/gcc/m0p/mspm0g1x0x_g3x0x/driverlib.a(dl_i2c.o)
 .text.DL_I2C_flushTargetRXFIFO
                0x00000000       0x38 C:/ti/mspm0_sdk_2_02_00_05/source\ti/driverlib/lib/gcc/m0p/mspm0g1x0x_g3x0x/driverlib.a(dl_i2c.o)
 .text.DL_I2C_transmitTargetDataBlocking
                0x00000000       0x38 C:/ti/mspm0_sdk_2_02_00_05/source\ti/driverlib/lib/gcc/m0p/mspm0g1x0x_g3x0x/driverlib.a(dl_i2c.o)
 .text.DL_I2C_transmitTargetDataCheck
                0x00000000       0x48 C:/ti/mspm0_sdk_2_02_00_05/source\ti/driverlib/lib/gcc/m0p/mspm0g1x0x_g3x0x/driverlib.a(dl_i2c.o)
 .text.DL_I2C_receiveTargetDataBlocking
                0x00000000       0x2e C:/ti/mspm0_sdk_2_02_00_05/source\ti/driverlib/lib/gcc/m0p/mspm0g1x0x_g3x0x/driverlib.a(dl_i2c.o)
 .text.DL_I2C_receiveTargetDataCheck
                0x00000000       0x46 C:/ti/mspm0_sdk_2_02_00_05/source\ti/driverlib/lib/gcc/m0p/mspm0g1x0x_g3x0x/driverlib.a(dl_i2c.o)

Memory Configuration

Name             Origin             Length             Attributes
FLASH            0x00000000         0x00020000         xr
SRAM             0x20200000         0x00008000         xrw
BCR_CONFIG       0x41c00000         0x00000080         r
BSL_CONFIG       0x41c00100         0x00000080         r
*default*        0x00000000         0xffffffff

Linker script and memory map

LOAD ./I2C_LCD.o
LOAD ./ti_msp_dl_config.o
LOAD ./startup_mspm0g350x_gcc.o
                0x00000000                _Min_Heap_Size = 0x0
                0x00000080                _Min_Stack_Size = 0x80
                0x00000000                PROVIDE (_intvecs_base_address = DEFINED (_intvecs_base_address)?_intvecs_base_address:0x0)

.intvecs        0x00000000       0xc0
 *(.intvecs)
 .intvecs       0x00000000       0xc0 ./startup_mspm0g350x_gcc.o
                0x00000000                interruptVectors
                0x20200000                PROVIDE (_vtable_base_address = DEFINED (_vtable_base_address)?_vtable_base_address:0x20200000)

.vtable
 *(.vtable)

.text           0x000000c0      0x598
 CREATE_OBJECT_SYMBOLS
 *(.text)
 .text          0x000000c0        0x0 ./I2C_LCD.o
 .text          0x000000c0        0x0 ./ti_msp_dl_config.o
 .text          0x000000c0        0x0 ./startup_mspm0g350x_gcc.o
 .text          0x000000c0        0x0 C:/ti/mspm0_sdk_2_02_00_05/source\ti/driverlib/lib/gcc/m0p/mspm0g1x0x_g3x0x/driverlib.a(dl_common.o)
 .text          0x000000c0        0x0 C:/ti/mspm0_sdk_2_02_00_05/source\ti/driverlib/lib/gcc/m0p/mspm0g1x0x_g3x0x/driverlib.a(dl_i2c.o)
 .text          0x000000c0        0x0 C:/ti/gcc_arm_none_eabi_9_2_1/arm-none-eabi/lib/thumb/v6-m/nofp\libc.a(lib_a-init.o)
                0x000000c0                . = ALIGN (0x8)
 *(.text.*)
 .text.I2C_writeByte
                0x000000c0       0x6c ./I2C_LCD.o
                0x000000c0                I2C_writeByte
 .text.LCD_sendByte
                0x0000012c       0x60 ./I2C_LCD.o
                0x0000012c                LCD_sendByte
 .text.LCD_sendData
                0x0000018c       0x1c ./I2C_LCD.o
                0x0000018c                LCD_sendData
 .text.LCD_sendCommand
                0x000001a8       0x58 ./I2C_LCD.o
                0x000001a8                LCD_sendCommand
 .text.LCD_init
                0x00000200       0x68 ./I2C_LCD.o
                0x00000200                LCD_init
 .text.startup.main
                0x00000268       0x74 ./I2C_LCD.o
                0x00000268                main
 .text.SYSCFG_DL_initPower
                0x000002dc       0x3c ./ti_msp_dl_config.o
                0x000002dc                SYSCFG_DL_initPower
 .text.SYSCFG_DL_GPIO_init
                0x00000318       0x40 ./ti_msp_dl_config.o
                0x00000318                SYSCFG_DL_GPIO_init
 .text.SYSCFG_DL_SYSCTL_init
                0x00000358       0x50 ./ti_msp_dl_config.o
                0x00000358                SYSCFG_DL_SYSCTL_init
 .text.SYSCFG_DL_I2C_init
                0x000003a8       0x78 ./ti_msp_dl_config.o
                0x000003a8                SYSCFG_DL_I2C_init
 .text.SYSCFG_DL_init
                0x00000420       0x14 ./ti_msp_dl_config.o
                0x00000420                SYSCFG_DL_init
 .text.Default_Handler
                0x00000434        0x4 ./startup_mspm0g350x_gcc.o
                0x00000434                TIMG6_IRQHandler
                0x00000434                TIMG8_IRQHandler
                0x00000434                I2C0_IRQHandler
                0x00000434                HardFault_Handler
                0x00000434                SysTick_Handler
                0x00000434                PendSV_Handler
                0x00000434                NMI_Handler
                0x00000434                I2C1_IRQHandler
                0x00000434                UART1_IRQHandler
                0x00000434                TIMA1_IRQHandler
                0x00000434                UART0_IRQHandler
                0x00000434                ADC0_IRQHandler
                0x00000434                SPI1_IRQHandler
                0x00000434                TIMG0_IRQHandler
                0x00000434                ADC1_IRQHandler
                0x00000434                GROUP1_IRQHandler
                0x00000434                RTC_IRQHandler
                0x00000434                GROUP0_IRQHandler
                0x00000434                UART2_IRQHandler
                0x00000434                Default_Handler
                0x00000434                SVC_Handler
                0x00000434                TIMG12_IRQHandler
                0x00000434                DAC0_IRQHandler
                0x00000434                TIMG7_IRQHandler
                0x00000434                SPI0_IRQHandler
                0x00000434                AES_IRQHandler
                0x00000434                DMA_IRQHandler
                0x00000434                TIMA0_IRQHandler
                0x00000434                UART3_IRQHandler
                0x00000434                CANFD0_IRQHandler
 .text.Reset_Handler
                0x00000438       0x8c ./startup_mspm0g350x_gcc.o
                0x00000438                Reset_Handler
 .text.initStub
                0x000004c4        0x4 ./startup_mspm0g350x_gcc.o
                0x000004c4                initStub
                0x000004c4                _init
 .text.DL_Common_delayCycles
                0x000004c8       0x1c C:/ti/mspm0_sdk_2_02_00_05/source\ti/driverlib/lib/gcc/m0p/mspm0g1x0x_g3x0x/driverlib.a(dl_common.o)
                0x000004c8                DL_Common_delayCycles
 .text.DL_Common_updateReg
                0x000004e4       0x32 C:/ti/mspm0_sdk_2_02_00_05/source\ti/driverlib/lib/gcc/m0p/mspm0g1x0x_g3x0x/driverlib.a(dl_i2c.o)
 *fill*         0x00000516        0x2 
 .text.DL_I2C_isControllerTXFIFOFull
                0x00000518       0x28 C:/ti/mspm0_sdk_2_02_00_05/source\ti/driverlib/lib/gcc/m0p/mspm0g1x0x_g3x0x/driverlib.a(dl_i2c.o)
 .text.DL_I2C_transmitControllerData
                0x00000540       0x22 C:/ti/mspm0_sdk_2_02_00_05/source\ti/driverlib/lib/gcc/m0p/mspm0g1x0x_g3x0x/driverlib.a(dl_i2c.o)
 *fill*         0x00000562        0x2 
 .text.DL_I2C_setClockConfig
                0x00000564       0x3c C:/ti/mspm0_sdk_2_02_00_05/source\ti/driverlib/lib/gcc/m0p/mspm0g1x0x_g3x0x/driverlib.a(dl_i2c.o)
                0x00000564                DL_I2C_setClockConfig
 .text.DL_I2C_fillControllerTXFIFO
                0x000005a0       0x6e C:/ti/mspm0_sdk_2_02_00_05/source\ti/driverlib/lib/gcc/m0p/mspm0g1x0x_g3x0x/driverlib.a(dl_i2c.o)
                0x000005a0                DL_I2C_fillControllerTXFIFO
 *fill*         0x0000060e        0x2 
 .text.__libc_init_array
                0x00000610       0x44 C:/ti/gcc_arm_none_eabi_9_2_1/arm-none-eabi/lib/thumb/v6-m/nofp\libc.a(lib_a-init.o)
                0x00000610                __libc_init_array
                0x00000658                . = ALIGN (0x8)
 *fill*         0x00000654        0x4 
 *(.ctors)
                0x00000658                . = ALIGN (0x8)
 *(.dtors)
                0x00000658                . = ALIGN (0x8)
 *(.init)
                0x00000658                . = ALIGN (0x8)
 *(.fini*)
                0x00000658                . = ALIGN (0x8)

.glue_7         0x00000658        0x0
 .glue_7        0x00000658        0x0 linker stubs

.glue_7t        0x00000658        0x0
 .glue_7t       0x00000658        0x0 linker stubs

.vfp11_veneer   0x00000658        0x0
 .vfp11_veneer  0x00000658        0x0 linker stubs

.v4_bx          0x00000658        0x0
 .v4_bx         0x00000658        0x0 linker stubs

.iplt           0x00000658        0x0
 .iplt          0x00000658        0x0 ./I2C_LCD.o

.ramfunc        0x20200000        0x0 load address 0x00000658
                0x00000658                __ramfunct_load__ = LOADADDR (.ramfunc)
                0x20200000                __ramfunct_start__ = .
 *(.ramfunc)
                0x20200000                . = ALIGN (0x8)
                0x20200000                __ramfunct_end__ = .

.rodata         0x00000658       0x18
 *(.rodata)
                0x00000658                . = ALIGN (0x8)
 *(.rodata.*)
 .rodata.main.str1.4
                0x00000658        0xf ./I2C_LCD.o
 *fill*         0x00000667        0x1 
 .rodata.gI2CClockConfig
                0x00000668        0x2 ./ti_msp_dl_config.o
                0x00000670                . = ALIGN (0x8)
 *fill*         0x0000066a        0x6 

.rel.dyn        0x00000670        0x0
 .rel.iplt      0x00000670        0x0 ./I2C_LCD.o

.preinit_array  0x00000670        0x0
                0x00000670                PROVIDE (__preinit_array_start = .)
 *(.preinit_array*)
                0x00000670                PROVIDE (__preinit_array_end = .)

.init_array     0x00000670        0x0
                0x00000670                . = ALIGN (0x8)
                0x00000670                PROVIDE (__init_array_start = .)
 *(SORT_BY_NAME(.init_array.*))
 *(.init_array*)
                0x00000670                PROVIDE (__init_array_end = .)

.fini_array     0x00000670        0x0
                0x00000670                . = ALIGN (0x8)
                [!provide]                PROVIDE (__fini_array_start = .)
 *(SORT_BY_NAME(.fini_array.*))
 *(.fini_array*)
                [!provide]                PROVIDE (__fini_array_end = .)
                0x00000670                . = ALIGN (0x8)

.ARM.exidx      0x00000670        0x0
                0x00000670                __exidx_start = .
 *(.ARM.exidx* .gnu.linkonce.armexidx.*)
                0x00000670                __exidx_end = .

.ARM.extab      0x00000670        0x0
                0x00000670                . = ALIGN (0x8)
 *(.ARM.extab* .gnu.linkonce.armextab.*)
                0x00000670                . = ALIGN (0x8)
                0x00000670                __etext = .

.data           0x20200000        0x0 load address 0x00000670
                0x00000670                __data_load__ = LOADADDR (.data)
                0x20200000                __data_start__ = .
 *(.data)
 .data          0x20200000        0x0 ./I2C_LCD.o
 .data          0x20200000        0x0 ./ti_msp_dl_config.o
 .data          0x20200000        0x0 ./startup_mspm0g350x_gcc.o
 .data          0x20200000        0x0 C:/ti/mspm0_sdk_2_02_00_05/source\ti/driverlib/lib/gcc/m0p/mspm0g1x0x_g3x0x/driverlib.a(dl_common.o)
 .data          0x20200000        0x0 C:/ti/mspm0_sdk_2_02_00_05/source\ti/driverlib/lib/gcc/m0p/mspm0g1x0x_g3x0x/driverlib.a(dl_i2c.o)
 .data          0x20200000        0x0 C:/ti/gcc_arm_none_eabi_9_2_1/arm-none-eabi/lib/thumb/v6-m/nofp\libc.a(lib_a-init.o)
 *(.data*)
                0x20200000                . = ALIGN (0x8)
                0x20200000                __data_end__ = .

.igot.plt       0x20200000        0x0 load address 0x00000670
 .igot.plt      0x20200000        0x0 ./I2C_LCD.o

.bss            0x20200000        0x0
                0x20200000                __bss_start__ = .
 *(.shbss)
 *(.bss)
 .bss           0x20200000        0x0 ./I2C_LCD.o
 .bss           0x20200000        0x0 ./ti_msp_dl_config.o
 .bss           0x20200000        0x0 ./startup_mspm0g350x_gcc.o
 .bss           0x20200000        0x0 C:/ti/mspm0_sdk_2_02_00_05/source\ti/driverlib/lib/gcc/m0p/mspm0g1x0x_g3x0x/driverlib.a(dl_common.o)
 .bss           0x20200000        0x0 C:/ti/mspm0_sdk_2_02_00_05/source\ti/driverlib/lib/gcc/m0p/mspm0g1x0x_g3x0x/driverlib.a(dl_i2c.o)
 .bss           0x20200000        0x0 C:/ti/gcc_arm_none_eabi_9_2_1/arm-none-eabi/lib/thumb/v6-m/nofp\libc.a(lib_a-init.o)
 *(.bss.*)
 *(COMMON)
                0x20200000                . = ALIGN (0x8)
                0x20200000                __bss_end__ = .

.noinit         0x20200000        0x0
 *(*.noinit*)
                0x20200000                . = ALIGN (0x8)

.heap           0x20200000        0x0
                0x20200000                __heap_start__ = .
                0x20200000                end = __heap_start__
                0x20200000                _end = end
                0x20200000                __end = end
 *(.heap)
                0x20200000                __heap_end__ = .
                0x20200000                __HeapLimit = __heap_end__

.stack          0x20200000        0x0
                0x20200000                _stack = .
 *(.stack)

.BCRConfig
 *(.BCRConfig)

.BSLConfig
 *(.BSLConfig)
                0x20208000                __StackTop = (ORIGIN (REGION_STACK) + LENGTH (REGION_STACK))
                [!provide]                PROVIDE (__stack = __StackTop)
LOAD C:/ti/mspm0_sdk_2_02_00_05/source\ti/driverlib/lib/gcc/m0p/mspm0g1x0x_g3x0x/driverlib.a
LOAD c:/ti/gcc_arm_none_eabi_9_2_1/bin/../lib/gcc/arm-none-eabi/9.2.1/thumb/v6-m/nofp\libgcc.a
LOAD C:/ti/gcc_arm_none_eabi_9_2_1/arm-none-eabi/lib/thumb/v6-m/nofp\libc.a
LOAD C:/ti/gcc_arm_none_eabi_9_2_1/arm-none-eabi/lib/thumb/v6-m/nofp\libm.a
LOAD C:/ti/gcc_arm_none_eabi_9_2_1/arm-none-eabi/lib/thumb/v6-m/nofp\libnosys.a
START GROUP
LOAD c:/ti/gcc_arm_none_eabi_9_2_1/bin/../lib/gcc/arm-none-eabi/9.2.1/thumb/v6-m/nofp\libgcc.a
LOAD C:/ti/gcc_arm_none_eabi_9_2_1/arm-none-eabi/lib/thumb/v6-m/nofp\libg.a
LOAD C:/ti/gcc_arm_none_eabi_9_2_1/arm-none-eabi/lib/thumb/v6-m/nofp\libc.a
END GROUP
OUTPUT(I2C_LCD.out elf32-littlearm)

.debug_info     0x00000000     0xf391
 .debug_info    0x00000000     0x7603 ./I2C_LCD.o
 .debug_info    0x00007603     0x7bd2 ./ti_msp_dl_config.o
 .debug_info    0x0000f1d5      0x1bc ./startup_mspm0g350x_gcc.o

.debug_abbrev   0x00000000      0x8c7
 .debug_abbrev  0x00000000      0x42f ./I2C_LCD.o
 .debug_abbrev  0x0000042f      0x3b1 ./ti_msp_dl_config.o
 .debug_abbrev  0x000007e0       0xe7 ./startup_mspm0g350x_gcc.o

.debug_loc      0x00000000      0x19a
 .debug_loc     0x00000000      0x187 ./I2C_LCD.o
 .debug_loc     0x00000187       0x13 ./startup_mspm0g350x_gcc.o

.debug_aranges  0x00000000       0xd8
 .debug_aranges
                0x00000000       0x68 ./I2C_LCD.o
 .debug_aranges
                0x00000068       0x40 ./ti_msp_dl_config.o
 .debug_aranges
                0x000000a8       0x30 ./startup_mspm0g350x_gcc.o

.debug_ranges   0x00000000      0x318
 .debug_ranges  0x00000000      0x160 ./I2C_LCD.o
 .debug_ranges  0x00000160      0x198 ./ti_msp_dl_config.o
 .debug_ranges  0x000002f8       0x20 ./startup_mspm0g350x_gcc.o

.debug_line     0x00000000     0x1236
 .debug_line    0x00000000      0x8aa ./I2C_LCD.o
 .debug_line    0x000008aa      0x7c1 ./ti_msp_dl_config.o
 .debug_line    0x0000106b      0x1cb ./startup_mspm0g350x_gcc.o

.debug_str      0x00000000     0x33e4
 .debug_str     0x00000000     0x24e2 ./I2C_LCD.o
                               0x2686 (size before relaxing)
 .debug_str     0x000024e2      0xdc5 ./ti_msp_dl_config.o
                               0x327d (size before relaxing)
 .debug_str     0x000032a7      0x13d ./startup_mspm0g350x_gcc.o
                                0x2d0 (size before relaxing)

.comment        0x00000000       0x79
 .comment       0x00000000       0x79 ./I2C_LCD.o
                                 0x7a (size before relaxing)
 .comment       0x00000079       0x7a ./ti_msp_dl_config.o
 .comment       0x00000079       0x7a ./startup_mspm0g350x_gcc.o
 .comment       0x00000079       0x7a C:/ti/mspm0_sdk_2_02_00_05/source\ti/driverlib/lib/gcc/m0p/mspm0g1x0x_g3x0x/driverlib.a(dl_common.o)
 .comment       0x00000079       0x7a C:/ti/mspm0_sdk_2_02_00_05/source\ti/driverlib/lib/gcc/m0p/mspm0g1x0x_g3x0x/driverlib.a(dl_i2c.o)

.ARM.attributes
                0x00000000       0x2c
 .ARM.attributes
                0x00000000       0x2b ./I2C_LCD.o
 .ARM.attributes
                0x0000002b       0x2b ./ti_msp_dl_config.o
 .ARM.attributes
                0x00000056       0x2b ./startup_mspm0g350x_gcc.o
 .ARM.attributes
                0x00000081       0x2b C:/ti/mspm0_sdk_2_02_00_05/source\ti/driverlib/lib/gcc/m0p/mspm0g1x0x_g3x0x/driverlib.a(dl_common.o)
 .ARM.attributes
                0x000000ac       0x2b C:/ti/mspm0_sdk_2_02_00_05/source\ti/driverlib/lib/gcc/m0p/mspm0g1x0x_g3x0x/driverlib.a(dl_i2c.o)
 .ARM.attributes
                0x000000d7       0x2c C:/ti/gcc_arm_none_eabi_9_2_1/arm-none-eabi/lib/thumb/v6-m/nofp\libc.a(lib_a-init.o)

.debug_frame    0x00000000      0x1f4
 .debug_frame   0x00000000      0x108 ./I2C_LCD.o
 .debug_frame   0x00000108       0x78 ./ti_msp_dl_config.o
 .debug_frame   0x00000180       0x48 ./startup_mspm0g350x_gcc.o
 .debug_frame   0x000001c8       0x2c C:/ti/gcc_arm_none_eabi_9_2_1/arm-none-eabi/lib/thumb/v6-m/nofp\libc.a(lib_a-init.o)
