Archive member included to satisfy reference by file (symbol)

C:/ti/mspm0_sdk_2_02_00_05/source\ti/driverlib/lib/gcc/m0p/mspm0g1x0x_g3x0x/driverlib.a(dl_adc12.o)
                              ./ti_msp_dl_config.o (DL_ADC12_setClockConfig)
C:/ti/mspm0_sdk_2_02_00_05/source\ti/driverlib/lib/gcc/m0p/mspm0g1x0x_g3x0x/driverlib.a(dl_common.o)
                              ./ti_msp_dl_config.o (DL_Common_delayCycles)
C:/ti/mspm0_sdk_2_02_00_05/source\ti/driverlib/lib/gcc/m0p/mspm0g1x0x_g3x0x/driverlib.a(dl_i2c.o)
                              ./ti_msp_dl_config.o (DL_I2C_setClockConfig)
c:/ti/gcc_arm_none_eabi_9_2_1/bin/../lib/gcc/arm-none-eabi/9.2.1/thumb/v6-m/nofp\libgcc.a(extendsfdf2.o)
                              ./LCD_internal_Temp.o (__aeabi_f2d)
c:/ti/gcc_arm_none_eabi_9_2_1/bin/../lib/gcc/arm-none-eabi/9.2.1/thumb/v6-m/nofp\libgcc.a(_clzsi2.o)
                              c:/ti/gcc_arm_none_eabi_9_2_1/bin/../lib/gcc/arm-none-eabi/9.2.1/thumb/v6-m/nofp\libgcc.a(extendsfdf2.o) (__clzsi2)
C:/ti/gcc_arm_none_eabi_9_2_1/arm-none-eabi/lib/thumb/v6-m/nofp\libc.a(lib_a-init.o)
                              ./startup_mspm0g350x_gcc.o (__libc_init_array)
C:/ti/gcc_arm_none_eabi_9_2_1/arm-none-eabi/lib/thumb/v6-m/nofp\libc.a(lib_a-sprintf.o)
                              ./LCD_internal_Temp.o (sprintf)
C:/ti/gcc_arm_none_eabi_9_2_1/arm-none-eabi/lib/thumb/v6-m/nofp\libc.a(lib_a-svfprintf.o)
                              C:/ti/gcc_arm_none_eabi_9_2_1/arm-none-eabi/lib/thumb/v6-m/nofp\libc.a(lib_a-sprintf.o) (_svfprintf_r)
C:/ti/gcc_arm_none_eabi_9_2_1/arm-none-eabi/lib/thumb/v6-m/nofp\libc.a(lib_a-dtoa.o)
                              C:/ti/gcc_arm_none_eabi_9_2_1/arm-none-eabi/lib/thumb/v6-m/nofp\libc.a(lib_a-svfprintf.o) (_dtoa_r)
C:/ti/gcc_arm_none_eabi_9_2_1/arm-none-eabi/lib/thumb/v6-m/nofp\libc.a(lib_a-freer.o)
                              C:/ti/gcc_arm_none_eabi_9_2_1/arm-none-eabi/lib/thumb/v6-m/nofp\libc.a(lib_a-svfprintf.o) (_free_r)
C:/ti/gcc_arm_none_eabi_9_2_1/arm-none-eabi/lib/thumb/v6-m/nofp\libc.a(lib_a-impure.o)
                              C:/ti/gcc_arm_none_eabi_9_2_1/arm-none-eabi/lib/thumb/v6-m/nofp\libc.a(lib_a-sprintf.o) (_impure_ptr)
C:/ti/gcc_arm_none_eabi_9_2_1/arm-none-eabi/lib/thumb/v6-m/nofp\libc.a(lib_a-localeconv.o)
                              C:/ti/gcc_arm_none_eabi_9_2_1/arm-none-eabi/lib/thumb/v6-m/nofp\libc.a(lib_a-svfprintf.o) (_localeconv_r)
C:/ti/gcc_arm_none_eabi_9_2_1/arm-none-eabi/lib/thumb/v6-m/nofp\libc.a(lib_a-mallocr.o)
                              C:/ti/gcc_arm_none_eabi_9_2_1/arm-none-eabi/lib/thumb/v6-m/nofp\libc.a(lib_a-svfprintf.o) (_malloc_r)
C:/ti/gcc_arm_none_eabi_9_2_1/arm-none-eabi/lib/thumb/v6-m/nofp\libc.a(lib_a-memchr-stub.o)
                              C:/ti/gcc_arm_none_eabi_9_2_1/arm-none-eabi/lib/thumb/v6-m/nofp\libc.a(lib_a-svfprintf.o) (memchr)
C:/ti/gcc_arm_none_eabi_9_2_1/arm-none-eabi/lib/thumb/v6-m/nofp\libc.a(lib_a-memcpy-stub.o)
                              C:/ti/gcc_arm_none_eabi_9_2_1/arm-none-eabi/lib/thumb/v6-m/nofp\libc.a(lib_a-dtoa.o) (memcpy)
C:/ti/gcc_arm_none_eabi_9_2_1/arm-none-eabi/lib/thumb/v6-m/nofp\libc.a(lib_a-mlock.o)
                              C:/ti/gcc_arm_none_eabi_9_2_1/arm-none-eabi/lib/thumb/v6-m/nofp\libc.a(lib_a-freer.o) (__malloc_lock)
C:/ti/gcc_arm_none_eabi_9_2_1/arm-none-eabi/lib/thumb/v6-m/nofp\libc.a(lib_a-mprec.o)
                              C:/ti/gcc_arm_none_eabi_9_2_1/arm-none-eabi/lib/thumb/v6-m/nofp\libc.a(lib_a-dtoa.o) (_Balloc)
C:/ti/gcc_arm_none_eabi_9_2_1/arm-none-eabi/lib/thumb/v6-m/nofp\libc.a(lib_a-s_frexp.o)
                              C:/ti/gcc_arm_none_eabi_9_2_1/arm-none-eabi/lib/thumb/v6-m/nofp\libc.a(lib_a-svfprintf.o) (frexp)
C:/ti/gcc_arm_none_eabi_9_2_1/arm-none-eabi/lib/thumb/v6-m/nofp\libc.a(lib_a-sbrkr.o)
                              C:/ti/gcc_arm_none_eabi_9_2_1/arm-none-eabi/lib/thumb/v6-m/nofp\libc.a(lib_a-freer.o) (_sbrk_r)
C:/ti/gcc_arm_none_eabi_9_2_1/arm-none-eabi/lib/thumb/v6-m/nofp\libc.a(lib_a-strlen-stub.o)
                              C:/ti/gcc_arm_none_eabi_9_2_1/arm-none-eabi/lib/thumb/v6-m/nofp\libc.a(lib_a-svfprintf.o) (strlen)
C:/ti/gcc_arm_none_eabi_9_2_1/arm-none-eabi/lib/thumb/v6-m/nofp\libc.a(lib_a-strncpy.o)
                              C:/ti/gcc_arm_none_eabi_9_2_1/arm-none-eabi/lib/thumb/v6-m/nofp\libc.a(lib_a-svfprintf.o) (strncpy)
C:/ti/gcc_arm_none_eabi_9_2_1/arm-none-eabi/lib/thumb/v6-m/nofp\libc.a(lib_a-svfiprintf.o)
                              C:/ti/gcc_arm_none_eabi_9_2_1/arm-none-eabi/lib/thumb/v6-m/nofp\libc.a(lib_a-svfprintf.o) (__ssprint_r)
C:/ti/gcc_arm_none_eabi_9_2_1/arm-none-eabi/lib/thumb/v6-m/nofp\libc.a(lib_a-callocr.o)
                              C:/ti/gcc_arm_none_eabi_9_2_1/arm-none-eabi/lib/thumb/v6-m/nofp\libc.a(lib_a-mprec.o) (_calloc_r)
C:/ti/gcc_arm_none_eabi_9_2_1/arm-none-eabi/lib/thumb/v6-m/nofp\libc.a(lib_a-locale.o)
[...]
Memory Configuration

Name             Origin             Length             Attributes
FLASH            0x00000000         0x00020000         xr
SRAM             0x20200000         0x00008000         xrw
BCR_CONFIG       0x41c00000         0x00000080         r
BSL_CONFIG       0x41c00100         0x00000080         r
*default*        0x00000000         0xffffffff

Linker script and memory map

LOAD ./LCD_internal_Temp.o
LOAD ./ti_msp_dl_config.o
LOAD ./startup_mspm0g350x_gcc.o
                0x00000000                _Min_Heap_Size = 0x0
                0x00000080                _Min_Stack_Size = 0x80
                0x00000000                PROVIDE (_intvecs_base_address = DEFINED (_intvecs_base_address)?_intvecs_base_address:0x0)

.intvecs        0x00000000       0xc0
 *(.intvecs)
 .intvecs       0x00000000       0xc0 ./startup_mspm0g350x_gcc.o
                0x00000000                interruptVectors
                0x20200000                PROVIDE (_vtable_base_address = DEFINED (_vtable_base_address)?_vtable_base_address:0x20200000)

.vtable
 *(.vtable)

.text           0x000000c0     0x6ff8
 CREATE_OBJECT_SYMBOLS
 *(.text)
 .text          0x000000c0        0x0 ./LCD_internal_Temp.o
 .text          0x000000c0        0x0 ./ti_msp_dl_config.o
 .text          0x000000c0        0x0 ./startup_mspm0g350x_gcc.o
 .text          0x000000c0        0x0 C:/ti/mspm0_sdk_2_02_00_05/source\ti/driverlib/lib/gcc/m0p/mspm0g1x0x_g3x0x/driverlib.a(dl_adc12.o)
 .text          0x000000c0        0x0 C:/ti/mspm0_sdk_2_02_00_05/source\ti/driverlib/lib/gcc/m0p/mspm0g1x0x_g3x0x/driverlib.a(dl_common.o)
 .text          0x000000c0        0x0 C:/ti/mspm0_sdk_2_02_00_05/source\ti/driverlib/lib/gcc/m0p/mspm0g1x0x_g3x0x/driverlib.a(dl_i2c.o)
 .text          0x000000c0       0x90 c:/ti/gcc_arm_none_eabi_9_2_1/bin/../lib/gcc/arm-none-eabi/9.2.1/thumb/v6-m/nofp\libgcc.a(extendsfdf2.o)
                0x000000c0                __aeabi_f2d
 .text          0x00000150       0x3c c:/ti/gcc_arm_none_eabi_9_2_1/bin/../lib/gcc/arm-none-eabi/9.2.1/thumb/v6-m/nofp\libgcc.a(_clzsi2.o)
                0x00000150                __clzsi2
 .text          0x0000018c        0x0 C:/ti/gcc_arm_none_eabi_9_2_1/arm-none-eabi/lib/thumb/v6-m/nofp\libc.a(lib_a-init.o)
 .text          0x0000018c        0x0 C:/ti/gcc_arm_none_eabi_9_2_1/arm-none-eabi/lib/thumb/v6-m/nofp\libc.a(lib_a-sprintf.o)
 .text          0x0000018c        0x0 C:/ti/gcc_arm_none_eabi_9_2_1/arm-none-eabi/lib/thumb/v6-m/nofp\libc.a(lib_a-svfprintf.o)
 .text          0x0000018c        0x0 C:/ti/gcc_arm_none_eabi_9_2_1/arm-none-eabi/lib/thumb/v6-m/nofp\libc.a(lib_a-dtoa.o)
 .text          0x0000018c        0x0 C:/ti/gcc_arm_none_eabi_9_2_1/arm-none-eabi/lib/thumb/v6-m/nofp\libc.a(lib_a-freer.o)
 .text          0x0000018c        0x0 C:/ti/gcc_arm_none_eabi_9_2_1/arm-none-eabi/lib/thumb/v6-m/nofp\libc.a(lib_a-impure.o)
 .text          0x0000018c        0x0 C:/ti/gcc_arm_none_eabi_9_2_1/arm-none-eabi/lib/thumb/v6-m/nofp\libc.a(lib_a-localeconv.o)
 .text          0x0000018c        0x0 C:/ti/gcc_arm_none_eabi_9_2_1/arm-none-eabi/lib/thumb/v6-m/nofp\libc.a(lib_a-mallocr.o)
 .text          0x0000018c        0x0 C:/ti/gcc_arm_none_eabi_9_2_1/arm-none-eabi/lib/thumb/v6-m/nofp\libc.a(lib_a-memchr-stub.o)
 .text          0x0000018c        0x0 C:/ti/gcc_arm_none_eabi_9_2_1/arm-none-eabi/lib/thumb/v6-m/nofp\libc.a(lib_a-memcpy-stub.o)
 .text          0x0000018c        0x0 C:/ti/gcc_arm_none_eabi_9_2_1/arm-none-eabi/lib/thumb/v6-m/nofp\libc.a(lib_a-mlock.o)
 .text          0x0000018c        0x0 C:/ti/gcc_arm_none_eabi_9_2_1/arm-none-eabi/lib/thumb/v6-m/nofp\libc.a(lib_a-mprec.o)
 .text          0x0000018c        0x0 C:/ti/gcc_arm_none_eabi_9_2_1/arm-none-eabi/lib/thumb/v6-m/nofp\libc.a(lib_a-s_frexp.o)
 .text          0x0000018c        0x0 C:/ti/gcc_arm_none_eabi_9_2_1/arm-none-eabi/lib/thumb/v6-m/nofp\libc.a(lib_a-sbrkr.o)
 .text          0x0000018c        0x0 C:/ti/gcc_arm_none_eabi_9_2_1/arm-none-eabi/lib/thumb/v6-m/nofp\libc.a(lib_a-strlen-stub.o)
 .text          0x0000018c        0x0 C:/ti/gcc_arm_none_eabi_9_2_1/arm-none-eabi/lib/thumb/v6-m/nofp\libc.a(lib_a-strncpy.o)
 .text          0x0000018c        0x0 C:/ti/gcc_arm_none_eabi_9_2_1/arm-none-eabi/lib/thumb/v6-m/nofp\libc.a(lib_a-svfiprintf.o)
 .text          0x0000018c        0x0 C:/ti/gcc_arm_none_eabi_9_2_1/arm-none-eabi/lib/thumb/v6-m/nofp\libc.a(lib_a-callocr.o)
 .text          0x0000018c        0x0 C:/ti/gcc_arm_none_eabi_9_2_1/arm-none-eabi/lib/thumb/v6-m/nofp\libc.a(lib_a-locale.o)
 .text          0x0000018c        0x0 C:/ti/gcc_arm_none_eabi_9_2_1/arm-none-eabi/lib/thumb/v6-m/nofp\libc.a(lib_a-lock.o)
 .text          0x0000018c        0x0 C:/ti/gcc_arm_none_eabi_9_2_1/arm-none-eabi/lib/thumb/v6-m/nofp\libc.a(lib_a-mbtowc_r.o)
 .text          0x0000018c        0x0 C:/ti/gcc_arm_none_eabi_9_2_1/arm-none-eabi/lib/thumb/v6-m/nofp\libc.a(lib_a-memmove.o)
 .text          0x0000018c        0x0 C:/ti/gcc_arm_none_eabi_9_2_1/arm-none-eabi/lib/thumb/v6-m/nofp\libc.a(lib_a-memset.o)
 .text          0x0000018c        0x0 C:/ti/gcc_arm_none_eabi_9_2_1/arm-none-eabi/lib/thumb/v6-m/nofp\libc.a(lib_a-reallocr.o)
 .text          0x0000018c        0x0 C:/ti/gcc_arm_none_eabi_9_2_1/arm-none-eabi/lib/thumb/v6-m/nofp\libc.a(lib_a-reent.o)
 .text          0x0000018c       0x88 C:/ti/gcc_arm_none_eabi_9_2_1/arm-none-eabi/lib/thumb/v6-m/nofp\libc.a(lib_a-strcmp.o)
                0x0000018c                strcmp
 .text          0x00000214        0x0 C:/ti/gcc_arm_none_eabi_9_2_1/arm-none-eabi/lib/thumb/v6-m/nofp\libc.a(lib_a-wctomb_r.o)
 .text          0x00000214        0x0 C:/ti/gcc_arm_none_eabi_9_2_1/arm-none-eabi/lib/thumb/v6-m/nofp\libc.a(lib_a-ctype_.o)
 .text          0x00000214        0x0 C:/ti/gcc_arm_none_eabi_9_2_1/arm-none-eabi/lib/thumb/v6-m/nofp\libnosys.a(sbrk.o)
 .text          0x00000214      0x114 c:/ti/gcc_arm_none_eabi_9_2_1/bin/../lib/gcc/arm-none-eabi/9.2.1/thumb/v6-m/nofp\libgcc.a(_udivsi3.o)
                0x00000214                __aeabi_uidiv
                0x00000214                __udivsi3
                0x00000320                __aeabi_uidivmod
 .text          0x00000328      0x1d4 c:/ti/gcc_arm_none_eabi_9_2_1/bin/../lib/gcc/arm-none-eabi/9.2.1/thumb/v6-m/nofp\libgcc.a(_divsi3.o)
                0x00000328                __divsi3
                0x00000328                __aeabi_idiv
                0x000004f4                __aeabi_idivmod
 .text          0x000004fc        0x4 c:/ti/gcc_arm_none_eabi_9_2_1/bin/../lib/gcc/arm-none-eabi/9.2.1/thumb/v6-m/nofp\libgcc.a(_dvmd_tls.o)
                0x000004fc                __aeabi_idiv0
                0x000004fc                __aeabi_ldiv0
 .text          0x00000500       0x7c c:/ti/gcc_arm_none_eabi_9_2_1/bin/../lib/gcc/arm-none-eabi/9.2.1/thumb/v6-m/nofp\libgcc.a(_arm_cmpdf2.o)
                0x00000500                __aeabi_cdrcmple
                0x00000510                __aeabi_cdcmple
                0x00000510                __aeabi_cdcmpeq
                0x00000520                __aeabi_dcmpeq
                0x0000052c                __aeabi_dcmplt
                0x00000540                __aeabi_dcmple
                0x00000554                __aeabi_dcmpgt
                0x00000568                __aeabi_dcmpge
 .text          0x0000057c       0x40 c:/ti/gcc_arm_none_eabi_9_2_1/bin/../lib/gcc/arm-none-eabi/9.2.1/thumb/v6-m/nofp\libgcc.a(_aeabi_uldivmod.o)
                0x0000057c                __aeabi_uldivmod
 .text          0x000005bc      0x198 c:/ti/gcc_arm_none_eabi_9_2_1/bin/../lib/gcc/arm-none-eabi/9.2.1/thumb/v6-m/nofp\libgcc.a(_udivmoddi4.o)
                0x000005bc                __udivmoddi4
 .text          0x00000754      0x6d4 c:/ti/gcc_arm_none_eabi_9_2_1/bin/../lib/gcc/arm-none-eabi/9.2.1/thumb/v6-m/nofp\libgcc.a(adddf3.o)
                0x00000754                __aeabi_dadd
 .text          0x00000e28      0x5d0 c:/ti/gcc_arm_none_eabi_9_2_1/bin/../lib/gcc/arm-none-eabi/9.2.1/thumb/v6-m/nofp\libgcc.a(divdf3.o)
                0x00000e28                __aeabi_ddiv
 .text          0x000013f8       0x78 c:/ti/gcc_arm_none_eabi_9_2_1/bin/../lib/gcc/arm-none-eabi/9.2.1/thumb/v6-m/nofp\libgcc.a(eqdf2.o)
                0x000013f8                __nedf2
                0x000013f8                __eqdf2
 .text          0x00001470       0xe4 c:/ti/gcc_arm_none_eabi_9_2_1/bin/../lib/gcc/arm-none-eabi/9.2.1/thumb/v6-m/nofp\libgcc.a(gedf2.o)
                0x00001470                __gedf2
                0x00001470                __gtdf2
 .text          0x00001554       0xe0 c:/ti/gcc_arm_none_eabi_9_2_1/bin/../lib/gcc/arm-none-eabi/9.2.1/thumb/v6-m/nofp\libgcc.a(ledf2.o)
                0x00001554                __ledf2
                0x00001554                __ltdf2
 .text          0x00001634      0x4d8 c:/ti/gcc_arm_none_eabi_9_2_1/bin/../lib/gcc/arm-none-eabi/9.2.1/thumb/v6-m/nofp\libgcc.a(muldf3.o)
                0x00001634                __aeabi_dmul
 .text          0x00001b0c      0x724 c:/ti/gcc_arm_none_eabi_9_2_1/bin/../lib/gcc/arm-none-eabi/9.2.1/thumb/v6-m/nofp\libgcc.a(subdf3.o)
                0x00001b0c                __aeabi_dsub
 .text          0x00002230       0x3c c:/ti/gcc_arm_none_eabi_9_2_1/bin/../lib/gcc/arm-none-eabi/9.2.1/thumb/v6-m/nofp\libgcc.a(unorddf2.o)
                0x00002230                __aeabi_dcmpun
 .text          0x0000226c       0x6c c:/ti/gcc_arm_none_eabi_9_2_1/bin/../lib/gcc/arm-none-eabi/9.2.1/thumb/v6-m/nofp\libgcc.a(fixdfsi.o)
                0x0000226c                __aeabi_d2iz
 .text          0x000022d8       0x60 c:/ti/gcc_arm_none_eabi_9_2_1/bin/../lib/gcc/arm-none-eabi/9.2.1/thumb/v6-m/nofp\libgcc.a(floatsidf.o)
                0x000022d8                __aeabi_i2d
 .text          0x00002338       0x4c c:/ti/gcc_arm_none_eabi_9_2_1/bin/../lib/gcc/arm-none-eabi/9.2.1/thumb/v6-m/nofp\libgcc.a(floatunsidf.o)
                0x00002338                __aeabi_ui2d
 .text          0x00002384       0x18 c:/ti/gcc_arm_none_eabi_9_2_1/bin/../lib/gcc/arm-none-eabi/9.2.1/thumb/v6-m/nofp\libgcc.a(_clzdi2.o)
                0x00002384                __clzdi2
                0x000023a0                . = ALIGN (0x8)
 *fill*         0x0000239c        0x4 
 *(.text.*)
 .text.I2C_writeByte
                0x000023a0       0x6c ./LCD_internal_Temp.o
                0x000023a0                I2C_writeByte
 .text.LCD_sendByte
                0x0000240c       0x60 ./LCD_internal_Temp.o
                0x0000240c                LCD_sendByte
 .text.LCD_sendData
                0x0000246c       0x1c ./LCD_internal_Temp.o
                0x0000246c                LCD_sendData
 .text.LCD_sendCommand
                0x00002488       0x58 ./LCD_internal_Temp.o
                0x00002488                LCD_sendCommand
 .text.LCD_init
                0x000024e0       0x68 ./LCD_internal_Temp.o
                0x000024e0                LCD_init
 .text.temperature
                0x00002548      0x19c ./LCD_internal_Temp.o
                0x00002548                temperature
 .text.startup.main
                0x000026e4       0x24 ./LCD_internal_Temp.o
                0x000026e4                main
 .text.ADC0_IRQHandler
                0x00002708       0x20 ./LCD_internal_Temp.o
                0x00002708                ADC0_IRQHandler
 .text.SYSCFG_DL_initPower
                0x00002728       0x54 ./ti_msp_dl_config.o
                0x00002728                SYSCFG_DL_initPower
 .text.SYSCFG_DL_GPIO_init
                0x0000277c       0x40 ./ti_msp_dl_config.o
                0x0000277c                SYSCFG_DL_GPIO_init
 .text.SYSCFG_DL_SYSCTL_init
                0x000027bc       0x50 ./ti_msp_dl_config.o
                0x000027bc                SYSCFG_DL_SYSCTL_init
 .text.SYSCFG_DL_I2C_init
                0x0000280c       0x78 ./ti_msp_dl_config.o
                0x0000280c                SYSCFG_DL_I2C_init
 .text.SYSCFG_DL_ADC12_0_init
                0x00002884       0x28 ./ti_msp_dl_config.o
                0x00002884                SYSCFG_DL_ADC12_0_init
 .text.SYSCFG_DL_init
                0x000028ac       0x18 ./ti_msp_dl_config.o
                0x000028ac                SYSCFG_DL_init
 .text.Default_Handler
                0x000028c4        0x4 ./startup_mspm0g350x_gcc.o
                0x000028c4                TIMG6_IRQHandler
                0x000028c4                TIMG8_IRQHandler
                0x000028c4                I2C0_IRQHandler
                0x000028c4                HardFault_Handler
                0x000028c4                SysTick_Handler
                0x000028c4                PendSV_Handler
                0x000028c4                NMI_Handler
                0x000028c4                I2C1_IRQHandler
                0x000028c4                UART1_IRQHandler
                0x000028c4                TIMA1_IRQHandler
                0x000028c4                UART0_IRQHandler
                0x000028c4                SPI1_IRQHandler
                0x000028c4                TIMG0_IRQHandler
                0x000028c4                ADC1_IRQHandler
                0x000028c4                GROUP1_IRQHandler
                0x000028c4                RTC_IRQHandler
                0x000028c4                GROUP0_IRQHandler
                0x000028c4                UART2_IRQHandler
                0x000028c4                Default_Handler
                0x000028c4                SVC_Handler
                0x000028c4                TIMG12_IRQHandler
                0x000028c4                DAC0_IRQHandler
                0x000028c4                TIMG7_IRQHandler
                0x000028c4                SPI0_IRQHandler
                0x000028c4                AES_IRQHandler
                0x000028c4                DMA_IRQHandler
                0x000028c4                TIMA0_IRQHandler
                0x000028c4                UART3_IRQHandler
                0x000028c4                CANFD0_IRQHandler
 .text.Reset_Handler
                0x000028c8       0x8c ./startup_mspm0g350x_gcc.o
                0x000028c8                Reset_Handler
 .text.initStub
                0x00002954        0x4 ./startup_mspm0g350x_gcc.o
                0x00002954                initStub
                0x00002954                _init
 .text.DL_Common_updateReg
                0x00002958       0x32 C:/ti/mspm0_sdk_2_02_00_05/source\ti/driverlib/lib/gcc/m0p/mspm0g1x0x_g3x0x/driverlib.a(dl_adc12.o)
 *fill*         0x0000298a        0x2 
 .text.DL_ADC12_setClockConfig
                0x0000298c       0x5c C:/ti/mspm0_sdk_2_02_00_05/source\ti/driverlib/lib/gcc/m0p/mspm0g1x0x_g3x0x/driverlib.a(dl_adc12.o)
                0x0000298c                DL_ADC12_setClockConfig
 .text.DL_Common_delayCycles
                0x000029e8       0x1c C:/ti/mspm0_sdk_2_02_00_05/source\ti/driverlib/lib/gcc/m0p/mspm0g1x0x_g3x0x/driverlib.a(dl_common.o)
                0x000029e8                DL_Common_delayCycles
 .text.DL_Common_updateReg
                0x00002a04       0x32 C:/ti/mspm0_sdk_2_02_00_05/source\ti/driverlib/lib/gcc/m0p/mspm0g1x0x_g3x0x/driverlib.a(dl_i2c.o)
 *fill*         0x00002a36        0x2 
 .text.DL_I2C_isControllerTXFIFOFull
                0x00002a38       0x28 C:/ti/mspm0_sdk_2_02_00_05/source\ti/driverlib/lib/gcc/m0p/mspm0g1x0x_g3x0x/driverlib.a(dl_i2c.o)
 .text.DL_I2C_transmitControllerData
                0x00002a60       0x22 C:/ti/mspm0_sdk_2_02_00_05/source\ti/driverlib/lib/gcc/m0p/mspm0g1x0x_g3x0x/driverlib.a(dl_i2c.o)
 *fill*         0x00002a82        0x2 
 .text.DL_I2C_setClockConfig
                0x00002a84       0x3c C:/ti/mspm0_sdk_2_02_00_05/source\ti/driverlib/lib/gcc/m0p/mspm0g1x0x_g3x0x/driverlib.a(dl_i2c.o)
                0x00002a84                DL_I2C_setClockConfig
 .text.DL_I2C_fillControllerTXFIFO
                0x00002ac0       0x6e C:/ti/mspm0_sdk_2_02_00_05/source\ti/driverlib/lib/gcc/m0p/mspm0g1x0x_g3x0x/driverlib.a(dl_i2c.o)
                0x00002ac0                DL_I2C_fillControllerTXFIFO
 *fill*         0x00002b2e        0x2 
 .text.__libc_init_array
                0x00002b30       0x44 C:/ti/gcc_arm_none_eabi_9_2_1/arm-none-eabi/lib/thumb/v6-m/nofp\libc.a(lib_a-init.o)
                0x00002b30                __libc_init_array
 .text.sprintf  0x00002b74       0x40 C:/ti/gcc_arm_none_eabi_9_2_1/arm-none-eabi/lib/thumb/v6-m/nofp\libc.a(lib_a-sprintf.o)
                0x00002b74                sprintf
 .text._svfprintf_r
                0x00002bb4     0x1c08 C:/ti/gcc_arm_none_eabi_9_2_1/arm-none-eabi/lib/thumb/v6-m/nofp\libc.a(lib_a-svfprintf.o)
                0x00002bb4                _svfprintf_r
 .text.quorem   0x000047bc      0x148 C:/ti/gcc_arm_none_eabi_9_2_1/arm-none-eabi/lib/thumb/v6-m/nofp\libc.a(lib_a-dtoa.o)
 .text._dtoa_r  0x00004904      0xfa0 C:/ti/gcc_arm_none_eabi_9_2_1/arm-none-eabi/lib/thumb/v6-m/nofp\libc.a(lib_a-dtoa.o)
                0x00004904                _dtoa_r
 .text._malloc_trim_r
                0x000058a4       0x9c C:/ti/gcc_arm_none_eabi_9_2_1/arm-none-eabi/lib/thumb/v6-m/nofp\libc.a(lib_a-freer.o)
                0x000058a4                _malloc_trim_r
 .text._free_r  0x00005940      0x1c4 C:/ti/gcc_arm_none_eabi_9_2_1/arm-none-eabi/lib/thumb/v6-m/nofp\libc.a(lib_a-freer.o)
                0x00005940                _free_r
 .text._localeconv_r
                0x00005b04        0x8 C:/ti/gcc_arm_none_eabi_9_2_1/arm-none-eabi/lib/thumb/v6-m/nofp\libc.a(lib_a-localeconv.o)
                0x00005b04                _localeconv_r
 .text._malloc_r
                0x00005b0c      0x580 C:/ti/gcc_arm_none_eabi_9_2_1/arm-none-eabi/lib/thumb/v6-m/nofp\libc.a(lib_a-mallocr.o)
                0x00005b0c                _malloc_r
 .text.memchr   0x0000608c       0x74 C:/ti/gcc_arm_none_eabi_9_2_1/arm-none-eabi/lib/thumb/v6-m/nofp\libc.a(lib_a-memchr-stub.o)
                0x0000608c                memchr
 .text.memcpy   0x00006100       0xa4 C:/ti/gcc_arm_none_eabi_9_2_1/arm-none-eabi/lib/thumb/v6-m/nofp\libc.a(lib_a-memcpy-stub.o)
                0x00006100                memcpy
 .text.__malloc_lock
                0x000061a4       0x10 C:/ti/gcc_arm_none_eabi_9_2_1/arm-none-eabi/lib/thumb/v6-m/nofp\libc.a(lib_a-mlock.o)
                0x000061a4                __malloc_lock
 .text.__malloc_unlock
                0x000061b4       0x10 C:/ti/gcc_arm_none_eabi_9_2_1/arm-none-eabi/lib/thumb/v6-m/nofp\libc.a(lib_a-mlock.o)
                0x000061b4                __malloc_unlock
 .text._Balloc  0x000061c4       0x50 C:/ti/gcc_arm_none_eabi_9_2_1/arm-none-eabi/lib/thumb/v6-m/nofp\libc.a(lib_a-mprec.o)
                0x000061c4                _Balloc
 .text._Bfree   0x00006214       0x14 C:/ti/gcc_arm_none_eabi_9_2_1/arm-none-eabi/lib/thumb/v6-m/nofp\libc.a(lib_a-mprec.o)
                0x00006214                _Bfree
 .text.__multadd
                0x00006228       0x84 C:/ti/gcc_arm_none_eabi_9_2_1/arm-none-eabi/lib/thumb/v6-m/nofp\libc.a(lib_a-mprec.o)
                0x00006228                __multadd
 .text.__hi0bits
                0x000062ac       0x38 C:/ti/gcc_arm_none_eabi_9_2_1/arm-none-eabi/lib/thumb/v6-m/nofp\libc.a(lib_a-mprec.o)
                0x000062ac                __hi0bits
 .text.__lo0bits
                0x000062e4       0x5c C:/ti/gcc_arm_none_eabi_9_2_1/arm-none-eabi/lib/thumb/v6-m/nofp\libc.a(lib_a-mprec.o)
                0x000062e4                __lo0bits
 .text.__i2b    0x00006340       0x14 C:/ti/gcc_arm_none_eabi_9_2_1/arm-none-eabi/lib/thumb/v6-m/nofp\libc.a(lib_a-mprec.o)
                0x00006340                __i2b
 .text.__multiply
                0x00006354      0x18c C:/ti/gcc_arm_none_eabi_9_2_1/arm-none-eabi/lib/thumb/v6-m/nofp\libc.a(lib_a-mprec.o)
                0x00006354                __multiply
 .text.__pow5mult
                0x000064e0       0xc0 C:/ti/gcc_arm_none_eabi_9_2_1/arm-none-eabi/lib/thumb/v6-m/nofp\libc.a(lib_a-mprec.o)
                0x000064e0                __pow5mult
 .text.__lshift
                0x000065a0       0xec C:/ti/gcc_arm_none_eabi_9_2_1/arm-none-eabi/lib/thumb/v6-m/nofp\libc.a(lib_a-mprec.o)
                0x000065a0                __lshift
 .text.__mcmp   0x0000668c       0x38 C:/ti/gcc_arm_none_eabi_9_2_1/arm-none-eabi/lib/thumb/v6-m/nofp\libc.a(lib_a-mprec.o)
                0x0000668c                __mcmp
 .text.__mdiff  0x000066c4      0x154 C:/ti/gcc_arm_none_eabi_9_2_1/arm-none-eabi/lib/thumb/v6-m/nofp\libc.a(lib_a-mprec.o)
                0x000066c4                __mdiff
 .text.__d2b    0x00006818       0xbc C:/ti/gcc_arm_none_eabi_9_2_1/arm-none-eabi/lib/thumb/v6-m/nofp\libc.a(lib_a-mprec.o)
                0x00006818                __d2b
 .text.frexp    0x000068d4       0x64 C:/ti/gcc_arm_none_eabi_9_2_1/arm-none-eabi/lib/thumb/v6-m/nofp\libc.a(lib_a-s_frexp.o)
                0x000068d4                frexp
 .text._sbrk_r  0x00006938       0x24 C:/ti/gcc_arm_none_eabi_9_2_1/arm-none-eabi/lib/thumb/v6-m/nofp\libc.a(lib_a-sbrkr.o)
                0x00006938                _sbrk_r
 .text.strlen   0x0000695c       0x5c C:/ti/gcc_arm_none_eabi_9_2_1/arm-none-eabi/lib/thumb/v6-m/nofp\libc.a(lib_a-strlen-stub.o)
                0x0000695c                strlen
 .text.strncpy  0x000069b8       0x6c C:/ti/gcc_arm_none_eabi_9_2_1/arm-none-eabi/lib/thumb/v6-m/nofp\libc.a(lib_a-strncpy.o)
                0x000069b8                strncpy
 .text.__ssprint_r
                0x00006a24      0x114 C:/ti/gcc_arm_none_eabi_9_2_1/arm-none-eabi/lib/thumb/v6-m/nofp\libc.a(lib_a-svfiprintf.o)
                0x00006a24                __ssprint_r
 .text._calloc_r
                0x00006b38       0x5c C:/ti/gcc_arm_none_eabi_9_2_1/arm-none-eabi/lib/thumb/v6-m/nofp\libc.a(lib_a-callocr.o)
                0x00006b38                _calloc_r
 .text.__retarget_lock_acquire_recursive
                0x00006b94        0x4 C:/ti/gcc_arm_none_eabi_9_2_1/arm-none-eabi/lib/thumb/v6-m/nofp\libc.a(lib_a-lock.o)
                0x00006b94                __retarget_lock_acquire_recursive
 .text.__retarget_lock_release_recursive
                0x00006b98        0x4 C:/ti/gcc_arm_none_eabi_9_2_1/arm-none-eabi/lib/thumb/v6-m/nofp\libc.a(lib_a-lock.o)
                0x00006b98                __retarget_lock_release_recursive
 .text.__ascii_mbtowc
                0x00006b9c       0x2c C:/ti/gcc_arm_none_eabi_9_2_1/arm-none-eabi/lib/thumb/v6-m/nofp\libc.a(lib_a-mbtowc_r.o)
                0x00006b9c                __ascii_mbtowc
 .text.memmove  0x00006bc8       0xb8 C:/ti/gcc_arm_none_eabi_9_2_1/arm-none-eabi/lib/thumb/v6-m/nofp\libc.a(lib_a-memmove.o)
                0x00006bc8                memmove
 .text.memset   0x00006c80       0xa8 C:/ti/gcc_arm_none_eabi_9_2_1/arm-none-eabi/lib/thumb/v6-m/nofp\libc.a(lib_a-memset.o)
                0x00006c80                memset
 .text._realloc_r
                0x00006d28      0x358 C:/ti/gcc_arm_none_eabi_9_2_1/arm-none-eabi/lib/thumb/v6-m/nofp\libc.a(lib_a-reallocr.o)
                0x00006d28                _realloc_r
 .text.__ascii_wctomb
                0x00007080       0x1c C:/ti/gcc_arm_none_eabi_9_2_1/arm-none-eabi/lib/thumb/v6-m/nofp\libc.a(lib_a-wctomb_r.o)
                0x00007080                __ascii_wctomb
 .text._sbrk    0x0000709c       0x1c C:/ti/gcc_arm_none_eabi_9_2_1/arm-none-eabi/lib/thumb/v6-m/nofp\libnosys.a(sbrk.o)
                0x0000709c                _sbrk
                0x000070b8                . = ALIGN (0x8)
 *(.ctors)
                0x000070b8                . = ALIGN (0x8)
 *(.dtors)
                0x000070b8                . = ALIGN (0x8)
 *(.init)
                0x000070b8                . = ALIGN (0x8)
 *(.fini*)
                0x000070b8                . = ALIGN (0x8)

.glue_7         0x000070b8        0x0
 .glue_7        0x000070b8        0x0 linker stubs

.glue_7t        0x000070b8        0x0
 .glue_7t       0x000070b8        0x0 linker stubs

.vfp11_veneer   0x000070b8        0x0
 .vfp11_veneer  0x000070b8        0x0 linker stubs

.v4_bx          0x000070b8        0x0
 .v4_bx         0x000070b8        0x0 linker stubs

.iplt           0x000070b8        0x0
 .iplt          0x000070b8        0x0 ./LCD_internal_Temp.o

.ramfunc        0x20200000        0x0 load address 0x000070b8
                0x000070b8                __ramfunct_load__ = LOADADDR (.ramfunc)
                0x20200000                __ramfunct_start__ = .
 *(.ramfunc)
                0x20200000                . = ALIGN (0x8)
                0x20200000                __ramfunct_end__ = .

.rodata         0x000070b8      0x4a0
 *(.rodata)
 .rodata        0x000070b8       0x40 c:/ti/gcc_arm_none_eabi_9_2_1/bin/../lib/gcc/arm-none-eabi/9.2.1/thumb/v6-m/nofp\libgcc.a(divdf3.o)
 .rodata        0x000070f8       0x40 c:/ti/gcc_arm_none_eabi_9_2_1/bin/../lib/gcc/arm-none-eabi/9.2.1/thumb/v6-m/nofp\libgcc.a(muldf3.o)
                0x00007138                . = ALIGN (0x8)
 *(.rodata.*)
 .rodata.temperature.str1.4
                0x00007138       0x1d ./LCD_internal_Temp.o
 *fill*         0x00007155        0x3 
 .rodata.gADC12_0ClockConfig
                0x00007158        0x8 ./ti_msp_dl_config.o
 .rodata.gI2CClockConfig
                0x00007160        0x2 ./ti_msp_dl_config.o
 *fill*         0x00007162        0x2 
 .rodata._svfprintf_r.str1.4
                0x00007164       0x42 C:/ti/gcc_arm_none_eabi_9_2_1/arm-none-eabi/lib/thumb/v6-m/nofp\libc.a(lib_a-svfprintf.o)
 *fill*         0x000071a6        0x2 
 .rodata._svfprintf_r
                0x000071a8      0x16c C:/ti/gcc_arm_none_eabi_9_2_1/arm-none-eabi/lib/thumb/v6-m/nofp\libc.a(lib_a-svfprintf.o)
 .rodata.blanks.7345
                0x00007314       0x10 C:/ti/gcc_arm_none_eabi_9_2_1/arm-none-eabi/lib/thumb/v6-m/nofp\libc.a(lib_a-svfprintf.o)
 .rodata.zeroes.7346
                0x00007324       0x10 C:/ti/gcc_arm_none_eabi_9_2_1/arm-none-eabi/lib/thumb/v6-m/nofp\libc.a(lib_a-svfprintf.o)
 .rodata._dtoa_r.str1.4
                0x00007334        0xd C:/ti/gcc_arm_none_eabi_9_2_1/arm-none-eabi/lib/thumb/v6-m/nofp\libc.a(lib_a-dtoa.o)
                                 0x12 (size before relaxing)
 *fill*         0x00007341        0x7 
 .rodata.__mprec_bigtens
                0x00007348       0x28 C:/ti/gcc_arm_none_eabi_9_2_1/arm-none-eabi/lib/thumb/v6-m/nofp\libc.a(lib_a-mprec.o)
                0x00007348                __mprec_bigtens
 .rodata.__mprec_tens
                0x00007370       0xc8 C:/ti/gcc_arm_none_eabi_9_2_1/arm-none-eabi/lib/thumb/v6-m/nofp\libc.a(lib_a-mprec.o)
                0x00007370                __mprec_tens
 .rodata.p05.6115
                0x00007438        0xc C:/ti/gcc_arm_none_eabi_9_2_1/arm-none-eabi/lib/thumb/v6-m/nofp\libc.a(lib_a-mprec.o)
 .rodata._setlocale_r.str1.4
                0x00007444        0xa C:/ti/gcc_arm_none_eabi_9_2_1/arm-none-eabi/lib/thumb/v6-m/nofp\libc.a(lib_a-locale.o)
                                  0xd (size before relaxing)
 *fill*         0x0000744e        0x2 
 .rodata.str1.4
                0x00007450        0x2 C:/ti/gcc_arm_none_eabi_9_2_1/arm-none-eabi/lib/thumb/v6-m/nofp\libc.a(lib_a-locale.o)
 *fill*         0x00007452        0x2 
 .rodata._ctype_
                0x00007454      0x101 C:/ti/gcc_arm_none_eabi_9_2_1/arm-none-eabi/lib/thumb/v6-m/nofp\libc.a(lib_a-ctype_.o)
                0x00007454                _ctype_
                0x00007558                . = ALIGN (0x8)
 *fill*         0x00007555        0x3 

.preinit_array  0x00007558        0x0
                0x00007558                PROVIDE (__preinit_array_start = .)
 *(.preinit_array*)
                0x00007558                PROVIDE (__preinit_array_end = .)

.init_array     0x00007558        0x0
                0x00007558                . = ALIGN (0x8)
                0x00007558                PROVIDE (__init_array_start = .)
 *(SORT_BY_NAME(.init_array.*))
 *(.init_array*)
                0x00007558                PROVIDE (__init_array_end = .)

.fini_array     0x00007558        0x0
                0x00007558                . = ALIGN (0x8)
                [!provide]                PROVIDE (__fini_array_start = .)
 *(SORT_BY_NAME(.fini_array.*))
 *(.fini_array*)
                [!provide]                PROVIDE (__fini_array_end = .)
                0x00007558                . = ALIGN (0x8)

.ARM.exidx      0x00007558        0x8
                0x00007558                __exidx_start = .
 *(.ARM.exidx* .gnu.linkonce.armexidx.*)
 .ARM.exidx     0x00007558        0x8 c:/ti/gcc_arm_none_eabi_9_2_1/bin/../lib/gcc/arm-none-eabi/9.2.1/thumb/v6-m/nofp\libgcc.a(_udivmoddi4.o)
                0x00007560                __exidx_end = .

.ARM.extab      0x00007560        0x0
                0x00007560                . = ALIGN (0x8)
 *(.ARM.extab* .gnu.linkonce.armextab.*)
 .ARM.extab     0x00007560        0x0 c:/ti/gcc_arm_none_eabi_9_2_1/bin/../lib/gcc/arm-none-eabi/9.2.1/thumb/v6-m/nofp\libgcc.a(_udivmoddi4.o)
                0x00007560                . = ALIGN (0x8)
                0x00007560                __etext = .

.rel.dyn        0x00007560        0x0
 .rel.iplt      0x00007560        0x0 ./LCD_internal_Temp.o

.data           0x20200000      0x9b0 load address 0x00007560
                0x00007560                __data_load__ = LOADADDR (.data)
                0x20200000                __data_start__ = .
 *(.data)
 .data          0x20200000        0x0 ./LCD_internal_Temp.o
 .data          0x20200000        0x0 ./ti_msp_dl_config.o
 .data          0x20200000        0x0 ./startup_mspm0g350x_gcc.o
 .data          0x20200000        0x0 C:/ti/mspm0_sdk_2_02_00_05/source\ti/driverlib/lib/gcc/m0p/mspm0g1x0x_g3x0x/driverlib.a(dl_adc12.o)
 .data          0x20200000        0x0 C:/ti/mspm0_sdk_2_02_00_05/source\ti/driverlib/lib/gcc/m0p/mspm0g1x0x_g3x0x/driverlib.a(dl_common.o)
 .data          0x20200000        0x0 C:/ti/mspm0_sdk_2_02_00_05/source\ti/driverlib/lib/gcc/m0p/mspm0g1x0x_g3x0x/driverlib.a(dl_i2c.o)
 .data          0x20200000        0x0 c:/ti/gcc_arm_none_eabi_9_2_1/bin/../lib/gcc/arm-none-eabi/9.2.1/thumb/v6-m/nofp\libgcc.a(extendsfdf2.o)
 .data          0x20200000        0x0 c:/ti/gcc_arm_none_eabi_9_2_1/bin/../lib/gcc/arm-none-eabi/9.2.1/thumb/v6-m/nofp\libgcc.a(_clzsi2.o)
 .data          0x20200000        0x0 C:/ti/gcc_arm_none_eabi_9_2_1/arm-none-eabi/lib/thumb/v6-m/nofp\libc.a(lib_a-init.o)
 .data          0x20200000        0x0 C:/ti/gcc_arm_none_eabi_9_2_1/arm-none-eabi/lib/thumb/v6-m/nofp\libc.a(lib_a-sprintf.o)
 .data          0x20200000        0x0 C:/ti/gcc_arm_none_eabi_9_2_1/arm-none-eabi/lib/thumb/v6-m/nofp\libc.a(lib_a-svfprintf.o)
 .data          0x20200000        0x0 C:/ti/gcc_arm_none_eabi_9_2_1/arm-none-eabi/lib/thumb/v6-m/nofp\libc.a(lib_a-dtoa.o)
 .data          0x20200000        0x0 C:/ti/gcc_arm_none_eabi_9_2_1/arm-none-eabi/lib/thumb/v6-m/nofp\libc.a(lib_a-freer.o)
 .data          0x20200000        0x0 C:/ti/gcc_arm_none_eabi_9_2_1/arm-none-eabi/lib/thumb/v6-m/nofp\libc.a(lib_a-impure.o)
 .data          0x20200000        0x0 C:/ti/gcc_arm_none_eabi_9_2_1/arm-none-eabi/lib/thumb/v6-m/nofp\libc.a(lib_a-localeconv.o)
 .data          0x20200000        0x0 C:/ti/gcc_arm_none_eabi_9_2_1/arm-none-eabi/lib/thumb/v6-m/nofp\libc.a(lib_a-mallocr.o)
 .data          0x20200000        0x0 C:/ti/gcc_arm_none_eabi_9_2_1/arm-none-eabi/lib/thumb/v6-m/nofp\libc.a(lib_a-memchr-stub.o)
 .data          0x20200000        0x0 C:/ti/gcc_arm_none_eabi_9_2_1/arm-none-eabi/lib/thumb/v6-m/nofp\libc.a(lib_a-memcpy-stub.o)
 .data          0x20200000        0x0 C:/ti/gcc_arm_none_eabi_9_2_1/arm-none-eabi/lib/thumb/v6-m/nofp\libc.a(lib_a-mlock.o)
 .data          0x20200000        0x0 C:/ti/gcc_arm_none_eabi_9_2_1/arm-none-eabi/lib/thumb/v6-m/nofp\libc.a(lib_a-mprec.o)
 .data          0x20200000        0x0 C:/ti/gcc_arm_none_eabi_9_2_1/arm-none-eabi/lib/thumb/v6-m/nofp\libc.a(lib_a-s_frexp.o)
 .data          0x20200000        0x0 C:/ti/gcc_arm_none_eabi_9_2_1/arm-none-eabi/lib/thumb/v6-m/nofp\libc.a(lib_a-sbrkr.o)
 .data          0x20200000        0x0 C:/ti/gcc_arm_none_eabi_9_2_1/arm-none-eabi/lib/thumb/v6-m/nofp\libc.a(lib_a-strlen-stub.o)
 .data          0x20200000        0x0 C:/ti/gcc_arm_none_eabi_9_2_1/arm-none-eabi/lib/thumb/v6-m/nofp\libc.a(lib_a-strncpy.o)
 .data          0x20200000        0x0 C:/ti/gcc_arm_none_eabi_9_2_1/arm-none-eabi/lib/thumb/v6-m/nofp\libc.a(lib_a-svfiprintf.o)
 .data          0x20200000        0x0 C:/ti/gcc_arm_none_eabi_9_2_1/arm-none-eabi/lib/thumb/v6-m/nofp\libc.a(lib_a-callocr.o)
 .data          0x20200000        0x0 C:/ti/gcc_arm_none_eabi_9_2_1/arm-none-eabi/lib/thumb/v6-m/nofp\libc.a(lib_a-locale.o)
 .data          0x20200000        0x0 C:/ti/gcc_arm_none_eabi_9_2_1/arm-none-eabi/lib/thumb/v6-m/nofp\libc.a(lib_a-lock.o)
 .data          0x20200000        0x0 C:/ti/gcc_arm_none_eabi_9_2_1/arm-none-eabi/lib/thumb/v6-m/nofp\libc.a(lib_a-mbtowc_r.o)
 .data          0x20200000        0x0 C:/ti/gcc_arm_none_eabi_9_2_1/arm-none-eabi/lib/thumb/v6-m/nofp\libc.a(lib_a-memmove.o)
 .data          0x20200000        0x0 C:/ti/gcc_arm_none_eabi_9_2_1/arm-none-eabi/lib/thumb/v6-m/nofp\libc.a(lib_a-memset.o)
 .data          0x20200000        0x0 C:/ti/gcc_arm_none_eabi_9_2_1/arm-none-eabi/lib/thumb/v6-m/nofp\libc.a(lib_a-reallocr.o)
 .data          0x20200000        0x0 C:/ti/gcc_arm_none_eabi_9_2_1/arm-none-eabi/lib/thumb/v6-m/nofp\libc.a(lib_a-reent.o)
 .data          0x20200000        0x0 C:/ti/gcc_arm_none_eabi_9_2_1/arm-none-eabi/lib/thumb/v6-m/nofp\libc.a(lib_a-strcmp.o)
 .data          0x20200000        0x0 C:/ti/gcc_arm_none_eabi_9_2_1/arm-none-eabi/lib/thumb/v6-m/nofp\libc.a(lib_a-wctomb_r.o)
 .data          0x20200000        0x0 C:/ti/gcc_arm_none_eabi_9_2_1/arm-none-eabi/lib/thumb/v6-m/nofp\libc.a(lib_a-ctype_.o)
 .data          0x20200000        0x0 C:/ti/gcc_arm_none_eabi_9_2_1/arm-none-eabi/lib/thumb/v6-m/nofp\libnosys.a(sbrk.o)
 .data          0x20200000        0x0 c:/ti/gcc_arm_none_eabi_9_2_1/bin/../lib/gcc/arm-none-eabi/9.2.1/thumb/v6-m/nofp\libgcc.a(_udivsi3.o)
 .data          0x20200000        0x0 c:/ti/gcc_arm_none_eabi_9_2_1/bin/../lib/gcc/arm-none-eabi/9.2.1/thumb/v6-m/nofp\libgcc.a(_divsi3.o)
 .data          0x20200000        0x0 c:/ti/gcc_arm_none_eabi_9_2_1/bin/../lib/gcc/arm-none-eabi/9.2.1/thumb/v6-m/nofp\libgcc.a(_dvmd_tls.o)
 .data          0x20200000        0x0 c:/ti/gcc_arm_none_eabi_9_2_1/bin/../lib/gcc/arm-none-eabi/9.2.1/thumb/v6-m/nofp\libgcc.a(_arm_cmpdf2.o)
 .data          0x20200000        0x0 c:/ti/gcc_arm_none_eabi_9_2_1/bin/../lib/gcc/arm-none-eabi/9.2.1/thumb/v6-m/nofp\libgcc.a(_aeabi_uldivmod.o)
 .data          0x20200000        0x0 c:/ti/gcc_arm_none_eabi_9_2_1/bin/../lib/gcc/arm-none-eabi/9.2.1/thumb/v6-m/nofp\libgcc.a(_udivmoddi4.o)
 .data          0x20200000        0x0 c:/ti/gcc_arm_none_eabi_9_2_1/bin/../lib/gcc/arm-none-eabi/9.2.1/thumb/v6-m/nofp\libgcc.a(adddf3.o)
 .data          0x20200000        0x0 c:/ti/gcc_arm_none_eabi_9_2_1/bin/../lib/gcc/arm-none-eabi/9.2.1/thumb/v6-m/nofp\libgcc.a(divdf3.o)
 .data          0x20200000        0x0 c:/ti/gcc_arm_none_eabi_9_2_1/bin/../lib/gcc/arm-none-eabi/9.2.1/thumb/v6-m/nofp\libgcc.a(eqdf2.o)
 .data          0x20200000        0x0 c:/ti/gcc_arm_none_eabi_9_2_1/bin/../lib/gcc/arm-none-eabi/9.2.1/thumb/v6-m/nofp\libgcc.a(gedf2.o)
 .data          0x20200000        0x0 c:/ti/gcc_arm_none_eabi_9_2_1/bin/../lib/gcc/arm-none-eabi/9.2.1/thumb/v6-m/nofp\libgcc.a(ledf2.o)
 .data          0x20200000        0x0 c:/ti/gcc_arm_none_eabi_9_2_1/bin/../lib/gcc/arm-none-eabi/9.2.1/thumb/v6-m/nofp\libgcc.a(muldf3.o)
 .data          0x20200000        0x0 c:/ti/gcc_arm_none_eabi_9_2_1/bin/../lib/gcc/arm-none-eabi/9.2.1/thumb/v6-m/nofp\libgcc.a(subdf3.o)
 .data          0x20200000        0x0 c:/ti/gcc_arm_none_eabi_9_2_1/bin/../lib/gcc/arm-none-eabi/9.2.1/thumb/v6-m/nofp\libgcc.a(unorddf2.o)
 .data          0x20200000        0x0 c:/ti/gcc_arm_none_eabi_9_2_1/bin/../lib/gcc/arm-none-eabi/9.2.1/thumb/v6-m/nofp\libgcc.a(fixdfsi.o)
 .data          0x20200000        0x0 c:/ti/gcc_arm_none_eabi_9_2_1/bin/../lib/gcc/arm-none-eabi/9.2.1/thumb/v6-m/nofp\libgcc.a(floatsidf.o)
 .data          0x20200000        0x0 c:/ti/gcc_arm_none_eabi_9_2_1/bin/../lib/gcc/arm-none-eabi/9.2.1/thumb/v6-m/nofp\libgcc.a(floatunsidf.o)
 .data          0x20200000        0x0 c:/ti/gcc_arm_none_eabi_9_2_1/bin/../lib/gcc/arm-none-eabi/9.2.1/thumb/v6-m/nofp\libgcc.a(_clzdi2.o)
 *(.data*)
 .data._impure_ptr
                0x20200000        0x4 C:/ti/gcc_arm_none_eabi_9_2_1/arm-none-eabi/lib/thumb/v6-m/nofp\libc.a(lib_a-impure.o)
                0x20200000                _impure_ptr
 *fill*         0x20200004        0x4 
 .data.impure_data
                0x20200008      0x428 C:/ti/gcc_arm_none_eabi_9_2_1/arm-none-eabi/lib/thumb/v6-m/nofp\libc.a(lib_a-impure.o)
 .data.__malloc_av_
                0x20200430      0x408 C:/ti/gcc_arm_none_eabi_9_2_1/arm-none-eabi/lib/thumb/v6-m/nofp\libc.a(lib_a-mallocr.o)
                0x20200430                __malloc_av_
 .data.__malloc_sbrk_base
                0x20200838        0x4 C:/ti/gcc_arm_none_eabi_9_2_1/arm-none-eabi/lib/thumb/v6-m/nofp\libc.a(lib_a-mallocr.o)
                0x20200838                __malloc_sbrk_base
 .data.__malloc_trim_threshold
                0x2020083c        0x4 C:/ti/gcc_arm_none_eabi_9_2_1/arm-none-eabi/lib/thumb/v6-m/nofp\libc.a(lib_a-mallocr.o)
                0x2020083c                __malloc_trim_threshold
 .data.__global_locale
                0x20200840      0x16c C:/ti/gcc_arm_none_eabi_9_2_1/arm-none-eabi/lib/thumb/v6-m/nofp\libc.a(lib_a-locale.o)
                0x20200840                __global_locale
                0x202009b0                . = ALIGN (0x8)
 *fill*         0x202009ac        0x4 
                0x202009b0                __data_end__ = .

.igot.plt       0x202009b0        0x0 load address 0x00007f10
 .igot.plt      0x202009b0        0x0 ./LCD_internal_Temp.o

.bss            0x202009b0       0x70
                0x202009b0                __bss_start__ = .
 *(.shbss)
 *(.bss)
 .bss           0x202009b0        0x0 ./LCD_internal_Temp.o
 .bss           0x202009b0        0x0 ./ti_msp_dl_config.o
 .bss           0x202009b0        0x0 ./startup_mspm0g350x_gcc.o
 .bss           0x202009b0        0x0 C:/ti/mspm0_sdk_2_02_00_05/source\ti/driverlib/lib/gcc/m0p/mspm0g1x0x_g3x0x/driverlib.a(dl_adc12.o)
 .bss           0x202009b0        0x0 C:/ti/mspm0_sdk_2_02_00_05/source\ti/driverlib/lib/gcc/m0p/mspm0g1x0x_g3x0x/driverlib.a(dl_common.o)
 .bss           0x202009b0        0x0 C:/ti/mspm0_sdk_2_02_00_05/source\ti/driverlib/lib/gcc/m0p/mspm0g1x0x_g3x0x/driverlib.a(dl_i2c.o)
 .bss           0x202009b0        0x0 c:/ti/gcc_arm_none_eabi_9_2_1/bin/../lib/gcc/arm-none-eabi/9.2.1/thumb/v6-m/nofp\libgcc.a(extendsfdf2.o)
 .bss           0x202009b0        0x0 c:/ti/gcc_arm_none_eabi_9_2_1/bin/../lib/gcc/arm-none-eabi/9.2.1/thumb/v6-m/nofp\libgcc.a(_clzsi2.o)
 .bss           0x202009b0        0x0 C:/ti/gcc_arm_none_eabi_9_2_1/arm-none-eabi/lib/thumb/v6-m/nofp\libc.a(lib_a-init.o)
 .bss           0x202009b0        0x0 C:/ti/gcc_arm_none_eabi_9_2_1/arm-none-eabi/lib/thumb/v6-m/nofp\libc.a(lib_a-sprintf.o)
 .bss           0x202009b0        0x0 C:/ti/gcc_arm_none_eabi_9_2_1/arm-none-eabi/lib/thumb/v6-m/nofp\libc.a(lib_a-svfprintf.o)
 .bss           0x202009b0        0x0 C:/ti/gcc_arm_none_eabi_9_2_1/arm-none-eabi/lib/thumb/v6-m/nofp\libc.a(lib_a-dtoa.o)
 .bss           0x202009b0        0x0 C:/ti/gcc_arm_none_eabi_9_2_1/arm-none-eabi/lib/thumb/v6-m/nofp\libc.a(lib_a-freer.o)
 .bss           0x202009b0        0x0 C:/ti/gcc_arm_none_eabi_9_2_1/arm-none-eabi/lib/thumb/v6-m/nofp\libc.a(lib_a-impure.o)
 .bss           0x202009b0        0x0 C:/ti/gcc_arm_none_eabi_9_2_1/arm-none-eabi/lib/thumb/v6-m/nofp\libc.a(lib_a-localeconv.o)
 .bss           0x202009b0        0x0 C:/ti/gcc_arm_none_eabi_9_2_1/arm-none-eabi/lib/thumb/v6-m/nofp\libc.a(lib_a-mallocr.o)
 .bss           0x202009b0        0x0 C:/ti/gcc_arm_none_eabi_9_2_1/arm-none-eabi/lib/thumb/v6-m/nofp\libc.a(lib_a-memchr-stub.o)
 .bss           0x202009b0        0x0 C:/ti/gcc_arm_none_eabi_9_2_1/arm-none-eabi/lib/thumb/v6-m/nofp\libc.a(lib_a-memcpy-stub.o)
 .bss           0x202009b0        0x0 C:/ti/gcc_arm_none_eabi_9_2_1/arm-none-eabi/lib/thumb/v6-m/nofp\libc.a(lib_a-mlock.o)
 .bss           0x202009b0        0x0 C:/ti/gcc_arm_none_eabi_9_2_1/arm-none-eabi/lib/thumb/v6-m/nofp\libc.a(lib_a-mprec.o)
 .bss           0x202009b0        0x0 C:/ti/gcc_arm_none_eabi_9_2_1/arm-none-eabi/lib/thumb/v6-m/nofp\libc.a(lib_a-s_frexp.o)
 .bss           0x202009b0        0x0 C:/ti/gcc_arm_none_eabi_9_2_1/arm-none-eabi/lib/thumb/v6-m/nofp\libc.a(lib_a-sbrkr.o)
 .bss           0x202009b0        0x0 C:/ti/gcc_arm_none_eabi_9_2_1/arm-none-eabi/lib/thumb/v6-m/nofp\libc.a(lib_a-strlen-stub.o)
 .bss           0x202009b0        0x0 C:/ti/gcc_arm_none_eabi_9_2_1/arm-none-eabi/lib/thumb/v6-m/nofp\libc.a(lib_a-strncpy.o)
 .bss           0x202009b0        0x0 C:/ti/gcc_arm_none_eabi_9_2_1/arm-none-eabi/lib/thumb/v6-m/nofp\libc.a(lib_a-svfiprintf.o)
 .bss           0x202009b0        0x0 C:/ti/gcc_arm_none_eabi_9_2_1/arm-none-eabi/lib/thumb/v6-m/nofp\libc.a(lib_a-callocr.o)
 .bss           0x202009b0        0x0 C:/ti/gcc_arm_none_eabi_9_2_1/arm-none-eabi/lib/thumb/v6-m/nofp\libc.a(lib_a-locale.o)
 .bss           0x202009b0        0x0 C:/ti/gcc_arm_none_eabi_9_2_1/arm-none-eabi/lib/thumb/v6-m/nofp\libc.a(lib_a-lock.o)
 .bss           0x202009b0        0x0 C:/ti/gcc_arm_none_eabi_9_2_1/arm-none-eabi/lib/thumb/v6-m/nofp\libc.a(lib_a-mbtowc_r.o)
 .bss           0x202009b0        0x0 C:/ti/gcc_arm_none_eabi_9_2_1/arm-none-eabi/lib/thumb/v6-m/nofp\libc.a(lib_a-memmove.o)
 .bss           0x202009b0        0x0 C:/ti/gcc_arm_none_eabi_9_2_1/arm-none-eabi/lib/thumb/v6-m/nofp\libc.a(lib_a-memset.o)
 .bss           0x202009b0        0x0 C:/ti/gcc_arm_none_eabi_9_2_1/arm-none-eabi/lib/thumb/v6-m/nofp\libc.a(lib_a-reallocr.o)
 .bss           0x202009b0        0x0 C:/ti/gcc_arm_none_eabi_9_2_1/arm-none-eabi/lib/thumb/v6-m/nofp\libc.a(lib_a-reent.o)
 .bss           0x202009b0        0x0 C:/ti/gcc_arm_none_eabi_9_2_1/arm-none-eabi/lib/thumb/v6-m/nofp\libc.a(lib_a-strcmp.o)
 .bss           0x202009b0        0x0 C:/ti/gcc_arm_none_eabi_9_2_1/arm-none-eabi/lib/thumb/v6-m/nofp\libc.a(lib_a-wctomb_r.o)
 .bss           0x202009b0        0x0 C:/ti/gcc_arm_none_eabi_9_2_1/arm-none-eabi/lib/thumb/v6-m/nofp\libc.a(lib_a-ctype_.o)
 .bss           0x202009b0        0x0 C:/ti/gcc_arm_none_eabi_9_2_1/arm-none-eabi/lib/thumb/v6-m/nofp\libnosys.a(sbrk.o)
 .bss           0x202009b0        0x0 c:/ti/gcc_arm_none_eabi_9_2_1/bin/../lib/gcc/arm-none-eabi/9.2.1/thumb/v6-m/nofp\libgcc.a(_udivsi3.o)
 .bss           0x202009b0        0x0 c:/ti/gcc_arm_none_eabi_9_2_1/bin/../lib/gcc/arm-none-eabi/9.2.1/thumb/v6-m/nofp\libgcc.a(_divsi3.o)
 .bss           0x202009b0        0x0 c:/ti/gcc_arm_none_eabi_9_2_1/bin/../lib/gcc/arm-none-eabi/9.2.1/thumb/v6-m/nofp\libgcc.a(_dvmd_tls.o)
 .bss           0x202009b0        0x0 c:/ti/gcc_arm_none_eabi_9_2_1/bin/../lib/gcc/arm-none-eabi/9.2.1/thumb/v6-m/nofp\libgcc.a(_arm_cmpdf2.o)
 .bss           0x202009b0        0x0 c:/ti/gcc_arm_none_eabi_9_2_1/bin/../lib/gcc/arm-none-eabi/9.2.1/thumb/v6-m/nofp\libgcc.a(_aeabi_uldivmod.o)
 .bss           0x202009b0        0x0 c:/ti/gcc_arm_none_eabi_9_2_1/bin/../lib/gcc/arm-none-eabi/9.2.1/thumb/v6-m/nofp\libgcc.a(_udivmoddi4.o)
 .bss           0x202009b0        0x0 c:/ti/gcc_arm_none_eabi_9_2_1/bin/../lib/gcc/arm-none-eabi/9.2.1/thumb/v6-m/nofp\libgcc.a(adddf3.o)
 .bss           0x202009b0        0x0 c:/ti/gcc_arm_none_eabi_9_2_1/bin/../lib/gcc/arm-none-eabi/9.2.1/thumb/v6-m/nofp\libgcc.a(divdf3.o)
 .bss           0x202009b0        0x0 c:/ti/gcc_arm_none_eabi_9_2_1/bin/../lib/gcc/arm-none-eabi/9.2.1/thumb/v6-m/nofp\libgcc.a(eqdf2.o)
 .bss           0x202009b0        0x0 c:/ti/gcc_arm_none_eabi_9_2_1/bin/../lib/gcc/arm-none-eabi/9.2.1/thumb/v6-m/nofp\libgcc.a(gedf2.o)
 .bss           0x202009b0        0x0 c:/ti/gcc_arm_none_eabi_9_2_1/bin/../lib/gcc/arm-none-eabi/9.2.1/thumb/v6-m/nofp\libgcc.a(ledf2.o)
 .bss           0x202009b0        0x0 c:/ti/gcc_arm_none_eabi_9_2_1/bin/../lib/gcc/arm-none-eabi/9.2.1/thumb/v6-m/nofp\libgcc.a(muldf3.o)
 .bss           0x202009b0        0x0 c:/ti/gcc_arm_none_eabi_9_2_1/bin/../lib/gcc/arm-none-eabi/9.2.1/thumb/v6-m/nofp\libgcc.a(subdf3.o)
 .bss           0x202009b0        0x0 c:/ti/gcc_arm_none_eabi_9_2_1/bin/../lib/gcc/arm-none-eabi/9.2.1/thumb/v6-m/nofp\libgcc.a(unorddf2.o)
 .bss           0x202009b0        0x0 c:/ti/gcc_arm_none_eabi_9_2_1/bin/../lib/gcc/arm-none-eabi/9.2.1/thumb/v6-m/nofp\libgcc.a(fixdfsi.o)
 .bss           0x202009b0        0x0 c:/ti/gcc_arm_none_eabi_9_2_1/bin/../lib/gcc/arm-none-eabi/9.2.1/thumb/v6-m/nofp\libgcc.a(floatsidf.o)
 .bss           0x202009b0        0x0 c:/ti/gcc_arm_none_eabi_9_2_1/bin/../lib/gcc/arm-none-eabi/9.2.1/thumb/v6-m/nofp\libgcc.a(floatunsidf.o)
 .bss           0x202009b0        0x0 c:/ti/gcc_arm_none_eabi_9_2_1/bin/../lib/gcc/arm-none-eabi/9.2.1/thumb/v6-m/nofp\libgcc.a(_clzdi2.o)
 *(.bss.*)
 .bss.__malloc_current_mallinfo
                0x202009b0       0x28 C:/ti/gcc_arm_none_eabi_9_2_1/arm-none-eabi/lib/thumb/v6-m/nofp\libc.a(lib_a-mallocr.o)
                0x202009b0                __malloc_current_mallinfo
 .bss.__malloc_max_sbrked_mem
                0x202009d8        0x4 C:/ti/gcc_arm_none_eabi_9_2_1/arm-none-eabi/lib/thumb/v6-m/nofp\libc.a(lib_a-mallocr.o)
                0x202009d8                __malloc_max_sbrked_mem
 .bss.__malloc_max_total_mem
                0x202009dc        0x4 C:/ti/gcc_arm_none_eabi_9_2_1/arm-none-eabi/lib/thumb/v6-m/nofp\libc.a(lib_a-mallocr.o)
                0x202009dc                __malloc_max_total_mem
 .bss.__malloc_top_pad
                0x202009e0        0x4 C:/ti/gcc_arm_none_eabi_9_2_1/arm-none-eabi/lib/thumb/v6-m/nofp\libc.a(lib_a-mallocr.o)
                0x202009e0                __malloc_top_pad
 .bss.heap_end.4144
                0x202009e4        0x4 C:/ti/gcc_arm_none_eabi_9_2_1/arm-none-eabi/lib/thumb/v6-m/nofp\libnosys.a(sbrk.o)
 *(COMMON)
 COMMON         0x202009e8        0xc ./LCD_internal_Temp.o
                0x202009e8                gCheckADC
                0x202009ec                gTemperatureDegF
                0x202009f0                gTemperatureDegC
 COMMON         0x202009f4       0x21 C:/ti/gcc_arm_none_eabi_9_2_1/arm-none-eabi/lib/thumb/v6-m/nofp\libc.a(lib_a-lock.o)
                0x202009f4                __lock___atexit_recursive_mutex
                0x202009f8                __lock___arc4random_mutex
                0x202009fc                __lock___env_recursive_mutex
                0x20200a00                __lock___sinit_recursive_mutex
                0x20200a04                __lock___malloc_recursive_mutex
                0x20200a08                __lock___at_quick_exit_mutex
                0x20200a0c                __lock___dd_hash_mutex
                0x20200a10                __lock___tz_mutex
                0x20200a14                __lock___sfp_recursive_mutex
 *fill*         0x20200a15        0x3 
 COMMON         0x20200a18        0x4 C:/ti/gcc_arm_none_eabi_9_2_1/arm-none-eabi/lib/thumb/v6-m/nofp\libc.a(lib_a-reent.o)
                0x20200a18                errno
                0x20200a20                . = ALIGN (0x8)
 *fill*         0x20200a1c        0x4 
                0x20200a20                __bss_end__ = .

.noinit         0x20200a20        0x0
 *(*.noinit*)
                0x20200a20                . = ALIGN (0x8)

.heap           0x20200a20        0x0
                0x20200a20                __heap_start__ = .
                0x20200a20                end = __heap_start__
                0x20200a20                _end = end
                0x20200a20                __end = end
 *(.heap)
                0x20200a20                __heap_end__ = .
                0x20200a20                __HeapLimit = __heap_end__

.stack          0x20200a20        0x0
                0x20200a20                _stack = .
 *(.stack)

.BCRConfig
 *(.BCRConfig)

.BSLConfig
 *(.BSLConfig)
                0x20208000                __StackTop = (ORIGIN (REGION_STACK) + LENGTH (REGION_STACK))
                [!provide]                PROVIDE (__stack = __StackTop)
LOAD C:/ti/mspm0_sdk_2_02_00_05/source\ti/driverlib/lib/gcc/m0p/mspm0g1x0x_g3x0x/driverlib.a
LOAD c:/ti/gcc_arm_none_eabi_9_2_1/bin/../lib/gcc/arm-none-eabi/9.2.1/thumb/v6-m/nofp\libgcc.a
LOAD C:/ti/gcc_arm_none_eabi_9_2_1/arm-none-eabi/lib/thumb/v6-m/nofp\libc.a
LOAD C:/ti/gcc_arm_none_eabi_9_2_1/arm-none-eabi/lib/thumb/v6-m/nofp\libm.a
LOAD C:/ti/gcc_arm_none_eabi_9_2_1/arm-none-eabi/lib/thumb/v6-m/nofp\libnosys.a
START GROUP
LOAD c:/ti/gcc_arm_none_eabi_9_2_1/bin/../lib/gcc/arm-none-eabi/9.2.1/thumb/v6-m/nofp\libgcc.a
LOAD C:/ti/gcc_arm_none_eabi_9_2_1/arm-none-eabi/lib/thumb/v6-m/nofp\libg.a
LOAD C:/ti/gcc_arm_none_eabi_9_2_1/arm-none-eabi/lib/thumb/v6-m/nofp\libc.a
END GROUP
OUTPUT(LCD_internal_Temp.out elf32-littlearm)

.debug_info     0x00000000     0xfd0e
 .debug_info    0x00000000     0x7bf9 ./LCD_internal_Temp.o
 .debug_info    0x00007bf9     0x7f59 ./ti_msp_dl_config.o
 .debug_info    0x0000fb52      0x1bc ./startup_mspm0g350x_gcc.o

.debug_abbrev   0x00000000      0x961
 .debug_abbrev  0x00000000      0x4c9 ./LCD_internal_Temp.o
 .debug_abbrev  0x000004c9      0x3b1 ./ti_msp_dl_config.o
 .debug_abbrev  0x0000087a       0xe7 ./startup_mspm0g350x_gcc.o

.debug_loc      0x00000000      0x1d4
 .debug_loc     0x00000000      0x1c1 ./LCD_internal_Temp.o
 .debug_loc     0x000001c1       0x13 ./startup_mspm0g350x_gcc.o

.debug_aranges  0x00000000       0xf0
 .debug_aranges
                0x00000000       0x78 ./LCD_internal_Temp.o
 .debug_aranges
                0x00000078       0x48 ./ti_msp_dl_config.o
 .debug_aranges
                0x000000c0       0x30 ./startup_mspm0g350x_gcc.o

.debug_ranges   0x00000000      0x340
 .debug_ranges  0x00000000      0x128 ./LCD_internal_Temp.o
 .debug_ranges  0x00000128      0x1f8 ./ti_msp_dl_config.o
 .debug_ranges  0x00000320       0x20 ./startup_mspm0g350x_gcc.o

.debug_line     0x00000000     0x15e1
 .debug_line    0x00000000      0xb6b ./LCD_internal_Temp.o
 .debug_line    0x00000b6b      0x8ab ./ti_msp_dl_config.o
 .debug_line    0x00001416      0x1cb ./startup_mspm0g350x_gcc.o

.debug_str      0x00000000     0x3eac
 .debug_str     0x00000000     0x2c51 ./LCD_internal_Temp.o
                               0x2e02 (size before relaxing)
 .debug_str     0x00002c51     0x111e ./ti_msp_dl_config.o
                               0x36dd (size before relaxing)
 .debug_str     0x00003d6f      0x13d ./startup_mspm0g350x_gcc.o
                                0x2da (size before relaxing)

.comment        0x00000000       0x79
 .comment       0x00000000       0x79 ./LCD_internal_Temp.o
                                 0x7a (size before relaxing)
 .comment       0x00000079       0x7a ./ti_msp_dl_config.o
 .comment       0x00000079       0x7a ./startup_mspm0g350x_gcc.o
 .comment       0x00000079       0x7a C:/ti/mspm0_sdk_2_02_00_05/source\ti/driverlib/lib/gcc/m0p/mspm0g1x0x_g3x0x/driverlib.a(dl_adc12.o)
 .comment       0x00000079       0x7a C:/ti/mspm0_sdk_2_02_00_05/source\ti/driverlib/lib/gcc/m0p/mspm0g1x0x_g3x0x/driverlib.a(dl_common.o)
 .comment       0x00000079       0x7a C:/ti/mspm0_sdk_2_02_00_05/source\ti/driverlib/lib/gcc/m0p/mspm0g1x0x_g3x0x/driverlib.a(dl_i2c.o)

.ARM.attributes
                0x00000000       0x2a
 .ARM.attributes
                0x00000000       0x2b ./LCD_internal_Temp.o
 .ARM.attributes
                0x0000002b       0x2b ./ti_msp_dl_config.o
 .ARM.attributes
                0x00000056       0x2b ./startup_mspm0g350x_gcc.o
 .ARM.attributes
                0x00000081       0x2b C:/ti/mspm0_sdk_2_02_00_05/source\ti/driverlib/lib/gcc/m0p/mspm0g1x0x_g3x0x/driverlib.a(dl_adc12.o)
 .ARM.attributes
                0x000000ac       0x2b C:/ti/mspm0_sdk_2_02_00_05/source\ti/driverlib/lib/gcc/m0p/mspm0g1x0x_g3x0x/driverlib.a(dl_common.o)
 .ARM.attributes
                0x000000d7       0x2b C:/ti/mspm0_sdk_2_02_00_05/source\ti/driverlib/lib/gcc/m0p/mspm0g1x0x_g3x0x/driverlib.a(dl_i2c.o)
 .ARM.attributes
                0x00000102       0x2c c:/ti/gcc_arm_none_eabi_9_2_1/bin/../lib/gcc/arm-none-eabi/9.2.1/thumb/v6-m/nofp\libgcc.a(extendsfdf2.o)
 .ARM.attributes
                0x0000012e       0x1e c:/ti/gcc_arm_none_eabi_9_2_1/bin/../lib/gcc/arm-none-eabi/9.2.1/thumb/v6-m/nofp\libgcc.a(_clzsi2.o)
 .ARM.attributes
                0x0000014c       0x2c C:/ti/gcc_arm_none_eabi_9_2_1/arm-none-eabi/lib/thumb/v6-m/nofp\libc.a(lib_a-init.o)
 .ARM.attributes
                0x00000178       0x2c C:/ti/gcc_arm_none_eabi_9_2_1/arm-none-eabi/lib/thumb/v6-m/nofp\libc.a(lib_a-sprintf.o)
 .ARM.attributes
                0x000001a4       0x2c C:/ti/gcc_arm_none_eabi_9_2_1/arm-none-eabi/lib/thumb/v6-m/nofp\libc.a(lib_a-svfprintf.o)
 .ARM.attributes
                0x000001d0       0x2c C:/ti/gcc_arm_none_eabi_9_2_1/arm-none-eabi/lib/thumb/v6-m/nofp\libc.a(lib_a-dtoa.o)
 .ARM.attributes
                0x000001fc       0x2c C:/ti/gcc_arm_none_eabi_9_2_1/arm-none-eabi/lib/thumb/v6-m/nofp\libc.a(lib_a-freer.o)
 .ARM.attributes
                0x00000228       0x2c C:/ti/gcc_arm_none_eabi_9_2_1/arm-none-eabi/lib/thumb/v6-m/nofp\libc.a(lib_a-impure.o)
 .ARM.attributes
                0x00000254       0x2c C:/ti/gcc_arm_none_eabi_9_2_1/arm-none-eabi/lib/thumb/v6-m/nofp\libc.a(lib_a-localeconv.o)
 .ARM.attributes
                0x00000280       0x2c C:/ti/gcc_arm_none_eabi_9_2_1/arm-none-eabi/lib/thumb/v6-m/nofp\libc.a(lib_a-mallocr.o)
 .ARM.attributes
                0x000002ac       0x2c C:/ti/gcc_arm_none_eabi_9_2_1/arm-none-eabi/lib/thumb/v6-m/nofp\libc.a(lib_a-memchr-stub.o)
 .ARM.attributes
                0x000002d8       0x2c C:/ti/gcc_arm_none_eabi_9_2_1/arm-none-eabi/lib/thumb/v6-m/nofp\libc.a(lib_a-memcpy-stub.o)
 .ARM.attributes
                0x00000304       0x2c C:/ti/gcc_arm_none_eabi_9_2_1/arm-none-eabi/lib/thumb/v6-m/nofp\libc.a(lib_a-mlock.o)
 .ARM.attributes
                0x00000330       0x2c C:/ti/gcc_arm_none_eabi_9_2_1/arm-none-eabi/lib/thumb/v6-m/nofp\libc.a(lib_a-mprec.o)
 .ARM.attributes
                0x0000035c       0x2c C:/ti/gcc_arm_none_eabi_9_2_1/arm-none-eabi/lib/thumb/v6-m/nofp\libc.a(lib_a-s_frexp.o)
 .ARM.attributes
                0x00000388       0x2c C:/ti/gcc_arm_none_eabi_9_2_1/arm-none-eabi/lib/thumb/v6-m/nofp\libc.a(lib_a-sbrkr.o)
 .ARM.attributes
                0x000003b4       0x2c C:/ti/gcc_arm_none_eabi_9_2_1/arm-none-eabi/lib/thumb/v6-m/nofp\libc.a(lib_a-strlen-stub.o)
 .ARM.attributes
                0x000003e0       0x2c C:/ti/gcc_arm_none_eabi_9_2_1/arm-none-eabi/lib/thumb/v6-m/nofp\libc.a(lib_a-strncpy.o)
 .ARM.attributes
                0x0000040c       0x2c C:/ti/gcc_arm_none_eabi_9_2_1/arm-none-eabi/lib/thumb/v6-m/nofp\libc.a(lib_a-svfiprintf.o)
 .ARM.attributes
                0x00000438       0x2c C:/ti/gcc_arm_none_eabi_9_2_1/arm-none-eabi/lib/thumb/v6-m/nofp\libc.a(lib_a-callocr.o)
 .ARM.attributes
                0x00000464       0x2c C:/ti/gcc_arm_none_eabi_9_2_1/arm-none-eabi/lib/thumb/v6-m/nofp\libc.a(lib_a-locale.o)
 .ARM.attributes
                0x00000490       0x2c C:/ti/gcc_arm_none_eabi_9_2_1/arm-none-eabi/lib/thumb/v6-m/nofp\libc.a(lib_a-lock.o)
 .ARM.attributes
                0x000004bc       0x2c C:/ti/gcc_arm_none_eabi_9_2_1/arm-none-eabi/lib/thumb/v6-m/nofp\libc.a(lib_a-mbtowc_r.o)
 .ARM.attributes
                0x000004e8       0x2c C:/ti/gcc_arm_none_eabi_9_2_1/arm-none-eabi/lib/thumb/v6-m/nofp\libc.a(lib_a-memmove.o)
 .ARM.attributes
                0x00000514       0x2c C:/ti/gcc_arm_none_eabi_9_2_1/arm-none-eabi/lib/thumb/v6-m/nofp\libc.a(lib_a-memset.o)
 .ARM.attributes
                0x00000540       0x2c C:/ti/gcc_arm_none_eabi_9_2_1/arm-none-eabi/lib/thumb/v6-m/nofp\libc.a(lib_a-reallocr.o)
 .ARM.attributes
                0x0000056c       0x2c C:/ti/gcc_arm_none_eabi_9_2_1/arm-none-eabi/lib/thumb/v6-m/nofp\libc.a(lib_a-reent.o)
 .ARM.attributes
                0x00000598       0x1b C:/ti/gcc_arm_none_eabi_9_2_1/arm-none-eabi/lib/thumb/v6-m/nofp\libc.a(lib_a-strcmp.o)
 .ARM.attributes
                0x000005b3       0x2c C:/ti/gcc_arm_none_eabi_9_2_1/arm-none-eabi/lib/thumb/v6-m/nofp\libc.a(lib_a-wctomb_r.o)
 .ARM.attributes
                0x000005df       0x2c C:/ti/gcc_arm_none_eabi_9_2_1/arm-none-eabi/lib/thumb/v6-m/nofp\libc.a(lib_a-ctype_.o)
 .ARM.attributes
                0x0000060b       0x2c C:/ti/gcc_arm_none_eabi_9_2_1/arm-none-eabi/lib/thumb/v6-m/nofp\libnosys.a(sbrk.o)
 .ARM.attributes
                0x00000637       0x1e c:/ti/gcc_arm_none_eabi_9_2_1/bin/../lib/gcc/arm-none-eabi/9.2.1/thumb/v6-m/nofp\libgcc.a(_udivsi3.o)
 .ARM.attributes
                0x00000655       0x1e c:/ti/gcc_arm_none_eabi_9_2_1/bin/../lib/gcc/arm-none-eabi/9.2.1/thumb/v6-m/nofp\libgcc.a(_divsi3.o)
 .ARM.attributes
                0x00000673       0x1e c:/ti/gcc_arm_none_eabi_9_2_1/bin/../lib/gcc/arm-none-eabi/9.2.1/thumb/v6-m/nofp\libgcc.a(_dvmd_tls.o)
 .ARM.attributes
                0x00000691       0x1e c:/ti/gcc_arm_none_eabi_9_2_1/bin/../lib/gcc/arm-none-eabi/9.2.1/thumb/v6-m/nofp\libgcc.a(_arm_cmpdf2.o)
 .ARM.attributes
                0x000006af       0x1e c:/ti/gcc_arm_none_eabi_9_2_1/bin/../lib/gcc/arm-none-eabi/9.2.1/thumb/v6-m/nofp\libgcc.a(_aeabi_uldivmod.o)
 .ARM.attributes
                0x000006cd       0x2c c:/ti/gcc_arm_none_eabi_9_2_1/bin/../lib/gcc/arm-none-eabi/9.2.1/thumb/v6-m/nofp\libgcc.a(_udivmoddi4.o)
 .ARM.attributes
                0x000006f9       0x2c c:/ti/gcc_arm_none_eabi_9_2_1/bin/../lib/gcc/arm-none-eabi/9.2.1/thumb/v6-m/nofp\libgcc.a(adddf3.o)
 .ARM.attributes
                0x00000725       0x2c c:/ti/gcc_arm_none_eabi_9_2_1/bin/../lib/gcc/arm-none-eabi/9.2.1/thumb/v6-m/nofp\libgcc.a(divdf3.o)
 .ARM.attributes
                0x00000751       0x2c c:/ti/gcc_arm_none_eabi_9_2_1/bin/../lib/gcc/arm-none-eabi/9.2.1/thumb/v6-m/nofp\libgcc.a(eqdf2.o)
 .ARM.attributes
                0x0000077d       0x2c c:/ti/gcc_arm_none_eabi_9_2_1/bin/../lib/gcc/arm-none-eabi/9.2.1/thumb/v6-m/nofp\libgcc.a(gedf2.o)
 .ARM.attributes
                0x000007a9       0x2c c:/ti/gcc_arm_none_eabi_9_2_1/bin/../lib/gcc/arm-none-eabi/9.2.1/thumb/v6-m/nofp\libgcc.a(ledf2.o)
 .ARM.attributes
                0x000007d5       0x2c c:/ti/gcc_arm_none_eabi_9_2_1/bin/../lib/gcc/arm-none-eabi/9.2.1/thumb/v6-m/nofp\libgcc.a(muldf3.o)
 .ARM.attributes
                0x00000801       0x2c c:/ti/gcc_arm_none_eabi_9_2_1/bin/../lib/gcc/arm-none-eabi/9.2.1/thumb/v6-m/nofp\libgcc.a(subdf3.o)
 .ARM.attributes
                0x0000082d       0x2c c:/ti/gcc_arm_none_eabi_9_2_1/bin/../lib/gcc/arm-none-eabi/9.2.1/thumb/v6-m/nofp\libgcc.a(unorddf2.o)
 .ARM.attributes
                0x00000859       0x2c c:/ti/gcc_arm_none_eabi_9_2_1/bin/../lib/gcc/arm-none-eabi/9.2.1/thumb/v6-m/nofp\libgcc.a(fixdfsi.o)
 .ARM.attributes
                0x00000885       0x2c c:/ti/gcc_arm_none_eabi_9_2_1/bin/../lib/gcc/arm-none-eabi/9.2.1/thumb/v6-m/nofp\libgcc.a(floatsidf.o)
 .ARM.attributes
                0x000008b1       0x2c c:/ti/gcc_arm_none_eabi_9_2_1/bin/../lib/gcc/arm-none-eabi/9.2.1/thumb/v6-m/nofp\libgcc.a(floatunsidf.o)
 .ARM.attributes
                0x000008dd       0x1e c:/ti/gcc_arm_none_eabi_9_2_1/bin/../lib/gcc/arm-none-eabi/9.2.1/thumb/v6-m/nofp\libgcc.a(_clzdi2.o)

.debug_frame    0x00000000      0xdcc
 .debug_frame   0x00000000      0x140 ./LCD_internal_Temp.o
 .debug_frame   0x00000140       0x94 ./ti_msp_dl_config.o
 .debug_frame   0x000001d4       0x48 ./startup_mspm0g350x_gcc.o
 .debug_frame   0x0000021c       0x2c c:/ti/gcc_arm_none_eabi_9_2_1/bin/../lib/gcc/arm-none-eabi/9.2.1/thumb/v6-m/nofp\libgcc.a(extendsfdf2.o)
 .debug_frame   0x00000248       0x2c C:/ti/gcc_arm_none_eabi_9_2_1/arm-none-eabi/lib/thumb/v6-m/nofp\libc.a(lib_a-init.o)
 .debug_frame   0x00000274       0x48 C:/ti/gcc_arm_none_eabi_9_2_1/arm-none-eabi/lib/thumb/v6-m/nofp\libc.a(lib_a-sprintf.o)
 .debug_frame   0x000002bc       0x3c C:/ti/gcc_arm_none_eabi_9_2_1/arm-none-eabi/lib/thumb/v6-m/nofp\libc.a(lib_a-svfprintf.o)
 .debug_frame   0x000002f8       0x68 C:/ti/gcc_arm_none_eabi_9_2_1/arm-none-eabi/lib/thumb/v6-m/nofp\libc.a(lib_a-dtoa.o)
 .debug_frame   0x00000360       0x54 C:/ti/gcc_arm_none_eabi_9_2_1/arm-none-eabi/lib/thumb/v6-m/nofp\libc.a(lib_a-freer.o)
 .debug_frame   0x000003b4       0x40 C:/ti/gcc_arm_none_eabi_9_2_1/arm-none-eabi/lib/thumb/v6-m/nofp\libc.a(lib_a-localeconv.o)
 .debug_frame   0x000003f4       0x3c C:/ti/gcc_arm_none_eabi_9_2_1/arm-none-eabi/lib/thumb/v6-m/nofp\libc.a(lib_a-mallocr.o)
 .debug_frame   0x00000430       0x2c C:/ti/gcc_arm_none_eabi_9_2_1/arm-none-eabi/lib/thumb/v6-m/nofp\libc.a(lib_a-memchr-stub.o)
 .debug_frame   0x0000045c       0x34 C:/ti/gcc_arm_none_eabi_9_2_1/arm-none-eabi/lib/thumb/v6-m/nofp\libc.a(lib_a-memcpy-stub.o)
 .debug_frame   0x00000490       0x40 C:/ti/gcc_arm_none_eabi_9_2_1/arm-none-eabi/lib/thumb/v6-m/nofp\libc.a(lib_a-mlock.o)
 .debug_frame   0x000004d0      0x258 C:/ti/gcc_arm_none_eabi_9_2_1/arm-none-eabi/lib/thumb/v6-m/nofp\libc.a(lib_a-mprec.o)
 .debug_frame   0x00000728       0x2c C:/ti/gcc_arm_none_eabi_9_2_1/arm-none-eabi/lib/thumb/v6-m/nofp\libc.a(lib_a-s_frexp.o)
 .debug_frame   0x00000754       0x2c C:/ti/gcc_arm_none_eabi_9_2_1/arm-none-eabi/lib/thumb/v6-m/nofp\libc.a(lib_a-sbrkr.o)
 .debug_frame   0x00000780       0x28 C:/ti/gcc_arm_none_eabi_9_2_1/arm-none-eabi/lib/thumb/v6-m/nofp\libc.a(lib_a-strlen-stub.o)
 .debug_frame   0x000007a8       0x30 C:/ti/gcc_arm_none_eabi_9_2_1/arm-none-eabi/lib/thumb/v6-m/nofp\libc.a(lib_a-strncpy.o)
 .debug_frame   0x000007d8       0x68 C:/ti/gcc_arm_none_eabi_9_2_1/arm-none-eabi/lib/thumb/v6-m/nofp\libc.a(lib_a-svfiprintf.o)
 .debug_frame   0x00000840       0x28 C:/ti/gcc_arm_none_eabi_9_2_1/arm-none-eabi/lib/thumb/v6-m/nofp\libc.a(lib_a-callocr.o)
 .debug_frame   0x00000868       0x54 C:/ti/gcc_arm_none_eabi_9_2_1/arm-none-eabi/lib/thumb/v6-m/nofp\libc.a(lib_a-locale.o)
 .debug_frame   0x000008bc       0xb0 C:/ti/gcc_arm_none_eabi_9_2_1/arm-none-eabi/lib/thumb/v6-m/nofp\libc.a(lib_a-lock.o)
 .debug_frame   0x0000096c       0x40 C:/ti/gcc_arm_none_eabi_9_2_1/arm-none-eabi/lib/thumb/v6-m/nofp\libc.a(lib_a-mbtowc_r.o)
 .debug_frame   0x000009ac       0x34 C:/ti/gcc_arm_none_eabi_9_2_1/arm-none-eabi/lib/thumb/v6-m/nofp\libc.a(lib_a-memmove.o)
 .debug_frame   0x000009e0       0x30 C:/ti/gcc_arm_none_eabi_9_2_1/arm-none-eabi/lib/thumb/v6-m/nofp\libc.a(lib_a-memset.o)
 .debug_frame   0x00000a10       0x3c C:/ti/gcc_arm_none_eabi_9_2_1/arm-none-eabi/lib/thumb/v6-m/nofp\libc.a(lib_a-reallocr.o)
 .debug_frame   0x00000a4c       0x48 C:/ti/gcc_arm_none_eabi_9_2_1/arm-none-eabi/lib/thumb/v6-m/nofp\libc.a(lib_a-reent.o)
 .debug_frame   0x00000a94       0x20 C:/ti/gcc_arm_none_eabi_9_2_1/arm-none-eabi/lib/thumb/v6-m/nofp\libc.a(lib_a-strcmp.o)
 .debug_frame   0x00000ab4       0x3c C:/ti/gcc_arm_none_eabi_9_2_1/arm-none-eabi/lib/thumb/v6-m/nofp\libc.a(lib_a-wctomb_r.o)
 .debug_frame   0x00000af0       0x20 C:/ti/gcc_arm_none_eabi_9_2_1/arm-none-eabi/lib/thumb/v6-m/nofp\libnosys.a(sbrk.o)
 .debug_frame   0x00000b10       0x20 c:/ti/gcc_arm_none_eabi_9_2_1/bin/../lib/gcc/arm-none-eabi/9.2.1/thumb/v6-m/nofp\libgcc.a(_udivsi3.o)
 .debug_frame   0x00000b30       0x20 c:/ti/gcc_arm_none_eabi_9_2_1/bin/../lib/gcc/arm-none-eabi/9.2.1/thumb/v6-m/nofp\libgcc.a(_divsi3.o)
 .debug_frame   0x00000b50       0x3c c:/ti/gcc_arm_none_eabi_9_2_1/bin/../lib/gcc/arm-none-eabi/9.2.1/thumb/v6-m/nofp\libgcc.a(_udivmoddi4.o)
 .debug_frame   0x00000b8c       0x38 c:/ti/gcc_arm_none_eabi_9_2_1/bin/../lib/gcc/arm-none-eabi/9.2.1/thumb/v6-m/nofp\libgcc.a(adddf3.o)
 .debug_frame   0x00000bc4       0x3c c:/ti/gcc_arm_none_eabi_9_2_1/bin/../lib/gcc/arm-none-eabi/9.2.1/thumb/v6-m/nofp\libgcc.a(divdf3.o)
 .debug_frame   0x00000c00       0x38 c:/ti/gcc_arm_none_eabi_9_2_1/bin/../lib/gcc/arm-none-eabi/9.2.1/thumb/v6-m/nofp\libgcc.a(eqdf2.o)
 .debug_frame   0x00000c38       0x38 c:/ti/gcc_arm_none_eabi_9_2_1/bin/../lib/gcc/arm-none-eabi/9.2.1/thumb/v6-m/nofp\libgcc.a(gedf2.o)
 .debug_frame   0x00000c70       0x38 c:/ti/gcc_arm_none_eabi_9_2_1/bin/../lib/gcc/arm-none-eabi/9.2.1/thumb/v6-m/nofp\libgcc.a(ledf2.o)
 .debug_frame   0x00000ca8       0x3c c:/ti/gcc_arm_none_eabi_9_2_1/bin/../lib/gcc/arm-none-eabi/9.2.1/thumb/v6-m/nofp\libgcc.a(muldf3.o)
 .debug_frame   0x00000ce4       0x3c c:/ti/gcc_arm_none_eabi_9_2_1/bin/../lib/gcc/arm-none-eabi/9.2.1/thumb/v6-m/nofp\libgcc.a(subdf3.o)
 .debug_frame   0x00000d20       0x2c c:/ti/gcc_arm_none_eabi_9_2_1/bin/../lib/gcc/arm-none-eabi/9.2.1/thumb/v6-m/nofp\libgcc.a(unorddf2.o)
 .debug_frame   0x00000d4c       0x2c c:/ti/gcc_arm_none_eabi_9_2_1/bin/../lib/gcc/arm-none-eabi/9.2.1/thumb/v6-m/nofp\libgcc.a(fixdfsi.o)
 .debug_frame   0x00000d78       0x2c c:/ti/gcc_arm_none_eabi_9_2_1/bin/../lib/gcc/arm-none-eabi/9.2.1/thumb/v6-m/nofp\libgcc.a(floatsidf.o)
 .debug_frame   0x00000da4       0x28 c:/ti/gcc_arm_none_eabi_9_2_1/bin/../lib/gcc/arm-none-eabi/9.2.1/thumb/v6-m/nofp\libgcc.a(floatunsidf.o)
