******************************************************************************
            TI ARM Clang Linker PC v3.2.2                      
******************************************************************************
>> Linked Sun Oct  6 15:57:39 2024

OUTPUT FILE NAME:   <adc12_internal_temp_sensor_mathacl_LP_MSPM0G3507_nortos_ticlang.out>
ENTRY POINT SYMBOL: "_c_int00_noargs"  address: 00002c41


MEMORY CONFIGURATION

         name            origin    length      used     unused   attr    fill
----------------------  --------  ---------  --------  --------  ----  --------
  FLASH                 00000000   00020000  00003090  0001cf70  R  X
  SRAM                  20200000   00008000  00000da6  0000725a  RW X
  BCR_CONFIG            41c00000   00000080  00000000  00000080  R   
  BSL_CONFIG            41c00100   00000080  00000000  00000080  R   


SEGMENT ALLOCATION MAP

run origin  load origin   length   init length attrs members
----------  ----------- ---------- ----------- ----- -------
00000000    00000000    00002e98   00002e98    r-x
  00000000    00000000    000000c0   000000c0    r-- .intvecs
  000000c0    000000c0    00002dd8   00002dd8    r-x .text
00002ea0    00002ea0    000001f8   000001f8    r--
  00002ea0    00002ea0    00000170   00000170    r-- .rodata
  00003010    00003010    00000088   00000088    r-- .cinit
20200000    20200000    00000ba9   00000000    rw-
  20200000    20200000    00000800   00000000    rw- .sysmem
  20200800    20200800    000001d5   00000000    rw- .bss
  202009d8    202009d8    000001d1   00000000    rw- .data
20207e00    20207e00    00000200   00000000    rw-
  20207e00    20207e00    00000200   00000000    rw- .stack


SECTION ALLOCATION MAP

 output                                  attributes/
section   page    origin      length       input sections
--------  ----  ----------  ----------   ----------------
.intvecs   0    00000000    000000c0     
                  00000000    000000c0     startup_mspm0g350x_ticlang.o (.intvecs)

.text      0    000000c0    00002dd8     
                  000000c0    00000a00     libc.a : _printfi.c.obj (.text:__TI_printfi)
                  00000ac0    00000220            : _printfi.c.obj (.text._pconv_a)
                  00000ce0    000001dc            : _printfi.c.obj (.text._pconv_g)
                  00000ebc    00000192     libclang_rt.builtins.a : adddf3.S.obj (.text.adddf3_subdf3)
                  0000104e    00000002     startup_mspm0g350x_ticlang.o (.text.Default_Handler)
                  00001050    00000150     adc12_internal_temp_sensor_mathacl.o (.text.main)
                  000011a0    0000013c     libc.a : _printfi.c.obj (.text.fcvt)
                  000012dc    0000012c            : memory.c.obj (.text.aligned_alloc)
                  00001408    00000120            : _printfi.c.obj (.text._pconv_e)
                  00001528    0000010c     libclang_rt.builtins.a : divdf3.S.obj (.text.__divdf3)
                  00001634    00000104     libc.a : fputs.c.obj (.text.fputs)
                  00001738    000000ec            : memory.c.obj (.text.free)
                  00001824    000000e4     libclang_rt.builtins.a : muldf3.S.obj (.text.__muldf3)
                  00001908    000000dc     libc.a : setvbuf.c.obj (.text.setvbuf)
                  000019e4    000000d8            : s_scalbn.c.obj (.text.scalbn)
                  00001abc    000000a2     libclang_rt.builtins.a : udivmoddi4.S.obj (.text)
                  00001b5e    00000002     ti_msp_dl_config.o (.text.SYSCFG_DL_GPIO_init)
                  00001b60    0000009c     libc.a : fputc.c.obj (.text.fputc)
                  00001bfc    0000009a            : memcpy16.S.obj (.text:memcpy)
                  00001c96    0000008c     iqmath.a : _IQNtoF.o (.text.__IQNtoF)
                  00001d22    00000002     libclang_rt.builtins.a : aeabi_div0.c.obj (.text.__aeabi_idiv0)
                  00001d24    0000007c     libc.a : fclose.c.obj (.text.__TI_closefile)
                  00001da0    00000078            : copy_decompress_lzss.c.obj (.text:decompress:lzss)
                  00001e18    00000070     libclang_rt.builtins.a : comparedf2.c.obj (.text.__gedf2)
                  00001e88    0000006c     libsysbm.a : hostlseek.c.obj (.text.HOSTlseek)
                  00001ef4    0000006c                : hostrename.c.obj (.text.HOSTrename)
                  00001f60    0000006c     libclang_rt.builtins.a : comparedf2.c.obj (.text.__ledf2)
                  00001fcc    0000006c     libc.a : fseek.c.obj (.text.fseeko)
                  00002038    00000068            : getdevice.c.obj (.text.getdevice)
                  000020a0    00000066            : _printfi.c.obj (.text._mcpy)
                  00002106    00000064            : _io_perm.c.obj (.text.__TI_wrt_ok)
                  0000216a    00000002     libclang_rt.builtins.a : aeabi_div0.c.obj (.text.__aeabi_ldiv0)
                  0000216c    00000064     libc.a : memory.c.obj (.text.split)
                  000021d0    00000062     libclang_rt.builtins.a : aeabi_dcmp.S.obj (.text.__aeabi_dcmp)
                  00002232    00000062     libc.a : memset16.S.obj (.text:memset)
                  00002294    00000060     libsysbm.a : hostopen.c.obj (.text.HOSTopen)
                  000022f4    00000060     ti_msp_dl_config.o (.text.SYSCFG_DL_ADC12_0_init)
                  00002354    0000005c     libc.a : s_frexp.c.obj (.text.frexp)
                  000023b0    0000005c            : printf.c.obj (.text.printf)
                  0000240c    00000058     libsysbm.a : hostread.c.obj (.text.HOSTread)
                  00002464    00000058                : hostwrite.c.obj (.text.HOSTwrite)
                  000024bc    00000058     libc.a : _ltoa.c.obj (.text.__TI_ltoa)
                  00002514    00000058            : _printfi.c.obj (.text._pconv_f)
                  0000256c    00000056     libclang_rt.builtins.a : aeabi_idivmod.S.obj (.text.__aeabi_idivmod)
                  000025c2    00000052     libc.a : fflush.c.obj (.text.__TI_doflush)
                  00002614    00000052            : _printfi.c.obj (.text._ecpy)
                  00002666    00000002            : _lock.c.obj (.text._nop)
                  00002668    00000050     libsysbm.a : close.c.obj (.text.close)
                  000026b8    0000004c     driverlib.a : dl_adc12.o (.text.DL_ADC12_setClockConfig)
                  00002704    0000004a     libclang_rt.builtins.a : fixdfsi.S.obj (.text.__fixdfsi)
                  0000274e    00000002     --HOLE-- [fill = 0]
                  00002750    00000048     libsysbm.a : hostclose.c.obj (.text.HOSTclose)
                  00002798    00000048                : hostunlink.c.obj (.text.HOSTunlink)
                  000027e0    00000040     ti_msp_dl_config.o (.text.SYSCFG_DL_SYSCTL_init)
                  00002820    00000040     ti_msp_dl_config.o (.text.SYSCFG_DL_initPower)
                  00002860    00000040     libclang_rt.builtins.a : aeabi_uidivmod.S.obj (.text.__aeabi_uidivmod)
                  000028a0    00000040                            : extendsfdf2.S.obj (.text.__extendsfdf2)
                  000028e0    00000040     libc.a : atoi.c.obj (.text.atoi)
                  00002920    0000003c     iqmath.a : _IQNdiv.o (.text.__IQNdiv_MathACL)
                  0000295c    0000003c              : _IQNmpy.o (.text.__IQNmpy)
                  00002998    0000003c     libc.a : autoinit.c.obj (.text:__TI_auto_init_nobinit_nopinit)
                  000029d4    0000003a     libclang_rt.builtins.a : muldsi3.S.obj (.text.__muldsi3)
                  00002a0e    00000002     --HOLE-- [fill = 0]
                  00002a10    00000038     libc.a : getdevice.c.obj (.text.finddevice)
                  00002a48    00000034            : fopen.c.obj (.text.__TI_cleanup)
                  00002a7c    00000034     libsysbm.a : trgmsg.c.obj (.text.__TI_readmsg)
                  00002ab0    00000034                : trgmsg.c.obj (.text.__TI_writemsg)
                  00002ae4    00000034     libc.a : exit.c.obj (.text.exit)
                  00002b18    00000030            : _printfi.c.obj (.text._fcpy)
                  00002b48    0000002c     libclang_rt.builtins.a : floatsidf.S.obj (.text.__floatsidf)
                  00002b74    0000002c     libsysbm.a : unlink.c.obj (.text.unlink)
                  00002ba0    00000028     driverlib.a : dl_adc12.o (.text.DL_Common_updateReg)
                  00002bc8    00000028     libc.a : memory.c.obj (.text.free_list_insert)
                  00002bf0    00000028     libsysbm.a : lseek.c.obj (.text.lseek)
                  00002c18    00000028                : write.c.obj (.text.write)
                  00002c40    00000028     libc.a : boot_cortex_m.c.obj (.text:_c_int00_noargs)
                  00002c68    00000024     libclang_rt.builtins.a : muldi3.S.obj (.text.__muldi3)
                  00002c8c    00000022     libc.a : memccpy.c.obj (.text.memccpy)
                  00002cae    00000002     --HOLE-- [fill = 0]
                  00002cb0    0000001e     libclang_rt.builtins.a : ashldi3.S.obj (.text.__ashldi3)
                  00002cce    00000002     --HOLE-- [fill = 0]
                  00002cd0    0000001c     adc12_internal_temp_sensor_mathacl.o (.text.ADC0_IRQHandler)
                  00002cec    0000001c     libc.a : memory.c.obj (.text.free_list_remove)
                  00002d08    00000016     iqmath.a : _IQNdiv.o (.text._IQ15div)
                  00002d1e    00000016              : _IQNmpy.o (.text._IQ15mpy)
                  00002d34    00000016     libc.a : copy_zero_init.c.obj (.text:decompress:ZI:__TI_zero_init_nomemset)
                  00002d4a    00000014     driverlib.a : dl_common.o (.text.DL_Common_delayCycles)
                  00002d5e    00000014     ti_msp_dl_config.o (.text.SYSCFG_DL_init)
                  00002d72    00000002     --HOLE-- [fill = 0]
                  00002d74    00000014     libclang_rt.builtins.a : aeabi_uldivmod.S.obj (.text.__aeabi_uldivmod)
                  00002d88    00000014     libc.a : _printfi.c.obj (.text.strchr)
                  00002d9c    00000012     iqmath.a : _IQNtoF.o (.text._IQ15toF)
                  00002dae    00000012     libsysbm.a : hostrename.c.obj (.text.strcpy)
                  00002dc0    00000012     libc.a : copy_decompress_none.c.obj (.text:decompress:none)
                  00002dd2    00000010            : wcslen.c.obj (.text.wcslen)
                  00002de2    0000000e            : memory.c.obj (.text.OUTLINED_FUNCTION_0)
                  00002df0    0000000e     libclang_rt.builtins.a : aeabi_memset.S.obj (.text.__aeabi_memset)
                  00002dfe    0000000e     libc.a : _printfi.c.obj (.text.strlen)
                  00002e0c    0000000e     libsysbm.a : hostrename.c.obj (.text.strlen)
                  00002e1a    00000002     --HOLE-- [fill = 0]
                  00002e1c    0000000c     libclang_rt.builtins.a : aeabi_memset.S.obj (.text.__aeabi_memclr)
                  00002e28    0000000c     libc.a : memory.c.obj (.text.malloc)
                  00002e34    0000000a            : _printfi.c.obj (.text.OUTLINED_FUNCTION_0)
                  00002e3e    00000002     --HOLE-- [fill = 0]
                  00002e40    00000010     libclang_rt.builtins.a : adddf3.S.obj (.tramp.__aeabi_dsub.1)
                  00002e50    0000000a     libc.a : _printfi.c.obj (.text.OUTLINED_FUNCTION_1)
                  00002e5a    00000002     --HOLE-- [fill = 0]
                  00002e5c    00000008            : aeabi_portable.c.obj (.text.__aeabi_errno_addr)
                  00002e64    00000008     libclang_rt.builtins.a : aeabi_memcpy.S.obj (.text.__aeabi_memcpy)
                  00002e6c    00000008     libc.a : printf.c.obj (.text._outc)
                  00002e74    00000008            : printf.c.obj (.text._outs)
                  00002e7c    00000008            : fseek.c.obj (.text.fseek)
                  00002e84    00000008     libsysbm.a : remove.c.obj (.text.remove)
                  00002e8c    00000004     startup_mspm0g350x_ticlang.o (.text.Reset_Handler)
                  00002e90    00000004     libc.a : pre_init.c.obj (.text._system_pre_init)
                  00002e94    00000004            : exit.c.obj (.text:abort)

.cinit     0    00003010    00000088     
                  00003010    0000005e     (.cinit..data.load) [load image, compression = lzss]
                  0000306e    00000002     --HOLE-- [fill = 0]
                  00003070    0000000c     (__TI_handler_table)
                  0000307c    00000008     (.cinit..bss.load) [load image, compression = zero_init]
                  00003084    00000010     (__TI_cinit_table)
                  00003094    00000004     --HOLE-- [fill = 0]

.rodata    0    00002ea0    00000170     
                  00002ea0    00000101     libc.a : aeabi_ctype.S.obj (.rodata:__aeabi_ctype_table_)
                  00002fa1    0000001f     adc12_internal_temp_sensor_mathacl.o (.rodata.str1.180576825142211645021)
                  00002fc0    0000001c     adc12_internal_temp_sensor_mathacl.o (.rodata.str1.136133951135532760761)
                  00002fdc    00000011     libc.a : _printfi.c.obj (.rodata.str1.11645776875810915891)
                  00002fed    00000011            : _printfi.c.obj (.rodata.str1.44690500295887128011)
                  00002ffe    00000002     --HOLE-- [fill = 0]
                  00003000    00000008     ti_msp_dl_config.o (.rodata.gADC12_0ClockConfig)
                  00003008    00000008     --HOLE-- [fill = 0]

.init_array 
*          0    00000000    00000000     UNINITIALIZED

.binit     0    00000000    00000000     

.sysmem    0    20200000    00000800     UNINITIALIZED
                  20200000    00000010     libc.a : memory.c.obj (.sysmem)
                  20200010    000007f0     --HOLE--

.bss       0    20200800    000001d5     UNINITIALIZED
                  20200800    00000120     libsysbm.a : trgmsg.c.obj (.bss:_CIOBUF_)
                  20200920    000000a0     libc.a : defs.c.obj (.bss.__TI_tmpnams)
                  202009c0    00000008     libsysbm.a : hostopen.c.obj (.bss.parmbuf)
                  202009c8    00000004     libc.a : memory.c.obj (.bss.sys_free)
                  202009cc    00000004     (.common:gTemperatureDegC)
                  202009d0    00000004     (.common:gTemperatureDegF)
                  202009d4    00000001     (.common:gCheckADC)

.data      0    202009d8    000001d1     UNINITIALIZED
                  202009d8    000000f0     libc.a : defs.c.obj (.data._ftable)
                  20200ac8    00000078     libsysbm.a : host_device.c.obj (.data._device)
                  20200b40    00000050                : host_device.c.obj (.data._stream)
                  20200b90    00000008     libc.a : exit.c.obj (.data..L_MergedGlobals)
                  20200b98    00000004            : defs.c.obj (.data.__TI_ft_end)
                  20200b9c    00000004            : aeabi_portable.c.obj (.data.__aeabi_errno)
                  20200ba0    00000004            : _lock.c.obj (.data._lock)
                  20200ba4    00000004            : _lock.c.obj (.data._unlock)
                  20200ba8    00000001            : memory.c.obj (.data.memory_is_initialized)

.stack     0    20207e00    00000200     UNINITIALIZED
                  20207e00    00000004     libc.a : boot_cortex_m.c.obj (.stack)
                  20207e04    000001fc     --HOLE--

__llvm_prf_cnts 
*          0    20200000    00000000     UNINITIALIZED

__llvm_prf_bits 
*          0    20200000    00000000     UNINITIALIZED

MODULE SUMMARY

       Module                                 code    ro data   rw data
       ------                                 ----    -------   -------
    .\
       adc12_internal_temp_sensor_mathacl.o   364     59        9      
       ti_msp_dl_config.o                     246     8         0      
       startup_mspm0g350x_ticlang.o           6       192       0      
    +--+--------------------------------------+-------+---------+---------+
       Total:                                 616     259       9      
                                                                       
    C:/ti/mspm0_sdk_2_02_00_05/source/ti/driverlib/lib/ticlang/m0p/mspm0g1x0x_g3x0x/driverlib.a
       dl_adc12.o                             116     0         0      
       dl_common.o                            20      0         0      
    +--+--------------------------------------+-------+---------+---------+
       Total:                                 136     0         0      
                                                                       
    C:/ti/mspm0_sdk_2_02_00_05/source/ti/iqmath/lib/ticlang/m0p/mathacl/mspm0g1x0x_g3x0x/iqmath.a
       _IQNtoF.o                              158     0         0      
       _IQNdiv.o                              82      0         0      
       _IQNmpy.o                              82      0         0      
    +--+--------------------------------------+-------+---------+---------+
       Total:                                 322     0         0      
                                                                       
    C:\ti\ccs1271\ccs\tools\compiler\ti-cgt-armllvm_3.2.2.LTS\lib\armv6m-ti-none-eabi/c/libc.a
       _printfi.c.obj                         4558    34        0      
       memory.c.obj                           730     0         5      
       defs.c.obj                             0       0         404    
       fputs.c.obj                            260     0         0      
       aeabi_ctype.S.obj                      0       257       0      
       setvbuf.c.obj                          220     0         0      
       s_scalbn.c.obj                         216     0         0      
       getdevice.c.obj                        160     0         0      
       fputc.c.obj                            156     0         0      
       memcpy16.S.obj                         154     0         0      
       fclose.c.obj                           124     0         0      
       copy_decompress_lzss.c.obj             120     0         0      
       fseek.c.obj                            116     0         0      
       printf.c.obj                           108     0         0      
       _io_perm.c.obj                         100     0         0      
       memset16.S.obj                         98      0         0      
       s_frexp.c.obj                          92      0         0      
       _ltoa.c.obj                            88      0         0      
       fflush.c.obj                           82      0         0      
       atoi.c.obj                             64      0         0      
       exit.c.obj                             56      0         8      
       autoinit.c.obj                         60      0         0      
       fopen.c.obj                            52      0         0      
       boot_cortex_m.c.obj                    40      0         0      
       memccpy.c.obj                          34      0         0      
       copy_zero_init.c.obj                   22      0         0      
       copy_decompress_none.c.obj             18      0         0      
       wcslen.c.obj                           16      0         0      
       aeabi_portable.c.obj                   8       0         4      
       _lock.c.obj                            2       0         8      
       pre_init.c.obj                         4       0         0      
    +--+--------------------------------------+-------+---------+---------+
       Total:                                 7758    291       429    
                                                                       
    C:\ti\ccs1271\ccs\tools\compiler\ti-cgt-armllvm_3.2.2.LTS\lib\armv6m-ti-none-eabi/c/libsysbm.a
       trgmsg.c.obj                           104     0         288    
       host_device.c.obj                      0       0         200    
       hostrename.c.obj                       140     0         0      
       hostlseek.c.obj                        108     0         0      
       hostopen.c.obj                         96      0         8      
       hostread.c.obj                         88      0         0      
       hostwrite.c.obj                        88      0         0      
       close.c.obj                            80      0         0      
       hostclose.c.obj                        72      0         0      
       hostunlink.c.obj                       72      0         0      
       unlink.c.obj                           44      0         0      
       lseek.c.obj                            40      0         0      
       write.c.obj                            40      0         0      
       remove.c.obj                           8       0         0      
    +--+--------------------------------------+-------+---------+---------+
       Total:                                 980     0         496    
                                                                       
    C:\ti\ccs1271\ccs\tools\compiler\ti-cgt-armllvm_3.2.2.LTS\lib\clang/15.0.7/lib/armv6m-ti-none-eabi/libclang_rt.builtins.a
       adddf3.S.obj                           418     0         0      
       divdf3.S.obj                           268     0         0      
       muldf3.S.obj                           228     0         0      
       comparedf2.c.obj                       220     0         0      
       udivmoddi4.S.obj                       162     0         0      
       aeabi_dcmp.S.obj                       98      0         0      
       aeabi_idivmod.S.obj                    86      0         0      
       fixdfsi.S.obj                          74      0         0      
       aeabi_uidivmod.S.obj                   64      0         0      
       extendsfdf2.S.obj                      64      0         0      
       muldsi3.S.obj                          58      0         0      
       floatsidf.S.obj                        44      0         0      
       muldi3.S.obj                           36      0         0      
       ashldi3.S.obj                          30      0         0      
       aeabi_memset.S.obj                     26      0         0      
       aeabi_uldivmod.S.obj                   20      0         0      
       aeabi_memcpy.S.obj                     8       0         0      
       aeabi_div0.c.obj                       4       0         0      
    +--+--------------------------------------+-------+---------+---------+
       Total:                                 1908    0         0      
                                                                       
       Heap:                                  0       0         2048   
       Stack:                                 0       0         512    
       Linker Generated:                      0       130       0      
    +--+--------------------------------------+-------+---------+---------+
       Grand Total:                           11720   680       3494   


LINKER GENERATED COPY TABLES

__TI_cinit_table @ 00003084 records: 2, size/record: 8, table size: 16
	.data: load addr=00003010, load size=0000005e bytes, run addr=202009d8, run size=000001d1 bytes, compression=lzss
	.bss: load addr=0000307c, load size=00000008 bytes, run addr=20200800, run size=000001d5 bytes, compression=zero_init


LINKER GENERATED HANDLER TABLE

__TI_handler_table @ 00003070 records: 3, size/record: 4, table size: 12
	index: 0, handler: __TI_decompress_lzss
	index: 1, handler: __TI_decompress_none
	index: 2, handler: __TI_zero_init


FAR CALL TRAMPOLINES

callee name               trampoline name
   callee addr  tramp addr   call addr  call info
--------------  -----------  ---------  ----------------
__aeabi_dsub              $Tramp$TT$L$PI$$__aeabi_dsub
   00000ebd     00002e40     00002e3c   libc.a : _printfi.c.obj (.text.OUTLINED_FUNCTION_0)

[1 trampolines]
[1 trampoline calls]


GLOBAL SYMBOLS: SORTED ALPHABETICALLY BY Name 

address   name                          
-------   ----                          
00002cd1  ADC0_IRQHandler               
0000104f  ADC1_IRQHandler               
0000104f  AES_IRQHandler                
00002e94  C$$EXIT                       
00002add  C$$IO$$                       
0000104f  CANFD0_IRQHandler             
0000104f  DAC0_IRQHandler               
000026b9  DL_ADC12_setClockConfig       
00002d4b  DL_Common_delayCycles         
0000104f  DMA_IRQHandler                
0000104f  Default_Handler               
0000104f  GROUP0_IRQHandler             
0000104f  GROUP1_IRQHandler             
00002751  HOSTclose                     
00001e89  HOSTlseek                     
00002295  HOSTopen                      
0000240d  HOSTread                      
00001ef5  HOSTrename                    
00002799  HOSTunlink                    
00002465  HOSTwrite                     
0000104f  HardFault_Handler             
0000104f  I2C0_IRQHandler               
0000104f  I2C1_IRQHandler               
0000104f  NMI_Handler                   
0000104f  PendSV_Handler                
0000104f  RTC_IRQHandler                
00002e8d  Reset_Handler                 
0000104f  SPI0_IRQHandler               
0000104f  SPI1_IRQHandler               
0000104f  SVC_Handler                   
000022f5  SYSCFG_DL_ADC12_0_init        
00001b5f  SYSCFG_DL_GPIO_init           
000027e1  SYSCFG_DL_SYSCTL_init         
00002d5f  SYSCFG_DL_init                
00002821  SYSCFG_DL_initPower           
0000104f  SysTick_Handler               
0000104f  TIMA0_IRQHandler              
0000104f  TIMA1_IRQHandler              
0000104f  TIMG0_IRQHandler              
0000104f  TIMG12_IRQHandler             
0000104f  TIMG6_IRQHandler              
0000104f  TIMG7_IRQHandler              
0000104f  TIMG8_IRQHandler              
0000104f  UART0_IRQHandler              
0000104f  UART1_IRQHandler              
0000104f  UART2_IRQHandler              
0000104f  UART3_IRQHandler              
20200800  _CIOBUF_                      
00002d09  _IQ15div                      
00002d1f  _IQ15mpy                      
00002d9d  _IQ15toF                      
20200800  __CIOBUF_                     
20208000  __STACK_END                   
00000200  __STACK_SIZE                  
00000800  __SYSMEM_SIZE                 
00000000  __TI_ATRegion0_region_sz      
00000000  __TI_ATRegion0_src_addr       
00000000  __TI_ATRegion0_trg_addr       
00000000  __TI_ATRegion1_region_sz      
00000000  __TI_ATRegion1_src_addr       
00000000  __TI_ATRegion1_trg_addr       
00000000  __TI_ATRegion2_region_sz      
00000000  __TI_ATRegion2_src_addr       
00000000  __TI_ATRegion2_trg_addr       
00003084  __TI_CINIT_Base               
00003094  __TI_CINIT_Limit              
00003094  __TI_CINIT_Warm               
00003070  __TI_Handler_Table_Base       
0000307c  __TI_Handler_Table_Limit      
00002999  __TI_auto_init_nobinit_nopinit
00002a49  __TI_cleanup                  
20200b90  __TI_cleanup_ptr              
00001d25  __TI_closefile                
00001da1  __TI_decompress_lzss          
00002dc1  __TI_decompress_none          
000025c3  __TI_doflush                  
20200b94  __TI_dtors_ptr                
20200b98  __TI_ft_end                   
000024bd  __TI_ltoa                     
ffffffff  __TI_pprof_out_hndl           
000000c1  __TI_printfi                  
ffffffff  __TI_prof_data_size           
ffffffff  __TI_prof_data_start          
00002a7d  __TI_readmsg                  
00000000  __TI_static_base__            
20200920  __TI_tmpnams                  
00002ab1  __TI_writemsg                 
00002107  __TI_wrt_ok                   
00002d35  __TI_zero_init_nomemset       
00000ec7  __adddf3                      
00002ea0  __aeabi_ctype_table_          
00002ea0  __aeabi_ctype_table_C         
00002705  __aeabi_d2iz                  
00000ec7  __aeabi_dadd                  
000021d1  __aeabi_dcmpeq                
0000220d  __aeabi_dcmpge                
00002221  __aeabi_dcmpgt                
000021f9  __aeabi_dcmple                
000021e5  __aeabi_dcmplt                
00001529  __aeabi_ddiv                  
00001825  __aeabi_dmul                  
00000ebd  __aeabi_dsub                  
20200b9c  __aeabi_errno                 
00002e5d  __aeabi_errno_addr            
000028a1  __aeabi_f2d                   
00002b49  __aeabi_i2d                   
0000256d  __aeabi_idiv                  
00001d23  __aeabi_idiv0                 
0000256d  __aeabi_idivmod               
0000216b  __aeabi_ldiv0                 
00002cb1  __aeabi_llsl                  
00002c69  __aeabi_lmul                  
00002e1d  __aeabi_memclr                
00002e1d  __aeabi_memclr4               
00002e1d  __aeabi_memclr8               
00002e65  __aeabi_memcpy                
00002e65  __aeabi_memcpy4               
00002e65  __aeabi_memcpy8               
00002df1  __aeabi_memset                
00002df1  __aeabi_memset4               
00002df1  __aeabi_memset8               
00002861  __aeabi_uidiv                 
00002861  __aeabi_uidivmod              
00002d75  __aeabi_uldivmod              
00002cb1  __ashldi3                     
ffffffff  __binit__                     
00001f61  __cmpdf2                      
00001529  __divdf3                      
00001f61  __eqdf2                       
000028a1  __extendsfdf2                 
00002705  __fixdfsi                     
00002b49  __floatsidf                   
00001e19  __gedf2                       
00001e19  __gtdf2                       
00001f61  __ledf2                       
00001f61  __ltdf2                       
UNDEFED   __mpu_init                    
00001825  __muldf3                      
00002c69  __muldi3                      
000029d5  __muldsi3                     
00001f61  __nedf2                       
20207e00  __stack                       
20200000  __start___llvm_prf_bits       
20200000  __start___llvm_prf_cnts       
20200000  __stop___llvm_prf_bits        
20200000  __stop___llvm_prf_cnts        
00000ebd  __subdf3                      
00001abd  __udivmoddi4                  
00002c41  _c_int00_noargs               
20200ac8  _device                       
202009d8  _ftable                       
20200ba0  _lock                         
00002667  _nop                          
20200b40  _stream                       
20200000  _sys_memory                   
UNDEFED   _system_post_cinit            
00002e91  _system_pre_init              
20200ba4  _unlock                       
00002e95  abort                         
000012dd  aligned_alloc                 
000028e1  atoi                          
ffffffff  binit                         
00002669  close                         
00002ae5  exit                          
00002a11  finddevice                    
00001b61  fputc                         
00001635  fputs                         
00001739  free                          
00002355  frexp                         
00002355  frexpl                        
00002e7d  fseek                         
00001fcd  fseeko                        
202009d4  gCheckADC                     
202009cc  gTemperatureDegC              
202009d0  gTemperatureDegF              
00002039  getdevice                     
00000000  interruptVectors              
000019e5  ldexp                         
000019e5  ldexpl                        
00002bf1  lseek                         
00001051  main                          
00002e29  malloc                        
000012dd  memalign                      
00002c8d  memccpy                       
00001bfd  memcpy                        
00002233  memset                        
202009c0  parmbuf                       
000023b1  printf                        
00002e85  remove                        
000019e5  scalbn                        
000019e5  scalbnl                       
00001909  setvbuf                       
00002b75  unlink                        
00002dd3  wcslen                        
00002c19  write                         


GLOBAL SYMBOLS: SORTED BY Symbol Address 

address   name                          
-------   ----                          
00000000  __TI_ATRegion0_region_sz      
00000000  __TI_ATRegion0_src_addr       
00000000  __TI_ATRegion0_trg_addr       
00000000  __TI_ATRegion1_region_sz      
00000000  __TI_ATRegion1_src_addr       
00000000  __TI_ATRegion1_trg_addr       
00000000  __TI_ATRegion2_region_sz      
00000000  __TI_ATRegion2_src_addr       
00000000  __TI_ATRegion2_trg_addr       
00000000  __TI_static_base__            
00000000  interruptVectors              
000000c1  __TI_printfi                  
00000200  __STACK_SIZE                  
00000800  __SYSMEM_SIZE                 
00000ebd  __aeabi_dsub                  
00000ebd  __subdf3                      
00000ec7  __adddf3                      
00000ec7  __aeabi_dadd                  
0000104f  ADC1_IRQHandler               
0000104f  AES_IRQHandler                
0000104f  CANFD0_IRQHandler             
0000104f  DAC0_IRQHandler               
0000104f  DMA_IRQHandler                
0000104f  Default_Handler               
0000104f  GROUP0_IRQHandler             
0000104f  GROUP1_IRQHandler             
0000104f  HardFault_Handler             
0000104f  I2C0_IRQHandler               
0000104f  I2C1_IRQHandler               
0000104f  NMI_Handler                   
0000104f  PendSV_Handler                
0000104f  RTC_IRQHandler                
0000104f  SPI0_IRQHandler               
0000104f  SPI1_IRQHandler               
0000104f  SVC_Handler                   
0000104f  SysTick_Handler               
0000104f  TIMA0_IRQHandler              
0000104f  TIMA1_IRQHandler              
0000104f  TIMG0_IRQHandler              
0000104f  TIMG12_IRQHandler             
0000104f  TIMG6_IRQHandler              
0000104f  TIMG7_IRQHandler              
0000104f  TIMG8_IRQHandler              
0000104f  UART0_IRQHandler              
0000104f  UART1_IRQHandler              
0000104f  UART2_IRQHandler              
0000104f  UART3_IRQHandler              
00001051  main                          
000012dd  aligned_alloc                 
000012dd  memalign                      
00001529  __aeabi_ddiv                  
00001529  __divdf3                      
00001635  fputs                         
00001739  free                          
00001825  __aeabi_dmul                  
00001825  __muldf3                      
00001909  setvbuf                       
000019e5  ldexp                         
000019e5  ldexpl                        
000019e5  scalbn                        
000019e5  scalbnl                       
00001abd  __udivmoddi4                  
00001b5f  SYSCFG_DL_GPIO_init           
00001b61  fputc                         
00001bfd  memcpy                        
00001d23  __aeabi_idiv0                 
00001d25  __TI_closefile                
00001da1  __TI_decompress_lzss          
00001e19  __gedf2                       
00001e19  __gtdf2                       
00001e89  HOSTlseek                     
00001ef5  HOSTrename                    
00001f61  __cmpdf2                      
00001f61  __eqdf2                       
00001f61  __ledf2                       
00001f61  __ltdf2                       
00001f61  __nedf2                       
00001fcd  fseeko                        
00002039  getdevice                     
00002107  __TI_wrt_ok                   
0000216b  __aeabi_ldiv0                 
000021d1  __aeabi_dcmpeq                
000021e5  __aeabi_dcmplt                
000021f9  __aeabi_dcmple                
0000220d  __aeabi_dcmpge                
00002221  __aeabi_dcmpgt                
00002233  memset                        
00002295  HOSTopen                      
000022f5  SYSCFG_DL_ADC12_0_init        
00002355  frexp                         
00002355  frexpl                        
000023b1  printf                        
0000240d  HOSTread                      
00002465  HOSTwrite                     
000024bd  __TI_ltoa                     
0000256d  __aeabi_idiv                  
0000256d  __aeabi_idivmod               
000025c3  __TI_doflush                  
00002667  _nop                          
00002669  close                         
000026b9  DL_ADC12_setClockConfig       
00002705  __aeabi_d2iz                  
00002705  __fixdfsi                     
00002751  HOSTclose                     
00002799  HOSTunlink                    
000027e1  SYSCFG_DL_SYSCTL_init         
00002821  SYSCFG_DL_initPower           
00002861  __aeabi_uidiv                 
00002861  __aeabi_uidivmod              
000028a1  __aeabi_f2d                   
000028a1  __extendsfdf2                 
000028e1  atoi                          
00002999  __TI_auto_init_nobinit_nopinit
000029d5  __muldsi3                     
00002a11  finddevice                    
00002a49  __TI_cleanup                  
00002a7d  __TI_readmsg                  
00002ab1  __TI_writemsg                 
00002add  C$$IO$$                       
00002ae5  exit                          
00002b49  __aeabi_i2d                   
00002b49  __floatsidf                   
00002b75  unlink                        
00002bf1  lseek                         
00002c19  write                         
00002c41  _c_int00_noargs               
00002c69  __aeabi_lmul                  
00002c69  __muldi3                      
00002c8d  memccpy                       
00002cb1  __aeabi_llsl                  
00002cb1  __ashldi3                     
00002cd1  ADC0_IRQHandler               
00002d09  _IQ15div                      
00002d1f  _IQ15mpy                      
00002d35  __TI_zero_init_nomemset       
00002d4b  DL_Common_delayCycles         
00002d5f  SYSCFG_DL_init                
00002d75  __aeabi_uldivmod              
00002d9d  _IQ15toF                      
00002dc1  __TI_decompress_none          
00002dd3  wcslen                        
00002df1  __aeabi_memset                
00002df1  __aeabi_memset4               
00002df1  __aeabi_memset8               
00002e1d  __aeabi_memclr                
00002e1d  __aeabi_memclr4               
00002e1d  __aeabi_memclr8               
00002e29  malloc                        
00002e5d  __aeabi_errno_addr            
00002e65  __aeabi_memcpy                
00002e65  __aeabi_memcpy4               
00002e65  __aeabi_memcpy8               
00002e7d  fseek                         
00002e85  remove                        
00002e8d  Reset_Handler                 
00002e91  _system_pre_init              
00002e94  C$$EXIT                       
00002e95  abort                         
00002ea0  __aeabi_ctype_table_          
00002ea0  __aeabi_ctype_table_C         
00003070  __TI_Handler_Table_Base       
0000307c  __TI_Handler_Table_Limit      
00003084  __TI_CINIT_Base               
00003094  __TI_CINIT_Limit              
00003094  __TI_CINIT_Warm               
20200000  __start___llvm_prf_bits       
20200000  __start___llvm_prf_cnts       
20200000  __stop___llvm_prf_bits        
20200000  __stop___llvm_prf_cnts        
20200000  _sys_memory                   
20200800  _CIOBUF_                      
20200800  __CIOBUF_                     
20200920  __TI_tmpnams                  
202009c0  parmbuf                       
202009cc  gTemperatureDegC              
202009d0  gTemperatureDegF              
202009d4  gCheckADC                     
202009d8  _ftable                       
20200ac8  _device                       
20200b40  _stream                       
20200b90  __TI_cleanup_ptr              
20200b94  __TI_dtors_ptr                
20200b98  __TI_ft_end                   
20200b9c  __aeabi_errno                 
20200ba0  _lock                         
20200ba4  _unlock                       
20207e00  __stack                       
20208000  __STACK_END                   
ffffffff  __TI_pprof_out_hndl           
ffffffff  __TI_prof_data_size           
ffffffff  __TI_prof_data_start          
ffffffff  __binit__                     
ffffffff  binit                         
UNDEFED   __mpu_init                    
UNDEFED   _system_post_cinit            

[195 symbols]
